Component: ARM Compiler 5.06 update 7 (build 960) Tool: armlink [4d3601]

==============================================================================

Section Cross References

    startup_stm32f407xx.o(STACK) refers (Special) to heapauxi.o(.text) for __use_two_region_memory
    startup_stm32f407xx.o(HEAP) refers (Special) to heapauxi.o(.text) for __use_two_region_memory
    startup_stm32f407xx.o(RESET) refers (Special) to heapauxi.o(.text) for __use_two_region_memory
    startup_stm32f407xx.o(RESET) refers to startup_stm32f407xx.o(STACK) for __initial_sp
    startup_stm32f407xx.o(RESET) refers to startup_stm32f407xx.o(.text) for Reset_Handler
    startup_stm32f407xx.o(RESET) refers to stm32f4xx_it.o(i.NMI_Handler) for NMI_Handler
    startup_stm32f407xx.o(RESET) refers to stm32f4xx_it.o(i.HardFault_Handler) for HardFault_Handler
    startup_stm32f407xx.o(RESET) refers to stm32f4xx_it.o(i.MemManage_Handler) for MemManage_Handler
    startup_stm32f407xx.o(RESET) refers to stm32f4xx_it.o(i.BusFault_Handler) for BusFault_Handler
    startup_stm32f407xx.o(RESET) refers to stm32f4xx_it.o(i.UsageFault_Handler) for UsageFault_Handler
    startup_stm32f407xx.o(RESET) refers to stm32f4xx_it.o(i.SVC_Handler) for SVC_Handler
    startup_stm32f407xx.o(RESET) refers to stm32f4xx_it.o(i.DebugMon_Handler) for DebugMon_Handler
    startup_stm32f407xx.o(RESET) refers to stm32f4xx_it.o(i.PendSV_Handler) for PendSV_Handler
    startup_stm32f407xx.o(RESET) refers to stm32f4xx_it.o(i.SysTick_Handler) for SysTick_Handler
    startup_stm32f407xx.o(RESET) refers to stm32f4xx_it.o(i.SPI1_IRQHandler) for SPI1_IRQHandler
    startup_stm32f407xx.o(RESET) refers to stm32f4xx_it.o(i.USART1_IRQHandler) for USART1_IRQHandler
    startup_stm32f407xx.o(RESET) refers to stm32f4xx_it.o(i.DMA2_Stream0_IRQHandler) for DMA2_Stream0_IRQHandler
    startup_stm32f407xx.o(RESET) refers to stm32f4xx_it.o(i.DMA2_Stream3_IRQHandler) for DMA2_Stream3_IRQHandler
    startup_stm32f407xx.o(.text) refers (Special) to heapauxi.o(.text) for __use_two_region_memory
    startup_stm32f407xx.o(.text) refers to system_stm32f4xx.o(i.SystemInit) for SystemInit
    startup_stm32f407xx.o(.text) refers to __main.o(!!!main) for __main
    startup_stm32f407xx.o(.text) refers to startup_stm32f407xx.o(HEAP) for Heap_Mem
    startup_stm32f407xx.o(.text) refers to startup_stm32f407xx.o(STACK) for Stack_Mem
    main.o(i.SystemClock_Config) refers to rt_memclr_w.o(.text) for __aeabi_memclr4
    main.o(i.SystemClock_Config) refers to stm32f4xx_hal_rcc.o(i.HAL_RCC_OscConfig) for HAL_RCC_OscConfig
    main.o(i.SystemClock_Config) refers to main.o(i.Error_Handler) for Error_Handler
    main.o(i.SystemClock_Config) refers to stm32f4xx_hal_rcc.o(i.HAL_RCC_ClockConfig) for HAL_RCC_ClockConfig
    main.o(i.main) refers to stm32f4xx_hal.o(i.HAL_Init) for HAL_Init
    main.o(i.main) refers to main.o(i.SystemClock_Config) for SystemClock_Config
    main.o(i.main) refers to gpio.o(i.MX_GPIO_Init) for MX_GPIO_Init
    main.o(i.main) refers to dma.o(i.MX_DMA_Init) for MX_DMA_Init
    main.o(i.main) refers to spi.o(i.MX_SPI1_Init) for MX_SPI1_Init
    main.o(i.main) refers to usart.o(i.MX_USART1_UART_Init) for MX_USART1_UART_Init
    main.o(i.main) refers to app_w25q64_test.o(i.w25q64_test) for w25q64_test
    gpio.o(i.MX_GPIO_Init) refers to rt_memclr_w.o(.text) for __aeabi_memclr4
    gpio.o(i.MX_GPIO_Init) refers to stm32f4xx_hal_gpio.o(i.HAL_GPIO_WritePin) for HAL_GPIO_WritePin
    gpio.o(i.MX_GPIO_Init) refers to stm32f4xx_hal_gpio.o(i.HAL_GPIO_Init) for HAL_GPIO_Init
    dma.o(i.MX_DMA_Init) refers to stm32f4xx_hal_cortex.o(i.HAL_NVIC_SetPriority) for HAL_NVIC_SetPriority
    dma.o(i.MX_DMA_Init) refers to stm32f4xx_hal_cortex.o(i.HAL_NVIC_EnableIRQ) for HAL_NVIC_EnableIRQ
    spi.o(i.HAL_SPI_MspDeInit) refers to stm32f4xx_hal_gpio.o(i.HAL_GPIO_DeInit) for HAL_GPIO_DeInit
    spi.o(i.HAL_SPI_MspDeInit) refers to stm32f4xx_hal_dma.o(i.HAL_DMA_DeInit) for HAL_DMA_DeInit
    spi.o(i.HAL_SPI_MspDeInit) refers to stm32f4xx_hal_cortex.o(i.HAL_NVIC_DisableIRQ) for HAL_NVIC_DisableIRQ
    spi.o(i.HAL_SPI_MspInit) refers to rt_memclr_w.o(.text) for __aeabi_memclr4
    spi.o(i.HAL_SPI_MspInit) refers to stm32f4xx_hal_gpio.o(i.HAL_GPIO_Init) for HAL_GPIO_Init
    spi.o(i.HAL_SPI_MspInit) refers to stm32f4xx_hal_dma.o(i.HAL_DMA_Init) for HAL_DMA_Init
    spi.o(i.HAL_SPI_MspInit) refers to main.o(i.Error_Handler) for Error_Handler
    spi.o(i.HAL_SPI_MspInit) refers to stm32f4xx_hal_cortex.o(i.HAL_NVIC_SetPriority) for HAL_NVIC_SetPriority
    spi.o(i.HAL_SPI_MspInit) refers to stm32f4xx_hal_cortex.o(i.HAL_NVIC_EnableIRQ) for HAL_NVIC_EnableIRQ
    spi.o(i.HAL_SPI_MspInit) refers to spi.o(.bss) for hdma_spi1_rx
    spi.o(i.MX_SPI1_Init) refers to stm32f4xx_hal_spi.o(i.HAL_SPI_Init) for HAL_SPI_Init
    spi.o(i.MX_SPI1_Init) refers to main.o(i.Error_Handler) for Error_Handler
    spi.o(i.MX_SPI1_Init) refers to spi.o(.bss) for hspi1
[...]
    RingBuffClear                            0x08002f59   Thumb Code    44  ring_buffer.o(i.RingBuffClear)
    i.RingBuffFree                           0x08002f84   Section        0  ring_buffer.o(i.RingBuffFree)
    RingBuffFree                             0x08002f85   Thumb Code    52  ring_buffer.o(i.RingBuffFree)
    i.RingBuffNew                            0x08002fb8   Section        0  ring_buffer.o(i.RingBuffNew)
    i.RingBuffRead                           0x0800301c   Section        0  ring_buffer.o(i.RingBuffRead)
    RingBuffRead                             0x0800301d   Thumb Code   126  ring_buffer.o(i.RingBuffRead)
    i.RingBuffWrite                          0x0800309a   Section        0  ring_buffer.o(i.RingBuffWrite)
    RingBuffWrite                            0x0800309b   Thumb Code   146  ring_buffer.o(i.RingBuffWrite)
    i.SPI1_IRQHandler                        0x0800312c   Section        0  stm32f4xx_it.o(i.SPI1_IRQHandler)
    i.SPIDevFind                             0x0800313c   Section        0  dev_spi.o(i.SPIDevFind)
    i.SPIDevInsert                           0x08003168   Section        0  dev_spi.o(i.SPIDevInsert)
    i.SPIDevRegister                         0x08003190   Section        0  dev_spi.o(i.SPIDevRegister)
    i.SPIDeviceGetHead                       0x080031b8   Section        0  drv_spi.o(i.SPIDeviceGetHead)
    i.SPIDeviceNum                           0x080031c0   Section        0  drv_spi.o(i.SPIDeviceNum)
    i.SPIDrvInit                             0x080031c4   Section        0  drv_spi.o(i.SPIDrvInit)
    SPIDrvInit                               0x080031c5   Thumb Code    40  drv_spi.o(i.SPIDrvInit)
    i.SPIDrvRead                             0x080031ec   Section        0  drv_spi.o(i.SPIDrvRead)
    SPIDrvRead                               0x080031ed   Thumb Code   142  drv_spi.o(i.SPIDrvRead)
    i.SPIDrvWrite                            0x08003280   Section        0  drv_spi.o(i.SPIDrvWrite)
    SPIDrvWrite                              0x08003281   Thumb Code   142  drv_spi.o(i.SPIDrvWrite)
    i.SPIDrvWriteRead                        0x08003314   Section        0  drv_spi.o(i.SPIDrvWriteRead)
    SPIDrvWriteRead                          0x08003315   Thumb Code   150  drv_spi.o(i.SPIDrvWriteRead)
    i.SPI_2linesRxISR_16BIT                  0x080033b0   Section        0  stm32f4xx_hal_spi.o(i.SPI_2linesRxISR_16BIT)
    SPI_2linesRxISR_16BIT                    0x080033b1   Thumb Code    52  stm32f4xx_hal_spi.o(i.SPI_2linesRxISR_16BIT)
    i.SPI_2linesRxISR_8BIT                   0x080033e4   Section        0  stm32f4xx_hal_spi.o(i.SPI_2linesRxISR_8BIT)
    SPI_2linesRxISR_8BIT                     0x080033e5   Thumb Code    52  stm32f4xx_hal_spi.o(i.SPI_2linesRxISR_8BIT)
    i.SPI_2linesTxISR_16BIT                  0x08003418   Section        0  stm32f4xx_hal_spi.o(i.SPI_2linesTxISR_16BIT)
    SPI_2linesTxISR_16BIT                    0x08003419   Thumb Code    52  stm32f4xx_hal_spi.o(i.SPI_2linesTxISR_16BIT)
    i.SPI_2linesTxISR_8BIT                   0x0800344c   Section        0  stm32f4xx_hal_spi.o(i.SPI_2linesTxISR_8BIT)
    SPI_2linesTxISR_8BIT                     0x0800344d   Thumb Code    52  stm32f4xx_hal_spi.o(i.SPI_2linesTxISR_8BIT)
    i.SPI_CloseRxTx_ISR                      0x08003480   Section        0  stm32f4xx_hal_spi.o(i.SPI_CloseRxTx_ISR)
    SPI_CloseRxTx_ISR                        0x08003481   Thumb Code   182  stm32f4xx_hal_spi.o(i.SPI_CloseRxTx_ISR)
    i.SPI_CloseRx_ISR                        0x0800353c   Section        0  stm32f4xx_hal_spi.o(i.SPI_CloseRx_ISR)
    SPI_CloseRx_ISR                          0x0800353d   Thumb Code    94  stm32f4xx_hal_spi.o(i.SPI_CloseRx_ISR)
    i.SPI_CloseTx_ISR                        0x0800359c   Section        0  stm32f4xx_hal_spi.o(i.SPI_CloseTx_ISR)
    SPI_CloseTx_ISR                          0x0800359d   Thumb Code   154  stm32f4xx_hal_spi.o(i.SPI_CloseTx_ISR)
    i.SPI_DMAAbortOnError                    0x0800363c   Section        0  stm32f4xx_hal_spi.o(i.SPI_DMAAbortOnError)
    SPI_DMAAbortOnError                      0x0800363d   Thumb Code    20  stm32f4xx_hal_spi.o(i.SPI_DMAAbortOnError)
    i.SPI_DMAError                           0x08003650   Section        0  stm32f4xx_hal_spi.o(i.SPI_DMAError)
    SPI_DMAError                             0x08003651   Thumb Code    40  stm32f4xx_hal_spi.o(i.SPI_DMAError)
    i.SPI_DMAHalfReceiveCplt                 0x08003678   Section        0  stm32f4xx_hal_spi.o(i.SPI_DMAHalfReceiveCplt)
    SPI_DMAHalfReceiveCplt                   0x08003679   Thumb Code    14  stm32f4xx_hal_spi.o(i.SPI_DMAHalfReceiveCplt)
    i.SPI_DMAHalfTransmitCplt                0x08003686   Section        0  stm32f4xx_hal_spi.o(i.SPI_DMAHalfTransmitCplt)
    SPI_DMAHalfTransmitCplt                  0x08003687   Thumb Code    14  stm32f4xx_hal_spi.o(i.SPI_DMAHalfTransmitCplt)
    i.SPI_DMAHalfTransmitReceiveCplt         0x08003694   Section        0  stm32f4xx_hal_spi.o(i.SPI_DMAHalfTransmitReceiveCplt)
    SPI_DMAHalfTransmitReceiveCplt           0x08003695   Thumb Code    14  stm32f4xx_hal_spi.o(i.SPI_DMAHalfTransmitReceiveCplt)
    i.SPI_DMAReceiveCplt                     0x080036a2   Section        0  stm32f4xx_hal_spi.o(i.SPI_DMAReceiveCplt)
    SPI_DMAReceiveCplt                       0x080036a3   Thumb Code   124  stm32f4xx_hal_spi.o(i.SPI_DMAReceiveCplt)
    i.SPI_DMATransmitCplt                    0x0800371e   Section        0  stm32f4xx_hal_spi.o(i.SPI_DMATransmitCplt)
    SPI_DMATransmitCplt                      0x0800371f   Thumb Code   128  stm32f4xx_hal_spi.o(i.SPI_DMATransmitCplt)
    i.SPI_DMATransmitReceiveCplt             0x0800379e   Section        0  stm32f4xx_hal_spi.o(i.SPI_DMATransmitReceiveCplt)
    SPI_DMATransmitReceiveCplt               0x0800379f   Thumb Code   104  stm32f4xx_hal_spi.o(i.SPI_DMATransmitReceiveCplt)
    i.SPI_EndRxTransaction                   0x08003806   Section        0  stm32f4xx_hal_spi.o(i.SPI_EndRxTransaction)
    SPI_EndRxTransaction                     0x08003807   Thumb Code   148  stm32f4xx_hal_spi.o(i.SPI_EndRxTransaction)
    i.SPI_EndRxTxTransaction                 0x0800389c   Section        0  stm32f4xx_hal_spi.o(i.SPI_EndRxTxTransaction)
    SPI_EndRxTxTransaction                   0x0800389d   Thumb Code   100  stm32f4xx_hal_spi.o(i.SPI_EndRxTxTransaction)
    i.SPI_RxISR_16BIT                        0x08003908   Section        0  stm32f4xx_hal_spi.o(i.SPI_RxISR_16BIT)
    SPI_RxISR_16BIT                          0x08003909   Thumb Code    36  stm32f4xx_hal_spi.o(i.SPI_RxISR_16BIT)
    i.SPI_RxISR_8BIT                         0x0800392c   Section        0  stm32f4xx_hal_spi.o(i.SPI_RxISR_8BIT)
    SPI_RxISR_8BIT                           0x0800392d   Thumb Code    36  stm32f4xx_hal_spi.o(i.SPI_RxISR_8BIT)
    i.SPI_TxISR_16BIT                        0x08003950   Section        0  stm32f4xx_hal_spi.o(i.SPI_TxISR_16BIT)
    SPI_TxISR_16BIT                          0x08003951   Thumb Code    36  stm32f4xx_hal_spi.o(i.SPI_TxISR_16BIT)
    i.SPI_TxISR_8BIT                         0x08003974   Section        0  stm32f4xx_hal_spi.o(i.SPI_TxISR_8BIT)
    SPI_TxISR_8BIT                           0x08003975   Thumb Code    36  stm32f4xx_hal_spi.o(i.SPI_TxISR_8BIT)
    i.SPI_WaitFlagStateUntilTimeout          0x08003998   Section        0  stm32f4xx_hal_spi.o(i.SPI_WaitFlagStateUntilTimeout)
    SPI_WaitFlagStateUntilTimeout            0x08003999   Thumb Code   210  stm32f4xx_hal_spi.o(i.SPI_WaitFlagStateUntilTimeout)
    i.SVC_Handler                            0x08003a70   Section        0  stm32f4xx_it.o(i.SVC_Handler)
    i.SectorErase                            0x08003a74   Section        0  w25q64.o(i.SectorErase)
    SectorErase                              0x08003a75   Thumb Code   146  w25q64.o(i.SectorErase)
    i.SysTick_Handler                        0x08003b18   Section        0  stm32f4xx_it.o(i.SysTick_Handler)
    i.SystemClock_Config                     0x08003b20   Section        0  main.o(i.SystemClock_Config)
    i.SystemInit                             0x08003bd4   Section        0  system_stm32f4xx.o(i.SystemInit)
    i.UARTDevFind                            0x08003be8   Section        0  dev_uart.o(i.UARTDevFind)
    i.UARTDevInsert                          0x08003c14   Section        0  dev_uart.o(i.UARTDevInsert)
    i.UARTDevRegister                        0x08003c3c   Section        0  dev_uart.o(i.UARTDevRegister)
    i.UARTDeviceGetHead                      0x08003c64   Section        0  drv_uart.o(i.UARTDeviceGetHead)
    i.UARTDeviceNum                          0x08003c6c   Section        0  drv_uart.o(i.UARTDeviceNum)
    i.UARTDrvInit                            0x08003c70   Section        0  drv_uart.o(i.UARTDrvInit)
    i.UARTDrvRead                            0x08003cf0   Section        0  drv_uart.o(i.UARTDrvRead)
    i.UARTDrvWrite                           0x08003d54   Section        0  drv_uart.o(i.UARTDrvWrite)
    i.UART_DMAAbortOnError                   0x08003db4   Section        0  stm32f4xx_hal_uart.o(i.UART_DMAAbortOnError)
    UART_DMAAbortOnError                     0x08003db5   Thumb Code    20  stm32f4xx_hal_uart.o(i.UART_DMAAbortOnError)
    i.UART_EndRxTransfer                     0x08003dc8   Section        0  stm32f4xx_hal_uart.o(i.UART_EndRxTransfer)
    UART_EndRxTransfer                       0x08003dc9   Thumb Code   108  stm32f4xx_hal_uart.o(i.UART_EndRxTransfer)
    i.UART_EndTransmit_IT                    0x08003e34   Section        0  stm32f4xx_hal_uart.o(i.UART_EndTransmit_IT)
    UART_EndTransmit_IT                      0x08003e35   Thumb Code    32  stm32f4xx_hal_uart.o(i.UART_EndTransmit_IT)
    i.UART_Receive_IT                        0x08003e54   Section        0  stm32f4xx_hal_uart.o(i.UART_Receive_IT)
    UART_Receive_IT                          0x08003e55   Thumb Code   248  stm32f4xx_hal_uart.o(i.UART_Receive_IT)
    i.UART_SetConfig                         0x08003f4c   Section        0  stm32f4xx_hal_uart.o(i.UART_SetConfig)
    UART_SetConfig                           0x08003f4d   Thumb Code   546  stm32f4xx_hal_uart.o(i.UART_SetConfig)
    i.UART_Start_Receive_IT                  0x08004178   Section        0  stm32f4xx_hal_uart.o(i.UART_Start_Receive_IT)
    i.UART_Transmit_IT                       0x080041c2   Section        0  stm32f4xx_hal_uart.o(i.UART_Transmit_IT)
    UART_Transmit_IT                         0x080041c3   Thumb Code    96  stm32f4xx_hal_uart.o(i.UART_Transmit_IT)
    i.USART1_IRQHandler                      0x08004224   Section        0  stm32f4xx_it.o(i.USART1_IRQHandler)
    i.Uart1DrvWaitTxCplt                     0x08004234   Section        0  drv_uart.o(i.Uart1DrvWaitTxCplt)
    Uart1DrvWaitTxCplt                       0x08004235   Thumb Code    18  drv_uart.o(i.Uart1DrvWaitTxCplt)
    i.UsageFault_Handler                     0x0800424c   Section        0  stm32f4xx_it.o(i.UsageFault_Handler)
    i.W25Q64Erase                            0x08004250   Section        0  w25q64.o(i.W25Q64Erase)
    W25Q64Erase                              0x08004251   Thumb Code    56  w25q64.o(i.W25Q64Erase)
    i.W25Q64Init                             0x08004288   Section        0  w25q64.o(i.W25Q64Init)
    W25Q64Init                               0x08004289   Thumb Code    56  w25q64.o(i.W25Q64Init)
    i.W25Q64Read                             0x080042d4   Section        0  w25q64.o(i.W25Q64Read)
    W25Q64Read                               0x080042d5   Thumb Code   182  w25q64.o(i.W25Q64Read)
    i.W25Q64Write                            0x0800439c   Section        0  w25q64.o(i.W25Q64Write)
    W25Q64Write                              0x0800439d   Thumb Code   232  w25q64.o(i.W25Q64Write)
    i.WaitRxComplete                         0x08004484   Section        0  drv_spi.o(i.WaitRxComplete)
    i.WaitTxComplete                         0x0800449c   Section        0  drv_spi.o(i.WaitTxComplete)
    i.WaitTxRxComplete                       0x080044b4   Section        0  drv_spi.o(i.WaitTxRxComplete)
    i.WaitWrite                              0x080044cc   Section        0  w25q64.o(i.WaitWrite)
    WaitWrite                                0x080044cd   Thumb Code   120  w25q64.o(i.WaitWrite)
    i.__NVIC_GetPriorityGrouping             0x08004554   Section        0  stm32f4xx_hal_cortex.o(i.__NVIC_GetPriorityGrouping)
    __NVIC_GetPriorityGrouping               0x08004555   Thumb Code    10  stm32f4xx_hal_cortex.o(i.__NVIC_GetPriorityGrouping)
    i.__NVIC_SetPriority                     0x08004564   Section        0  stm32f4xx_hal_cortex.o(i.__NVIC_SetPriority)
    __NVIC_SetPriority                       0x08004565   Thumb Code    32  stm32f4xx_hal_cortex.o(i.__NVIC_SetPriority)
    i.fputc                                  0x0800458c   Section        0  printf.o(i.fputc)
    i.main                                   0x080045c0   Section        0  main.o(i.main)
    i.w25q64_test                            0x080045e0   Section        0  app_w25q64_test.o(i.w25q64_test)
    x$fpl$fpinit                             0x080046f8   Section       10  fpinit.o(x$fpl$fpinit)
    $v0                                      0x080046f8   Number         0  fpinit.o(x$fpl$fpinit)
    .constdata                               0x08004702   Section        8  stm32f4xx_hal_dma.o(.constdata)
    flagBitshiftOffset                       0x08004702   Data           8  stm32f4xx_hal_dma.o(.constdata)
    .constdata                               0x0800470a   Section       24  system_stm32f4xx.o(.constdata)
    .constdata                               0x08004722   Section       40  _printf_hex_int.o(.constdata)
    uc_hextab                                0x08004722   Data          20  _printf_hex_int.o(.constdata)
    lc_hextab                                0x08004736   Data          20  _printf_hex_int.o(.constdata)
    .conststring                             0x0800474c   Section        7  w25q64.o(.conststring)
    .conststring                             0x08004754   Section       42  drv_gpio.o(.conststring)
    .conststring                             0x08004780   Section       11  drv_uart.o(.conststring)
    .conststring                             0x0800478c   Section        5  drv_spi.o(.conststring)
    .data                                    0x20000000   Section        9  stm32f4xx_hal.o(.data)
    .data                                    0x2000000c   Section        4  system_stm32f4xx.o(.data)
    .data                                    0x20000010   Section        4  dev_gpio.o(.data)
    gGPIODevices                             0x20000010   Data           4  dev_gpio.o(.data)
    .data                                    0x20000014   Section        4  dev_uart.o(.data)
    gUARTDeviceHead                          0x20000014   Data           4  dev_uart.o(.data)
    .data                                    0x20000018   Section        4  dev_spi.o(.data)
    gSPIDeviceHead                           0x20000018   Data           4  dev_spi.o(.data)
    .data                                    0x2000001c   Section       20  w25q64.o(.data)
    gW25Q64                                  0x2000001c   Data          20  w25q64.o(.data)
    .data                                    0x20000030   Section      304  drv_gpio.o(.data)
    gK1Buffer                                0x20000030   Data           4  drv_gpio.o(.data)
    gK2Buffer                                0x20000034   Data           4  drv_gpio.o(.data)
    gK3Buffer                                0x20000038   Data           4  drv_gpio.o(.data)
    gK4Buffer                                0x2000003c   Data           4  drv_gpio.o(.data)
    GPIODevices                              0x20000040   Data         288  drv_gpio.o(.data)
    .data                                    0x20000160   Section       32  drv_uart.o(.data)
    gUart1TxCpltFlage                        0x20000161   Data           1  drv_uart.o(.data)
    gUART1Buffer                             0x20000164   Data           4  drv_uart.o(.data)
    UARTDevices                              0x20000168   Data          24  drv_uart.o(.data)
    .data                                    0x20000180   Section       40  drv_spi.o(.data)
    gSpiDevices                              0x20000180   Data          28  drv_spi.o(.data)
    TxCpltFlag                               0x2000019c   Data           4  drv_spi.o(.data)
    RxCpltFlag                               0x200001a0   Data           4  drv_spi.o(.data)
    TxRxCpltFlag                             0x200001a4   Data           4  drv_spi.o(.data)
    .data                                    0x200001a8   Section        4  printf.o(.data)
    .bss                                     0x200001ac   Section      280  spi.o(.bss)
    .bss                                     0x200002c4   Section       68  usart.o(.bss)
    .bss                                     0x20000308   Section    40960  app_w25q64_test.o(.bss)
    wbuf                                     0x20000308   Data       20480  app_w25q64_test.o(.bss)
    rbuf                                     0x20005308   Data       20480  app_w25q64_test.o(.bss)
    .bss                                     0x2000a308   Section      228  rand.o(.bss)
    .bss                                     0x2000a3ec   Section       96  libspace.o(.bss)
    HEAP                                     0x2000a450   Section      512  startup_stm32f407xx.o(HEAP)
    Heap_Mem                                 0x2000a450   Data         512  startup_stm32f407xx.o(HEAP)
    STACK                                    0x2000a650   Section     1024  startup_stm32f407xx.o(STACK)
    Stack_Mem                                0x2000a650   Data        1024  startup_stm32f407xx.o(STACK)
    __initial_sp                             0x2000aa50   Data           0  startup_stm32f407xx.o(STACK)

    Global Symbols

    Symbol Name                              Value     Ov Type        Size  Object(Section)

    BuildAttributes$$THM_ISAv4$E$P$D$K$B$S$7EM$VFPi3$EXTD16$VFPS$VFMA$PE$A:L22UL41UL21$X:L11$S22US41US21$IEEE1$IW$USESV6$~STKCKD$USESV7$~SHL$OTIME$ROPI$EBA8$UX$STANDARDLIB$REQ8$PRES8$EABIv2 0x00000000   Number         0  anon$$obj.o ABSOLUTE
    __ARM_use_no_argv                        0x00000000   Number         0  main.o ABSOLUTE
    __ARM_exceptions_init                     - Undefined Weak Reference
    __alloca_initialize                       - Undefined Weak Reference
    __arm_fini_                               - Undefined Weak Reference
    __arm_preinit_                            - Undefined Weak Reference
    __cpp_initialize__aeabi_                  - Undefined Weak Reference
    __cxa_finalize                            - Undefined Weak Reference
    __rt_locale                               - Undefined Weak Reference
    __sigvec_lookup                           - Undefined Weak Reference
    __user_heap_extent                        - Undefined Weak Reference
    _atexit_init                              - Undefined Weak Reference
    _call_atexit_fns                          - Undefined Weak Reference
    _clock_init                               - Undefined Weak Reference
    _fp_trap_init                             - Undefined Weak Reference
    _fp_trap_shutdown                         - Undefined Weak Reference
    _get_lc_collate                           - Undefined Weak Reference
    _get_lc_ctype                             - Undefined Weak Reference
    _get_lc_monetary                          - Undefined Weak Reference
    _get_lc_numeric                           - Undefined Weak Reference
    _get_lc_time                              - Undefined Weak Reference
    _getenv_init                              - Undefined Weak Reference
    _handle_redirection                       - Undefined Weak Reference
    _initio                                   - Undefined Weak Reference
    _mutex_acquire                            - Undefined Weak Reference
    _mutex_free                               - Undefined Weak Reference
    _mutex_release                            - Undefined Weak Reference
    _printf_post_padding                      - Undefined Weak Reference
    _printf_pre_padding                       - Undefined Weak Reference
    _printf_truncate_signed                   - Undefined Weak Reference
    _printf_truncate_unsigned                 - Undefined Weak Reference
    _signal_finish                            - Undefined Weak Reference
    _signal_init                              - Undefined Weak Reference
    _terminateio                              - Undefined Weak Reference
    __Vectors_Size                           0x00000188   Number         0  startup_stm32f407xx.o ABSOLUTE
    __Vectors                                0x08000000   Data           4  startup_stm32f407xx.o(RESET)
    __Vectors_End                            0x08000188   Data           0  startup_stm32f407xx.o(RESET)
    __main                                   0x08000189   Thumb Code     8  __main.o(!!!main)
    __scatterload                            0x08000191   Thumb Code     0  __scatter.o(!!!scatter)
    __scatterload_rt2                        0x08000191   Thumb Code    44  __scatter.o(!!!scatter)
    __scatterload_rt2_thumb_only             0x08000191   Thumb Code     0  __scatter.o(!!!scatter)
    __scatterload_null                       0x0800019f   Thumb Code     0  __scatter.o(!!!scatter)
    __decompress                             0x080001c5   Thumb Code    90  __dczerorl2.o(!!dczerorl2)
    __decompress1                            0x080001c5   Thumb Code     0  __dczerorl2.o(!!dczerorl2)
    __scatterload_zeroinit                   0x08000221   Thumb Code    28  __scatter_zi.o(!!handler_zi)
    _printf_d                                0x0800023d   Thumb Code     0  _printf_d.o(.ARM.Collect$$_printf_percent$$00000009)
    _printf_percent                          0x0800023d   Thumb Code     0  _printf_percent.o(.ARM.Collect$$_printf_percent$$00000000)
    _printf_x                                0x08000243   Thumb Code     0  _printf_x.o(.ARM.Collect$$_printf_percent$$0000000C)
    _printf_percent_end                      0x08000249   Thumb Code     0  _printf_percent_end.o(.ARM.Collect$$_printf_percent$$00000017)
    __rt_lib_init                            0x0800024d   Thumb Code     0  libinit.o(.ARM.Collect$$libinit$$00000000)
    __rt_lib_init_fp_1                       0x0800024f   Thumb Code     0  libinit2.o(.ARM.Collect$$libinit$$00000001)
    __rt_lib_init_heap_2                     0x08000253   Thumb Code     0  libinit2.o(.ARM.Collect$$libinit$$00000005)
    __rt_lib_init_preinit_1                  0x08000253   Thumb Code     0  libinit2.o(.ARM.Collect$$libinit$$00000004)
    __rt_lib_init_heap_1                     0x0800025b   Thumb Code     0  libinit2.o(.ARM.Collect$$libinit$$0000000A)
    __rt_lib_init_rand_2                     0x0800025b   Thumb Code     0  libinit2.o(.ARM.Collect$$libinit$$0000000D)
    __rt_lib_init_user_alloc_1               0x0800025b   Thumb Code     0  libinit2.o(.ARM.Collect$$libinit$$0000000C)
    __rt_lib_init_alloca_1                   0x0800025f   Thumb Code     0  libinit2.o(.ARM.Collect$$libinit$$0000002E)
    __rt_lib_init_argv_1                     0x0800025f   Thumb Code     0  libinit2.o(.ARM.Collect$$libinit$$0000002C)
    __rt_lib_init_atexit_1                   0x0800025f   Thumb Code     0  libinit2.o(.ARM.Collect$$libinit$$0000001B)
    __rt_lib_init_clock_1                    0x0800025f   Thumb Code     0  libinit2.o(.ARM.Collect$$libinit$$00000021)
    __rt_lib_init_cpp_1                      0x0800025f   Thumb Code     0  libinit2.o(.ARM.Collect$$libinit$$00000032)
    __rt_lib_init_exceptions_1               0x0800025f   Thumb Code     0  libinit2.o(.ARM.Collect$$libinit$$00000030)
    __rt_lib_init_fp_trap_1                  0x0800025f   Thumb Code     0  libinit2.o(.ARM.Collect$$libinit$$0000001F)
    __rt_lib_init_getenv_1                   0x0800025f   Thumb Code     0  libinit2.o(.ARM.Collect$$libinit$$00000023)
    __rt_lib_init_lc_collate_1               0x0800025f   Thumb Code     0  libinit2.o(.ARM.Collect$$libinit$$00000011)
    __rt_lib_init_lc_ctype_1                 0x0800025f   Thumb Code     0  libinit2.o(.ARM.Collect$$libinit$$00000013)
    __rt_lib_init_lc_monetary_1              0x0800025f   Thumb Code     0  libinit2.o(.ARM.Collect$$libinit$$00000015)
    __rt_lib_init_lc_numeric_1               0x0800025f   Thumb Code     0  libinit2.o(.ARM.Collect$$libinit$$00000017)
    __rt_lib_init_lc_time_1                  0x0800025f   Thumb Code     0  libinit2.o(.ARM.Collect$$libinit$$00000019)
    __rt_lib_init_rand_1                     0x0800025f   Thumb Code     0  libinit2.o(.ARM.Collect$$libinit$$0000000E)
    __rt_lib_init_return                     0x0800025f   Thumb Code     0  libinit2.o(.ARM.Collect$$libinit$$00000033)
    __rt_lib_init_signal_1                   0x0800025f   Thumb Code     0  libinit2.o(.ARM.Collect$$libinit$$0000001D)
    __rt_lib_init_stdio_1                    0x0800025f   Thumb Code     0  libinit2.o(.ARM.Collect$$libinit$$00000025)
    __rt_lib_shutdown                        0x08000261   Thumb Code     0  libshutdown.o(.ARM.Collect$$libshutdown$$00000000)
    __rt_lib_shutdown_cpp_1                  0x08000263   Thumb Code     0  libshutdown2.o(.ARM.Collect$$libshutdown$$00000004)
    __rt_lib_shutdown_fini_1                 0x08000263   Thumb Code     0  libshutdown2.o(.ARM.Collect$$libshutdown$$00000002)
    __rt_lib_shutdown_fp_trap_1              0x08000263   Thumb Code     0  libshutdown2.o(.ARM.Collect$$libshutdown$$00000009)
    __rt_lib_shutdown_heap_1                 0x08000263   Thumb Code     0  libshutdown2.o(.ARM.Collect$$libshutdown$$00000011)
    __rt_lib_shutdown_return                 0x08000263   Thumb Code     0  libshutdown2.o(.ARM.Collect$$libshutdown$$00000012)
    __rt_lib_shutdown_signal_1               0x08000263   Thumb Code     0  libshutdown2.o(.ARM.Collect$$libshutdown$$0000000C)
    __rt_lib_shutdown_stdio_1                0x08000263   Thumb Code     0  libshutdown2.o(.ARM.Collect$$libshutdown$$00000006)
    __rt_lib_shutdown_user_alloc_1           0x08000263   Thumb Code     0  libshutdown2.o(.ARM.Collect$$libshutdown$$0000000E)
    __rt_entry                               0x08000265   Thumb Code     0  __rtentry.o(.ARM.Collect$$rtentry$$00000000)
    __rt_entry_presh_1                       0x08000265   Thumb Code     0  __rtentry2.o(.ARM.Collect$$rtentry$$00000002)
    __rt_entry_sh                            0x08000265   Thumb Code     0  __rtentry4.o(.ARM.Collect$$rtentry$$00000004)
    __rt_entry_li                            0x0800026b   Thumb Code     0  __rtentry2.o(.ARM.Collect$$rtentry$$0000000A)
    __rt_entry_postsh_1                      0x0800026b   Thumb Code     0  __rtentry2.o(.ARM.Collect$$rtentry$$00000009)
    __rt_entry_main                          0x0800026f   Thumb Code     0  __rtentry2.o(.ARM.Collect$$rtentry$$0000000D)
    __rt_entry_postli_1                      0x0800026f   Thumb Code     0  __rtentry2.o(.ARM.Collect$$rtentry$$0000000C)
    __rt_exit                                0x08000277   Thumb Code     0  rtexit.o(.ARM.Collect$$rtexit$$00000000)
    __rt_exit_ls                             0x08000279   Thumb Code     0  rtexit2.o(.ARM.Collect$$rtexit$$00000003)
    __rt_exit_prels_1                        0x08000279   Thumb Code     0  rtexit2.o(.ARM.Collect$$rtexit$$00000002)
    __rt_exit_exit                           0x0800027d   Thumb Code     0  rtexit2.o(.ARM.Collect$$rtexit$$00000004)
    rand                                     0x08000285   Thumb Code    48  rand.o(.emb_text)
    Reset_Handler                            0x080002b9   Thumb Code     8  startup_stm32f407xx.o(.text)
    _maybe_terminate_alloc                   0x080002b9   Thumb Code     0  maybetermalloc1.o(.emb_text)
    ADC_IRQHandler                           0x080002d3   Thumb Code     0  startup_stm32f407xx.o(.text)
    CAN1_RX0_IRQHandler                      0x080002d3   Thumb Code     0  startup_stm32f407xx.o(.text)
    CAN1_RX1_IRQHandler                      0x080002d3   Thumb Code     0  startup_stm32f407xx.o(.text)
    CAN1_SCE_IRQHandler                      0x080002d3   Thumb Code     0  startup_stm32f407xx.o(.text)
    CAN1_TX_IRQHandler                       0x080002d3   Thumb Code     0  startup_stm32f407xx.o(.text)
    CAN2_RX0_IRQHandler                      0x080002d3   Thumb Code     0  startup_stm32f407xx.o(.text)
    CAN2_RX1_IRQHandler                      0x080002d3   Thumb Code     0  startup_stm32f407xx.o(.text)
    CAN2_SCE_IRQHandler                      0x080002d3   Thumb Code     0  startup_stm32f407xx.o(.text)
    CAN2_TX_IRQHandler                       0x080002d3   Thumb Code     0  startup_stm32f407xx.o(.text)
    DCMI_IRQHandler                          0x080002d3   Thumb Code     0  startup_stm32f407xx.o(.text)
    DMA1_Stream0_IRQHandler                  0x080002d3   Thumb Code     0  startup_stm32f407xx.o(.text)
    DMA1_Stream1_IRQHandler                  0x080002d3   Thumb Code     0  startup_stm32f407xx.o(.text)
    DMA1_Stream2_IRQHandler                  0x080002d3   Thumb Code     0  startup_stm32f407xx.o(.text)
    DMA1_Stream3_IRQHandler                  0x080002d3   Thumb Code     0  startup_stm32f407xx.o(.text)
    DMA1_Stream4_IRQHandler                  0x080002d3   Thumb Code     0  startup_stm32f407xx.o(.text)
    DMA1_Stream5_IRQHandler                  0x080002d3   Thumb Code     0  startup_stm32f407xx.o(.text)
    DMA1_Stream6_IRQHandler                  0x080002d3   Thumb Code     0  startup_stm32f407xx.o(.text)
    DMA1_Stream7_IRQHandler                  0x080002d3   Thumb Code     0  startup_stm32f407xx.o(.text)
    DMA2_Stream1_IRQHandler                  0x080002d3   Thumb Code     0  startup_stm32f407xx.o(.text)
    DMA2_Stream2_IRQHandler                  0x080002d3   Thumb Code     0  startup_stm32f407xx.o(.text)
    DMA2_Stream4_IRQHandler                  0x080002d3   Thumb Code     0  startup_stm32f407xx.o(.text)
    DMA2_Stream5_IRQHandler                  0x080002d3   Thumb Code     0  startup_stm32f407xx.o(.text)
    DMA2_Stream6_IRQHandler                  0x080002d3   Thumb Code     0  startup_stm32f407xx.o(.text)
    DMA2_Stream7_IRQHandler                  0x080002d3   Thumb Code     0  startup_stm32f407xx.o(.text)
    ETH_IRQHandler                           0x080002d3   Thumb Code     0  startup_stm32f407xx.o(.text)
    ETH_WKUP_IRQHandler                      0x080002d3   Thumb Code     0  startup_stm32f407xx.o(.text)
    EXTI0_IRQHandler                         0x080002d3   Thumb Code     0  startup_stm32f407xx.o(.text)
    EXTI15_10_IRQHandler                     0x080002d3   Thumb Code     0  startup_stm32f407xx.o(.text)
    EXTI1_IRQHandler                         0x080002d3   Thumb Code     0  startup_stm32f407xx.o(.text)
    EXTI2_IRQHandler                         0x080002d3   Thumb Code     0  startup_stm32f407xx.o(.text)
    EXTI3_IRQHandler                         0x080002d3   Thumb Code     0  startup_stm32f407xx.o(.text)
    EXTI4_IRQHandler                         0x080002d3   Thumb Code     0  startup_stm32f407xx.o(.text)
    EXTI9_5_IRQHandler                       0x080002d3   Thumb Code     0  startup_stm32f407xx.o(.text)
    FLASH_IRQHandler                         0x080002d3   Thumb Code     0  startup_stm32f407xx.o(.text)
    FMC_IRQHandler                           0x080002d3   Thumb Code     0  startup_stm32f407xx.o(.text)
    FPU_IRQHandler                           0x080002d3   Thumb Code     0  startup_stm32f407xx.o(.text)
    HASH_RNG_IRQHandler                      0x080002d3   Thumb Code     0  startup_stm32f407xx.o(.text)
    I2C1_ER_IRQHandler                       0x080002d3   Thumb Code     0  startup_stm32f407xx.o(.text)
    I2C1_EV_IRQHandler                       0x080002d3   Thumb Code     0  startup_stm32f407xx.o(.text)
    I2C2_ER_IRQHandler                       0x080002d3   Thumb Code     0  startup_stm32f407xx.o(.text)
    I2C2_EV_IRQHandler                       0x080002d3   Thumb Code     0  startup_stm32f407xx.o(.text)
    I2C3_ER_IRQHandler                       0x080002d3   Thumb Code     0  startup_stm32f407xx.o(.text)
    I2C3_EV_IRQHandler                       0x080002d3   Thumb Code     0  startup_stm32f407xx.o(.text)
    OTG_FS_IRQHandler                        0x080002d3   Thumb Code     0  startup_stm32f407xx.o(.text)
    OTG_FS_WKUP_IRQHandler                   0x080002d3   Thumb Code     0  startup_stm32f407xx.o(.text)
    OTG_HS_EP1_IN_IRQHandler                 0x080002d3   Thumb Code     0  startup_stm32f407xx.o(.text)
    OTG_HS_EP1_OUT_IRQHandler                0x080002d3   Thumb Code     0  startup_stm32f407xx.o(.text)
    OTG_HS_IRQHandler                        0x080002d3   Thumb Code     0  startup_stm32f407xx.o(.text)
    OTG_HS_WKUP_IRQHandler                   0x080002d3   Thumb Code     0  startup_stm32f407xx.o(.text)
    PVD_IRQHandler                           0x080002d3   Thumb Code     0  startup_stm32f407xx.o(.text)
    RCC_IRQHandler                           0x080002d3   Thumb Code     0  startup_stm32f407xx.o(.text)
    RTC_Alarm_IRQHandler                     0x080002d3   Thumb Code     0  startup_stm32f407xx.o(.text)
    RTC_WKUP_IRQHandler                      0x080002d3   Thumb Code     0  startup_stm32f407xx.o(.text)
    SDIO_IRQHandler                          0x080002d3   Thumb Code     0  startup_stm32f407xx.o(.text)
    SPI2_IRQHandler                          0x080002d3   Thumb Code     0  startup_stm32f407xx.o(.text)
    SPI3_IRQHandler                          0x080002d3   Thumb Code     0  startup_stm32f407xx.o(.text)
    TAMP_STAMP_IRQHandler                    0x080002d3   Thumb Code     0  startup_stm32f407xx.o(.text)
    TIM1_BRK_TIM9_IRQHandler                 0x080002d3   Thumb Code     0  startup_stm32f407xx.o(.text)
    TIM1_CC_IRQHandler                       0x080002d3   Thumb Code     0  startup_stm32f407xx.o(.text)
    TIM1_TRG_COM_TIM11_IRQHandler            0x080002d3   Thumb Code     0  startup_stm32f407xx.o(.text)
    TIM1_UP_TIM10_IRQHandler                 0x080002d3   Thumb Code     0  startup_stm32f407xx.o(.text)
    TIM2_IRQHandler                          0x080002d3   Thumb Code     0  startup_stm32f407xx.o(.text)
    TIM3_IRQHandler                          0x080002d3   Thumb Code     0  startup_stm32f407xx.o(.text)
    TIM4_IRQHandler                          0x080002d3   Thumb Code     0  startup_stm32f407xx.o(.text)
    TIM5_IRQHandler                          0x080002d3   Thumb Code     0  startup_stm32f407xx.o(.text)
    TIM6_DAC_IRQHandler                      0x080002d3   Thumb Code     0  startup_stm32f407xx.o(.text)
    TIM7_IRQHandler                          0x080002d3   Thumb Code     0  startup_stm32f407xx.o(.text)
    TIM8_BRK_TIM12_IRQHandler                0x080002d3   Thumb Code     0  startup_stm32f407xx.o(.text)
    TIM8_CC_IRQHandler                       0x080002d3   Thumb Code     0  startup_stm32f407xx.o(.text)
    TIM8_TRG_COM_TIM14_IRQHandler            0x080002d3   Thumb Code     0  startup_stm32f407xx.o(.text)
    TIM8_UP_TIM13_IRQHandler                 0x080002d3   Thumb Code     0  startup_stm32f407xx.o(.text)
    UART4_IRQHandler                         0x080002d3   Thumb Code     0  startup_stm32f407xx.o(.text)
    UART5_IRQHandler                         0x080002d3   Thumb Code     0  startup_stm32f407xx.o(.text)
    USART2_IRQHandler                        0x080002d3   Thumb Code     0  startup_stm32f407xx.o(.text)
    USART3_IRQHandler                        0x080002d3   Thumb Code     0  startup_stm32f407xx.o(.text)
    USART6_IRQHandler                        0x080002d3   Thumb Code     0  startup_stm32f407xx.o(.text)
    WWDG_IRQHandler                          0x080002d3   Thumb Code     0  startup_stm32f407xx.o(.text)
    __user_initial_stackheap                 0x080002d5   Thumb Code     0  startup_stm32f407xx.o(.text)
    malloc                                   0x080002f9   Thumb Code    94  h1_alloc.o(.text)
    free                                     0x08000357   Thumb Code    78  h1_free.o(.text)
    __aeabi_uldivmod                         0x080003a5   Thumb Code     0  lludivv7m.o(.text)
    _ll_udiv                                 0x080003a5   Thumb Code   238  lludivv7m.o(.text)
    __2printf                                0x08000495   Thumb Code    20  noretval__2printf.o(.text)
    __printf                                 0x080004ad   Thumb Code   104  __printf.o(.text)
    _printf_int_dec                          0x08000515   Thumb Code   104  _printf_dec.o(.text)
    _printf_int_hex                          0x0800058d   Thumb Code    84  _printf_hex_int.o(.text)
    _printf_longlong_hex                     0x0800058d   Thumb Code     0  _printf_hex_int.o(.text)
    srand                                    0x080005e5   Thumb Code    42  rand.o(.text)
    _rand_init                               0x0800060f   Thumb Code     4  rand.o(.text)
    strstr                                   0x08000621   Thumb Code    36  strstr.o(.text)
    __aeabi_memcpy                           0x08000645   Thumb Code     0  rt_memcpy_v6.o(.text)
    __rt_memcpy                              0x08000645   Thumb Code   138  rt_memcpy_v6.o(.text)
    _memcpy_lastbytes                        0x080006ab   Thumb Code     0  rt_memcpy_v6.o(.text)
    __aeabi_memclr                           0x080006cf   Thumb Code     0  rt_memclr.o(.text)
    __rt_memclr                              0x080006cf   Thumb Code    68  rt_memclr.o(.text)
    _memset                                  0x080006d3   Thumb Code     0  rt_memclr.o(.text)
    __aeabi_memclr4                          0x08000713   Thumb Code     0  rt_memclr_w.o(.text)
    __aeabi_memclr8                          0x08000713   Thumb Code     0  rt_memclr_w.o(.text)
    __rt_memclr_w                            0x08000713   Thumb Code    78  rt_memclr_w.o(.text)
    _memset_w                                0x08000717   Thumb Code     0  rt_memclr_w.o(.text)
    __use_two_region_memory                  0x08000761   Thumb Code     2  heapauxi.o(.text)
    __rt_heap_escrow                         0x08000763   Thumb Code     2  heapauxi.o(.text)
    __rt_heap_expand                         0x08000765   Thumb Code     2  heapauxi.o(.text)
    __rt_heap_descriptor                     0x08000769   Thumb Code     8  rt_heap_descriptor_intlibspace.o(.text)
    __use_no_heap                            0x08000771   Thumb Code     2  hguard.o(.text)
    __heap$guard                             0x08000773   Thumb Code     2  hguard.o(.text)
    _terminate_user_alloc                    0x08000775   Thumb Code     2  init_alloc.o(.text)
    _init_user_alloc                         0x08000777   Thumb Code     2  init_alloc.o(.text)
    __Heap_Full                              0x08000779   Thumb Code    34  init_alloc.o(.text)
    __Heap_Broken                            0x0800079b   Thumb Code     6  init_alloc.o(.text)
    _init_alloc                              0x080007a1   Thumb Code    94  init_alloc.o(.text)
    __Heap_Initialize                        0x080007ff   Thumb Code    10  h1_init.o(.text)
    __Heap_DescSize                          0x08000809   Thumb Code     4  h1_init.o(.text)
    _printf_int_common                       0x0800080d   Thumb Code   178  _printf_intcommon.o(.text)
    _printf_char_file                        0x080008c1   Thumb Code    32  _printf_char_file.o(.text)
    __aeabi_memcpy4                          0x080008e5   Thumb Code     0  rt_memcpy_w.o(.text)
    __aeabi_memcpy8                          0x080008e5   Thumb Code     0  rt_memcpy_w.o(.text)
    __rt_memcpy_w                            0x080008e5   Thumb Code   100  rt_memcpy_w.o(.text)
    _memcpy_lastbytes_aligned                0x0800092d   Thumb Code     0  rt_memcpy_w.o(.text)
    __user_libspace                          0x08000949   Thumb Code     8  libspace.o(.text)
    __user_perproc_libspace                  0x08000949   Thumb Code     0  libspace.o(.text)
    __user_perthread_libspace                0x08000949   Thumb Code     0  libspace.o(.text)
    __Heap_ProvideMemory                     0x08000951   Thumb Code    52  h1_extend.o(.text)
    _printf_char_common                      0x0800098f   Thumb Code    32  _printf_char_common.o(.text)
    ferror                                   0x080009b5   Thumb Code     8  ferror.o(.text)
    __rt_SIGRTMEM                            0x080009bd   Thumb Code    14  defsig_rtmem_outer.o(.text)
    __I$use$semihosting                      0x080009cb   Thumb Code     0  use_no_semi.o(.text)
    __use_no_semihosting_swi                 0x080009cb   Thumb Code     2  use_no_semi.o(.text)
    __semihosting_library_function           0x080009cd   Thumb Code     0  indicate_semi.o(.text)
    __user_setup_stackheap                   0x080009cd   Thumb Code    74  sys_stackheap_outer.o(.text)
    exit                                     0x08000a17   Thumb Code    18  exit.o(.text)
    __sig_exit                               0x08000a29   Thumb Code    10  defsig_exit.o(.text)
    __rt_SIGRTMEM_inner                      0x08000a35   Thumb Code    22  defsig_rtmem_inner.o(.text)
    _sys_exit                                0x08000a85   Thumb Code     8  sys_exit.o(.text)
    __default_signal_display                 0x08000a91   Thumb Code    50  defsig_general.o(.text)
    _ttywrch                                 0x08000ac3   Thumb Code    14  sys_wrch.o(.text)
    BusFault_Handler                         0x08000ad1   Thumb Code     4  stm32f4xx_it.o(i.BusFault_Handler)
    DMA2_Stream0_IRQHandler                  0x08000ad5   Thumb Code    10  stm32f4xx_it.o(i.DMA2_Stream0_IRQHandler)
    DMA2_Stream3_IRQHandler                  0x08000ae5   Thumb Code    10  stm32f4xx_it.o(i.DMA2_Stream3_IRQHandler)
    DebugMon_Handler                         0x08000bff   Thumb Code     2  stm32f4xx_it.o(i.DebugMon_Handler)
    Error_Handler                            0x08000c61   Thumb Code     6  main.o(i.Error_Handler)
    GPIODevFind                              0x08000c69   Thumb Code    34  dev_gpio.o(i.GPIODevFind)
    GPIODevInsert                            0x08000c91   Thumb Code    36  dev_gpio.o(i.GPIODevInsert)
    GPIODevRegister                          0x08000cb9   Thumb Code    34  dev_gpio.o(i.GPIODevRegister)
    GPIODevicesHead                          0x08000cdd   Thumb Code     4  drv_gpio.o(i.GPIODevicesHead)
    GPIODevicesNum                           0x08000ce5   Thumb Code     4  drv_gpio.o(i.GPIODevicesNum)
    GPIODrvInit                              0x08000ce9   Thumb Code   144  drv_gpio.o(i.GPIODrvInit)
    GPIODrvRead                              0x08000d8d   Thumb Code    28  drv_gpio.o(i.GPIODrvRead)
    GPIODrvWrite                             0x08000da9   Thumb Code    42  drv_gpio.o(i.GPIODrvWrite)
    GPIOIrqDrvRead                           0x08000dd5   Thumb Code   200  drv_gpio.o(i.GPIOIrqDrvRead)
    GetW25Q64Device                          0x08000ebd   Thumb Code     4  w25q64.o(i.GetW25Q64Device)
    HAL_DMA_Abort                            0x08000ec5   Thumb Code   172  stm32f4xx_hal_dma.o(i.HAL_DMA_Abort)
    HAL_DMA_Abort_IT                         0x08000f71   Thumb Code    40  stm32f4xx_hal_dma.o(i.HAL_DMA_Abort_IT)
    HAL_DMA_IRQHandler                       0x08000f99   Thumb Code   570  stm32f4xx_hal_dma.o(i.HAL_DMA_IRQHandler)
    HAL_DMA_Init                             0x080011d9   Thumb Code   232  stm32f4xx_hal_dma.o(i.HAL_DMA_Init)
    HAL_DMA_Start_IT                         0x080012c5   Thumb Code   146  stm32f4xx_hal_dma.o(i.HAL_DMA_Start_IT)
    HAL_GPIO_Init                            0x08001359   Thumb Code   454  stm32f4xx_hal_gpio.o(i.HAL_GPIO_Init)
    HAL_GPIO_ReadPin                         0x0800154d   Thumb Code    16  stm32f4xx_hal_gpio.o(i.HAL_GPIO_ReadPin)
    HAL_GPIO_WritePin                        0x0800155d   Thumb Code    12  stm32f4xx_hal_gpio.o(i.HAL_GPIO_WritePin)
    HAL_GetTick                              0x08001569   Thumb Code     6  stm32f4xx_hal.o(i.HAL_GetTick)
    HAL_IncTick                              0x08001575   Thumb Code    16  stm32f4xx_hal.o(i.HAL_IncTick)
    HAL_Init                                 0x0800158d   Thumb Code    54  stm32f4xx_hal.o(i.HAL_Init)
    HAL_InitTick                             0x080015c9   Thumb Code    64  stm32f4xx_hal.o(i.HAL_InitTick)
    HAL_MspInit                              0x08001615   Thumb Code    68  stm32f4xx_hal_msp.o(i.HAL_MspInit)
    HAL_NVIC_EnableIRQ                       0x0800165d   Thumb Code    32  stm32f4xx_hal_cortex.o(i.HAL_NVIC_EnableIRQ)
    HAL_NVIC_SetPriority                     0x0800167d   Thumb Code   124  stm32f4xx_hal_cortex.o(i.HAL_NVIC_SetPriority)
    HAL_NVIC_SetPriorityGrouping             0x080016f9   Thumb Code    32  stm32f4xx_hal_cortex.o(i.HAL_NVIC_SetPriorityGrouping)
    HAL_RCC_ClockConfig                      0x08001721   Thumb Code   368  stm32f4xx_hal_rcc.o(i.HAL_RCC_ClockConfig)
    HAL_RCC_GetHCLKFreq                      0x080018a5   Thumb Code     6  stm32f4xx_hal_rcc.o(i.HAL_RCC_GetHCLKFreq)
    HAL_RCC_GetPCLK1Freq                     0x080018b1   Thumb Code    22  stm32f4xx_hal_rcc.o(i.HAL_RCC_GetPCLK1Freq)
    HAL_RCC_GetPCLK2Freq                     0x080018d1   Thumb Code    22  stm32f4xx_hal_rcc.o(i.HAL_RCC_GetPCLK2Freq)
    HAL_RCC_GetSysClockFreq                  0x080018f1   Thumb Code   162  stm32f4xx_hal_rcc.o(i.HAL_RCC_GetSysClockFreq)
    HAL_RCC_OscConfig                        0x080019a1   Thumb Code  1172  stm32f4xx_hal_rcc.o(i.HAL_RCC_OscConfig)
    HAL_SPI_ErrorCallback                    0x08001e3d   Thumb Code     2  stm32f4xx_hal_spi.o(i.HAL_SPI_ErrorCallback)
    HAL_SPI_IRQHandler                       0x08001e41   Thumb Code   342  stm32f4xx_hal_spi.o(i.HAL_SPI_IRQHandler)
    HAL_SPI_Init                             0x08001f9d   Thumb Code   200  stm32f4xx_hal_spi.o(i.HAL_SPI_Init)
    HAL_SPI_MspInit                          0x08002065   Thumb Code   258  spi.o(i.HAL_SPI_MspInit)
    HAL_SPI_Receive_DMA                      0x08002181   Thumb Code   270  stm32f4xx_hal_spi.o(i.HAL_SPI_Receive_DMA)
    HAL_SPI_Receive_IT                       0x0800229d   Thumb Code   206  stm32f4xx_hal_spi.o(i.HAL_SPI_Receive_IT)
    HAL_SPI_RxCpltCallback                   0x08002375   Thumb Code     8  drv_spi.o(i.HAL_SPI_RxCpltCallback)
    HAL_SPI_RxHalfCpltCallback               0x08002381   Thumb Code     2  stm32f4xx_hal_spi.o(i.HAL_SPI_RxHalfCpltCallback)
    HAL_SPI_TransmitReceive_DMA              0x08002385   Thumb Code   342  stm32f4xx_hal_spi.o(i.HAL_SPI_TransmitReceive_DMA)
    HAL_SPI_TransmitReceive_IT               0x080024f1   Thumb Code   178  stm32f4xx_hal_spi.o(i.HAL_SPI_TransmitReceive_IT)
    HAL_SPI_Transmit_DMA                     0x080025b5   Thumb Code   240  stm32f4xx_hal_spi.o(i.HAL_SPI_Transmit_DMA)
    HAL_SPI_Transmit_IT                      0x080026b1   Thumb Code   170  stm32f4xx_hal_spi.o(i.HAL_SPI_Transmit_IT)
    HAL_SPI_TxCpltCallback                   0x08002765   Thumb Code     8  drv_spi.o(i.HAL_SPI_TxCpltCallback)
    HAL_SPI_TxHalfCpltCallback               0x08002771   Thumb Code     2  stm32f4xx_hal_spi.o(i.HAL_SPI_TxHalfCpltCallback)
    HAL_SPI_TxRxCpltCallback                 0x08002775   Thumb Code     8  drv_spi.o(i.HAL_SPI_TxRxCpltCallback)
    HAL_SPI_TxRxHalfCpltCallback             0x08002781   Thumb Code     2  stm32f4xx_hal_spi.o(i.HAL_SPI_TxRxHalfCpltCallback)
    HAL_SYSTICK_Config                       0x08002783   Thumb Code    52  stm32f4xx_hal_cortex.o(i.HAL_SYSTICK_Config)
    HAL_UARTEx_RxEventCallback               0x080027b7   Thumb Code     2  stm32f4xx_hal_uart.o(i.HAL_UARTEx_RxEventCallback)
    HAL_UART_ErrorCallback                   0x080027b9   Thumb Code     2  stm32f4xx_hal_uart.o(i.HAL_UART_ErrorCallback)
    HAL_UART_IRQHandler                      0x080027bd   Thumb Code   732  stm32f4xx_hal_uart.o(i.HAL_UART_IRQHandler)
    HAL_UART_Init                            0x08002a9d   Thumb Code   114  stm32f4xx_hal_uart.o(i.HAL_UART_Init)
    HAL_UART_MspInit                         0x08002b11   Thumb Code   140  usart.o(i.HAL_UART_MspInit)
    HAL_UART_Receive_IT                      0x08002ba9   Thumb Code    66  stm32f4xx_hal_uart.o(i.HAL_UART_Receive_IT)
    HAL_UART_RxCpltCallback                  0x08002bed   Thumb Code    40  drv_uart.o(i.HAL_UART_RxCpltCallback)
    HAL_UART_Transmit_IT                     0x08002c21   Thumb Code    88  stm32f4xx_hal_uart.o(i.HAL_UART_Transmit_IT)
    HAL_UART_TxCpltCallback                  0x08002c79   Thumb Code     8  drv_uart.o(i.HAL_UART_TxCpltCallback)
    HardFault_Handler                        0x08002c85   Thumb Code     4  stm32f4xx_it.o(i.HardFault_Handler)
    MX_DMA_Init                              0x08002c89   Thumb Code    68  dma.o(i.MX_DMA_Init)
    MX_GPIO_Init                             0x08002cd1   Thumb Code   142  gpio.o(i.MX_GPIO_Init)
    MX_SPI1_Init                             0x08002d69   Thumb Code    58  spi.o(i.MX_SPI1_Init)
    MX_USART1_UART_Init                      0x08002dad   Thumb Code    46  usart.o(i.MX_USART1_UART_Init)
    MemManage_Handler                        0x08002de5   Thumb Code     4  stm32f4xx_it.o(i.MemManage_Handler)
    NMI_Handler                              0x08002de9   Thumb Code     4  stm32f4xx_it.o(i.NMI_Handler)
    PendSV_Handler                           0x08002ec1   Thumb Code     2  stm32f4xx_it.o(i.PendSV_Handler)
    RingBuffNew                              0x08002fb9   Thumb Code    82  ring_buffer.o(i.RingBuffNew)
    SPI1_IRQHandler                          0x0800312d   Thumb Code    10  stm32f4xx_it.o(i.SPI1_IRQHandler)
    SPIDevFind                               0x0800313d   Thumb Code    40  dev_spi.o(i.SPIDevFind)
    SPIDevInsert                             0x08003169   Thumb Code    36  dev_spi.o(i.SPIDevInsert)
    SPIDevRegister                           0x08003191   Thumb Code    40  dev_spi.o(i.SPIDevRegister)
    SPIDeviceGetHead                         0x080031b9   Thumb Code     4  drv_spi.o(i.SPIDeviceGetHead)
    SPIDeviceNum                             0x080031c1   Thumb Code     4  drv_spi.o(i.SPIDeviceNum)
    SVC_Handler                              0x08003a71   Thumb Code     2  stm32f4xx_it.o(i.SVC_Handler)
    SysTick_Handler                          0x08003b19   Thumb Code     8  stm32f4xx_it.o(i.SysTick_Handler)
    SystemClock_Config                       0x08003b21   Thumb Code   170  main.o(i.SystemClock_Config)
    SystemInit                               0x08003bd5   Thumb Code    14  system_stm32f4xx.o(i.SystemInit)
    UARTDevFind                              0x08003be9   Thumb Code    40  dev_uart.o(i.UARTDevFind)
    UARTDevInsert                            0x08003c15   Thumb Code    36  dev_uart.o(i.UARTDevInsert)
    UARTDevRegister                          0x08003c3d   Thumb Code    40  dev_uart.o(i.UARTDevRegister)
    UARTDeviceGetHead                        0x08003c65   Thumb Code     4  drv_uart.o(i.UARTDeviceGetHead)
    UARTDeviceNum                            0x08003c6d   Thumb Code     4  drv_uart.o(i.UARTDeviceNum)
    UARTDrvInit                              0x08003c71   Thumb Code   104  drv_uart.o(i.UARTDrvInit)
    UARTDrvRead                              0x08003cf1   Thumb Code    94  drv_uart.o(i.UARTDrvRead)
    UARTDrvWrite                             0x08003d55   Thumb Code    90  drv_uart.o(i.UARTDrvWrite)
    UART_Start_Receive_IT                    0x08004179   Thumb Code    74  stm32f4xx_hal_uart.o(i.UART_Start_Receive_IT)
    USART1_IRQHandler                        0x08004225   Thumb Code    10  stm32f4xx_it.o(i.USART1_IRQHandler)
    UsageFault_Handler                       0x0800424d   Thumb Code     4  stm32f4xx_it.o(i.UsageFault_Handler)
    WaitRxComplete                           0x08004485   Thumb Code    18  drv_spi.o(i.WaitRxComplete)
    WaitTxComplete                           0x0800449d   Thumb Code    18  drv_spi.o(i.WaitTxComplete)
    WaitTxRxComplete                         0x080044b5   Thumb Code    18  drv_spi.o(i.WaitTxRxComplete)
    fputc                                    0x0800458d   Thumb Code    40  printf.o(i.fputc)
    main                                     0x080045c1   Thumb Code    32  main.o(i.main)
    w25q64_test                              0x080045e1   Thumb Code   208  app_w25q64_test.o(i.w25q64_test)
    _fp_init                                 0x080046f9   Thumb Code    10  fpinit.o(x$fpl$fpinit)
    __fplib_config_fpu_vfp                   0x08004701   Thumb Code     0  fpinit.o(x$fpl$fpinit)
    __fplib_config_pureend_doubles           0x08004701   Thumb Code     0  fpinit.o(x$fpl$fpinit)
    AHBPrescTable                            0x0800470a   Data          16  system_stm32f4xx.o(.constdata)
    APBPrescTable                            0x0800471a   Data           8  system_stm32f4xx.o(.constdata)
    Region$$Table$$Base                      0x08004794   Number         0  anon$$obj.o(Region$$Table)
    Region$$Table$$Limit                     0x080047b4   Number         0  anon$$obj.o(Region$$Table)
    uwTick                                   0x20000000   Data           4  stm32f4xx_hal.o(.data)
    uwTickPrio                               0x20000004   Data           4  stm32f4xx_hal.o(.data)
    uwTickFreq                               0x20000008   Data           1  stm32f4xx_hal.o(.data)
    SystemCoreClock                          0x2000000c   Data           4  system_stm32f4xx.o(.data)
    rxdata                                   0x20000160   Data           1  drv_uart.o(.data)
    __stdout                                 0x200001a8   Data           4  printf.o(.data)
    hspi1                                    0x200001ac   Data          88  spi.o(.bss)
    hdma_spi1_rx                             0x20000204   Data          96  spi.o(.bss)
    hdma_spi1_tx                             0x20000264   Data          96  spi.o(.bss)
    huart1                                   0x200002c4   Data          68  usart.o(.bss)
    _random_number_data                      0x2000a308   Data         228  rand.o(.bss)
    __libspace_start                         0x2000a3ec   Data          96  libspace.o(.bss)
    __temporary_stack_top$libspace           0x2000a44c   Data           0  libspace.o(.bss)



==============================================================================

Memory Map of the image

  Image Entry point : 0x08000189

  Load Region LR_IROM1 (Base: 0x08000000, Size: 0x00004960, Max: 0x00100000, ABSOLUTE, COMPRESSED[0x00004848])

    Execution Region ER_IROM1 (Exec base: 0x08000000, Load base: 0x08000000, Size: 0x000047b4, Max: 0x00100000, ABSOLUTE)

    Exec Addr    Load Addr    Size         Type   Attr      Idx    E Section Name        Object

    0x08000000   0x08000000   0x00000188   Data   RO            3    RESET               startup_stm32f407xx.o
    0x08000188   0x08000188   0x00000008   Code   RO         3063  * !!!main             c_w.l(__main.o)
    0x08000190   0x08000190   0x00000034   Code   RO         3293    !!!scatter          c_w.l(__scatter.o)
    0x080001c4   0x080001c4   0x0000005a   Code   RO         3291    !!dczerorl2         c_w.l(__dczerorl2.o)
    0x0800021e   0x0800021e   0x00000002   PAD
    0x08000220   0x08000220   0x0000001c   Code   RO         3295    !!handler_zi        c_w.l(__scatter_zi.o)
    0x0800023c   0x0800023c   0x00000000   Code   RO         3047    .ARM.Collect$$_printf_percent$$00000000  c_w.l(_printf_percent.o)
    0x0800023c   0x0800023c   0x00000006   Code   RO         3046    .ARM.Collect$$_printf_percent$$00000009  c_w.l(_printf_d.o)
    0x08000242   0x08000242   0x00000006   Code   RO         3045    .ARM.Collect$$_printf_percent$$0000000C  c_w.l(_printf_x.o)
    0x08000248   0x08000248   0x00000004   Code   RO         3101    .ARM.Collect$$_printf_percent$$00000017  c_w.l(_printf_percent_end.o)
    0x0800024c   0x0800024c   0x00000002   Code   RO         3228    .ARM.Collect$$libinit$$00000000  c_w.l(libinit.o)
    0x0800024e   0x0800024e   0x00000004   Code   RO         3106    .ARM.Collect$$libinit$$00000001  c_w.l(libinit2.o)
    0x08000252   0x08000252   0x00000000   Code   RO         3109    .ARM.Collect$$libinit$$00000004  c_w.l(libinit2.o)
    0x08000252   0x08000252   0x00000008   Code   RO         3110    .ARM.Collect$$libinit$$00000005  c_w.l(libinit2.o)
    0x0800025a   0x0800025a   0x00000000   Code   RO         3112    .ARM.Collect$$libinit$$0000000A  c_w.l(libinit2.o)
    0x0800025a   0x0800025a   0x00000000   Code   RO         3114    .ARM.Collect$$libinit$$0000000C  c_w.l(libinit2.o)
    0x0800025a   0x0800025a   0x00000004   Code   RO         3115    .ARM.Collect$$libinit$$0000000D  c_w.l(libinit2.o)
    0x0800025e   0x0800025e   0x00000000   Code   RO         3116    .ARM.Collect$$libinit$$0000000E  c_w.l(libinit2.o)
    0x0800025e   0x0800025e   0x00000000   Code   RO         3119    .ARM.Collect$$libinit$$00000011  c_w.l(libinit2.o)
    0x0800025e   0x0800025e   0x00000000   Code   RO         3121    .ARM.Collect$$libinit$$00000013  c_w.l(libinit2.o)
    0x0800025e   0x0800025e   0x00000000   Code   RO         3123    .ARM.Collect$$libinit$$00000015  c_w.l(libinit2.o)
    0x0800025e   0x0800025e   0x00000000   Code   RO         3125    .ARM.Collect$$libinit$$00000017  c_w.l(libinit2.o)
    0x0800025e   0x0800025e   0x00000000   Code   RO         3127    .ARM.Collect$$libinit$$00000019  c_w.l(libinit2.o)
    0x0800025e   0x0800025e   0x00000000   Code   RO         3129    .ARM.Collect$$libinit$$0000001B  c_w.l(libinit2.o)
    0x0800025e   0x0800025e   0x00000000   Code   RO         3131    .ARM.Collect$$libinit$$0000001D  c_w.l(libinit2.o)
    0x0800025e   0x0800025e   0x00000000   Code   RO         3133    .ARM.Collect$$libinit$$0000001F  c_w.l(libinit2.o)
    0x0800025e   0x0800025e   0x00000000   Code   RO         3135    .ARM.Collect$$libinit$$00000021  c_w.l(libinit2.o)
    0x0800025e   0x0800025e   0x00000000   Code   RO         3137    .ARM.Collect$$libinit$$00000023  c_w.l(libinit2.o)
    0x0800025e   0x0800025e   0x00000000   Code   RO         3139    .ARM.Collect$$libinit$$00000025  c_w.l(libinit2.o)
    0x0800025e   0x0800025e   0x00000000   Code   RO         3143    .ARM.Collect$$libinit$$0000002C  c_w.l(libinit2.o)
    0x0800025e   0x0800025e   0x00000000   Code   RO         3145    .ARM.Collect$$libinit$$0000002E  c_w.l(libinit2.o)
    0x0800025e   0x0800025e   0x00000000   Code   RO         3147    .ARM.Collect$$libinit$$00000030  c_w.l(libinit2.o)
    0x0800025e   0x0800025e   0x00000000   Code   RO         3149    .ARM.Collect$$libinit$$00000032  c_w.l(libinit2.o)
    0x0800025e   0x0800025e   0x00000002   Code   RO         3150    .ARM.Collect$$libinit$$00000033  c_w.l(libinit2.o)
    0x08000260   0x08000260   0x00000002   Code   RO         3288    .ARM.Collect$$libshutdown$$00000000  c_w.l(libshutdown.o)
    0x08000262   0x08000262   0x00000000   Code   RO         3244    .ARM.Collect$$libshutdown$$00000002  c_w.l(libshutdown2.o)
    0x08000262   0x08000262   0x00000000   Code   RO         3246    .ARM.Collect$$libshutdown$$00000004  c_w.l(libshutdown2.o)
    0x08000262   0x08000262   0x00000000   Code   RO         3248    .ARM.Collect$$libshutdown$$00000006  c_w.l(libshutdown2.o)
    0x08000262   0x08000262   0x00000000   Code   RO         3251    .ARM.Collect$$libshutdown$$00000009  c_w.l(libshutdown2.o)
    0x08000262   0x08000262   0x00000000   Code   RO         3254    .ARM.Collect$$libshutdown$$0000000C  c_w.l(libshutdown2.o)
    0x08000262   0x08000262   0x00000000   Code   RO         3256    .ARM.Collect$$libshutdown$$0000000E  c_w.l(libshutdown2.o)
    0x08000262   0x08000262   0x00000000   Code   RO         3259    .ARM.Collect$$libshutdown$$00000011  c_w.l(libshutdown2.o)
    0x08000262   0x08000262   0x00000002   Code   RO         3260    .ARM.Collect$$libshutdown$$00000012  c_w.l(libshutdown2.o)
    0x08000264   0x08000264   0x00000000   Code   RO         3067    .ARM.Collect$$rtentry$$00000000  c_w.l(__rtentry.o)
    0x08000264   0x08000264   0x00000000   Code   RO         3157    .ARM.Collect$$rtentry$$00000002  c_w.l(__rtentry2.o)
    0x08000264   0x08000264   0x00000006   Code   RO         3169    .ARM.Collect$$rtentry$$00000004  c_w.l(__rtentry4.o)
    0x0800026a   0x0800026a   0x00000000   Code   RO         3159    .ARM.Collect$$rtentry$$00000009  c_w.l(__rtentry2.o)
    0x0800026a   0x0800026a   0x00000004   Code   RO         3160    .ARM.Collect$$rtentry$$0000000A  c_w.l(__rtentry2.o)
    0x0800026e   0x0800026e   0x00000000   Code   RO         3162    .ARM.Collect$$rtentry$$0000000C  c_w.l(__rtentry2.o)
    0x0800026e   0x0800026e   0x00000008   Code   RO         3163    .ARM.Collect$$rtentry$$0000000D  c_w.l(__rtentry2.o)
    0x08000276   0x08000276   0x00000002   Code   RO         3231    .ARM.Collect$$rtexit$$00000000  c_w.l(rtexit.o)
    0x08000278   0x08000278   0x00000000   Code   RO         3264    .ARM.Collect$$rtexit$$00000002  c_w.l(rtexit2.o)
    0x08000278   0x08000278   0x00000004   Code   RO         3265    .ARM.Collect$$rtexit$$00000003  c_w.l(rtexit2.o)
    0x0800027c   0x0800027c   0x00000006   Code   RO         3266    .ARM.Collect$$rtexit$$00000004  c_w.l(rtexit2.o)
    0x08000282   0x08000282   0x00000002   PAD
    0x08000284   0x08000284   0x00000034   Code   RO         3048    .emb_text           c_w.l(rand.o)
    0x080002b8   0x080002b8   0x00000000   Code   RO         3175    .emb_text           c_w.l(maybetermalloc1.o)
    0x080002b8   0x080002b8   0x00000040   Code   RO            4    .text               startup_stm32f407xx.o
    0x080002f8   0x080002f8   0x0000005e   Code   RO         2936    .text               c_w.l(h1_alloc.o)
    0x08000356   0x08000356   0x0000004e   Code   RO         2938    .text               c_w.l(h1_free.o)
    0x080003a4   0x080003a4   0x000000ee   Code   RO         2994    .text               c_w.l(lludivv7m.o)
    0x08000492   0x08000492   0x00000002   PAD
    0x08000494   0x08000494   0x00000018   Code   RO         2998    .text               c_w.l(noretval__2printf.o)
    0x080004ac   0x080004ac   0x00000068   Code   RO         3000    .text               c_w.l(__printf.o)
    0x08000514   0x08000514   0x00000078   Code   RO         3002    .text               c_w.l(_printf_dec.o)
    0x0800058c   0x0800058c   0x00000058   Code   RO         3007    .text               c_w.l(_printf_hex_int.o)
    0x080005e4   0x080005e4   0x0000003c   Code   RO         3049    .text               c_w.l(rand.o)
    0x08000620   0x08000620   0x00000024   Code   RO         3053    .text               c_w.l(strstr.o)
    0x08000644   0x08000644   0x0000008a   Code   RO         3055    .text               c_w.l(rt_memcpy_v6.o)
    0x080006ce   0x080006ce   0x00000044   Code   RO         3057    .text               c_w.l(rt_memclr.o)
    0x08000712   0x08000712   0x0000004e   Code   RO         3059    .text               c_w.l(rt_memclr_w.o)
    0x08000760   0x08000760   0x00000006   Code   RO         3061    .text               c_w.l(heapauxi.o)
    0x08000766   0x08000766   0x00000002   PAD
    0x08000768   0x08000768   0x00000008   Code   RO         3075    .text               c_w.l(rt_heap_descriptor_intlibspace.o)
    0x08000770   0x08000770   0x00000004   Code   RO         3077    .text               c_w.l(hguard.o)
    0x08000774   0x08000774   0x0000008a   Code   RO         3079    .text               c_w.l(init_alloc.o)
    0x080007fe   0x080007fe   0x0000000e   Code   RO         3083    .text               c_w.l(h1_init.o)
    0x0800080c   0x0800080c   0x000000b2   Code   RO         3097    .text               c_w.l(_printf_intcommon.o)
    0x080008be   0x080008be   0x00000002   PAD
    0x080008c0   0x080008c0   0x00000024   Code   RO         3099    .text               c_w.l(_printf_char_file.o)
    0x080008e4   0x080008e4   0x00000064   Code   RO         3102    .text               c_w.l(rt_memcpy_w.o)
    0x08000948   0x08000948   0x00000008   Code   RO         3153    .text               c_w.l(libspace.o)
    0x08000950   0x08000950   0x00000034   Code   RO         3177    .text               c_w.l(h1_extend.o)
    0x08000984   0x08000984   0x00000030   Code   RO         3181    .text               c_w.l(_printf_char_common.o)
    0x080009b4   0x080009b4   0x00000008   Code   RO         3183    .text               c_w.l(ferror.o)
    0x080009bc   0x080009bc   0x0000000e   Code   RO         3187    .text               c_w.l(defsig_rtmem_outer.o)
    0x080009ca   0x080009ca   0x00000002   Code   RO         3198    .text               c_w.l(use_no_semi.o)
    0x080009cc   0x080009cc   0x00000000   Code   RO         3200    .text               c_w.l(indicate_semi.o)
    0x080009cc   0x080009cc   0x0000004a   Code   RO         3201    .text               c_w.l(sys_stackheap_outer.o)
    0x08000a16   0x08000a16   0x00000012   Code   RO         3209    .text               c_w.l(exit.o)
    0x08000a28   0x08000a28   0x0000000a   Code   RO         3211    .text               c_w.l(defsig_exit.o)
    0x08000a32   0x08000a32   0x00000002   PAD
    0x08000a34   0x08000a34   0x00000050   Code   RO         3217    .text               c_w.l(defsig_rtmem_inner.o)
    0x08000a84   0x08000a84   0x0000000c   Code   RO         3229    .text               c_w.l(sys_exit.o)
    0x08000a90   0x08000a90   0x00000032   Code   RO         3239    .text               c_w.l(defsig_general.o)
    0x08000ac2   0x08000ac2   0x0000000e   Code   RO         3261    .text               c_w.l(sys_wrch.o)
    0x08000ad0   0x08000ad0   0x00000004   Code   RO          289    i.BusFault_Handler  stm32f4xx_it.o
    0x08000ad4   0x08000ad4   0x00000010   Code   RO          290    i.DMA2_Stream0_IRQHandler  stm32f4xx_it.o
    0x08000ae4   0x08000ae4   0x00000010   Code   RO          291    i.DMA2_Stream3_IRQHandler  stm32f4xx_it.o
    0x08000af4   0x08000af4   0x00000034   Code   RO         1239    i.DMA_CalcBaseAndBitshift  stm32f4xx_hal_dma.o
    0x08000b28   0x08000b28   0x000000aa   Code   RO         1240    i.DMA_CheckFifoParam  stm32f4xx_hal_dma.o
    0x08000bd2   0x08000bd2   0x0000002c   Code   RO         1241    i.DMA_SetConfig     stm32f4xx_hal_dma.o
    0x08000bfe   0x08000bfe   0x00000002   Code   RO          292    i.DebugMon_Handler  stm32f4xx_it.o
    0x08000c00   0x08000c00   0x00000060   Code   RO         2527    i.EnableWrite       w25q64.o
    0x08000c60   0x08000c60   0x00000006   Code   RO           13    i.Error_Handler     main.o
    0x08000c66   0x08000c66   0x00000002   PAD
    0x08000c68   0x08000c68   0x00000028   Code   RO         2431    i.GPIODevFind       dev_gpio.o
    0x08000c90   0x08000c90   0x00000028   Code   RO         2432    i.GPIODevInsert     dev_gpio.o
    0x08000cb8   0x08000cb8   0x00000022   Code   RO         2433    i.GPIODevRegister   dev_gpio.o
    0x08000cda   0x08000cda   0x00000002   PAD
    0x08000cdc   0x08000cdc   0x00000008   Code   RO         2615    i.GPIODevicesHead   drv_gpio.o
    0x08000ce4   0x08000ce4   0x00000004   Code   RO         2616    i.GPIODevicesNum    drv_gpio.o
    0x08000ce8   0x08000ce8   0x000000a4   Code   RO         2617    i.GPIODrvInit       drv_gpio.o
    0x08000d8c   0x08000d8c   0x0000001c   Code   RO         2618    i.GPIODrvRead       drv_gpio.o
    0x08000da8   0x08000da8   0x0000002a   Code   RO         2619    i.GPIODrvWrite      drv_gpio.o
    0x08000dd2   0x08000dd2   0x00000002   PAD
    0x08000dd4   0x08000dd4   0x000000e8   Code   RO         2620    i.GPIOIrqDrvRead    drv_gpio.o
    0x08000ebc   0x08000ebc   0x00000008   Code   RO         2528    i.GetW25Q64Device   w25q64.o
    0x08000ec4   0x08000ec4   0x000000ac   Code   RO         1242    i.HAL_DMA_Abort     stm32f4xx_hal_dma.o
    0x08000f70   0x08000f70   0x00000028   Code   RO         1243    i.HAL_DMA_Abort_IT  stm32f4xx_hal_dma.o
    0x08000f98   0x08000f98   0x00000240   Code   RO         1247    i.HAL_DMA_IRQHandler  stm32f4xx_hal_dma.o
    0x080011d8   0x080011d8   0x000000ec   Code   RO         1248    i.HAL_DMA_Init      stm32f4xx_hal_dma.o
    0x080012c4   0x080012c4   0x00000092   Code   RO         1252    i.HAL_DMA_Start_IT  stm32f4xx_hal_dma.o
    0x08001356   0x08001356   0x00000002   PAD
    0x08001358   0x08001358   0x000001f4   Code   RO         1135    i.HAL_GPIO_Init     stm32f4xx_hal_gpio.o
    0x0800154c   0x0800154c   0x00000010   Code   RO         1137    i.HAL_GPIO_ReadPin  stm32f4xx_hal_gpio.o
    0x0800155c   0x0800155c   0x0000000c   Code   RO         1139    i.HAL_GPIO_WritePin  stm32f4xx_hal_gpio.o
    0x08001568   0x08001568   0x0000000c   Code   RO         1672    i.HAL_GetTick       stm32f4xx_hal.o
    0x08001574   0x08001574   0x00000018   Code   RO         1678    i.HAL_IncTick       stm32f4xx_hal.o
    0x0800158c   0x0800158c   0x0000003c   Code   RO         1679    i.HAL_Init          stm32f4xx_hal.o
    0x080015c8   0x080015c8   0x0000004c   Code   RO         1680    i.HAL_InitTick      stm32f4xx_hal.o
    0x08001614   0x08001614   0x00000048   Code   RO          389    i.HAL_MspInit       stm32f4xx_hal_msp.o
    0x0800165c   0x0800165c   0x00000020   Code   RO         1524    i.HAL_NVIC_EnableIRQ  stm32f4xx_hal_cortex.o
    0x0800167c   0x0800167c   0x0000007c   Code   RO         1530    i.HAL_NVIC_SetPriority  stm32f4xx_hal_cortex.o
    0x080016f8   0x080016f8   0x00000028   Code   RO         1531    i.HAL_NVIC_SetPriorityGrouping  stm32f4xx_hal_cortex.o
    0x08001720   0x08001720   0x00000184   Code   RO          736    i.HAL_RCC_ClockConfig  stm32f4xx_hal_rcc.o
    0x080018a4   0x080018a4   0x0000000c   Code   RO          741    i.HAL_RCC_GetHCLKFreq  stm32f4xx_hal_rcc.o
    0x080018b0   0x080018b0   0x00000020   Code   RO          743    i.HAL_RCC_GetPCLK1Freq  stm32f4xx_hal_rcc.o
    0x080018d0   0x080018d0   0x00000020   Code   RO          744    i.HAL_RCC_GetPCLK2Freq  stm32f4xx_hal_rcc.o
    0x080018f0   0x080018f0   0x000000b0   Code   RO          745    i.HAL_RCC_GetSysClockFreq  stm32f4xx_hal_rcc.o
    0x080019a0   0x080019a0   0x0000049c   Code   RO          748    i.HAL_RCC_OscConfig  stm32f4xx_hal_rcc.o
    0x08001e3c   0x08001e3c   0x00000002   Code   RO          420    i.HAL_SPI_ErrorCallback  stm32f4xx_hal_spi.o
    0x08001e3e   0x08001e3e   0x00000002   PAD
    0x08001e40   0x08001e40   0x0000015c   Code   RO          423    i.HAL_SPI_IRQHandler  stm32f4xx_hal_spi.o
    0x08001f9c   0x08001f9c   0x000000c8   Code   RO          424    i.HAL_SPI_Init      stm32f4xx_hal_spi.o
    0x08002064   0x08002064   0x0000011c   Code   RO          206    i.HAL_SPI_MspInit   spi.o
    0x08002180   0x08002180   0x0000011c   Code   RO          428    i.HAL_SPI_Receive_DMA  stm32f4xx_hal_spi.o
    0x0800229c   0x0800229c   0x000000d8   Code   RO          429    i.HAL_SPI_Receive_IT  stm32f4xx_hal_spi.o
    0x08002374   0x08002374   0x0000000c   Code   RO         2774    i.HAL_SPI_RxCpltCallback  drv_spi.o
    0x08002380   0x08002380   0x00000002   Code   RO          431    i.HAL_SPI_RxHalfCpltCallback  stm32f4xx_hal_spi.o
    0x08002382   0x08002382   0x00000002   PAD
    0x08002384   0x08002384   0x0000016c   Code   RO          434    i.HAL_SPI_TransmitReceive_DMA  stm32f4xx_hal_spi.o
    0x080024f0   0x080024f0   0x000000c4   Code   RO          435    i.HAL_SPI_TransmitReceive_IT  stm32f4xx_hal_spi.o
    0x080025b4   0x080025b4   0x000000fc   Code   RO          436    i.HAL_SPI_Transmit_DMA  stm32f4xx_hal_spi.o
    0x080026b0   0x080026b0   0x000000b4   Code   RO          437    i.HAL_SPI_Transmit_IT  stm32f4xx_hal_spi.o
    0x08002764   0x08002764   0x0000000c   Code   RO         2775    i.HAL_SPI_TxCpltCallback  drv_spi.o
    0x08002770   0x08002770   0x00000002   Code   RO          439    i.HAL_SPI_TxHalfCpltCallback  stm32f4xx_hal_spi.o
    0x08002772   0x08002772   0x00000002   PAD
    0x08002774   0x08002774   0x0000000c   Code   RO         2776    i.HAL_SPI_TxRxCpltCallback  drv_spi.o
    0x08002780   0x08002780   0x00000002   Code   RO          441    i.HAL_SPI_TxRxHalfCpltCallback  stm32f4xx_hal_spi.o
    0x08002782   0x08002782   0x00000034   Code   RO         1535    i.HAL_SYSTICK_Config  stm32f4xx_hal_cortex.o
    0x080027b6   0x080027b6   0x00000002   Code   RO         1964    i.HAL_UARTEx_RxEventCallback  stm32f4xx_hal_uart.o
    0x080027b8   0x080027b8   0x00000002   Code   RO         1978    i.HAL_UART_ErrorCallback  stm32f4xx_hal_uart.o
    0x080027ba   0x080027ba   0x00000002   PAD
    0x080027bc   0x080027bc   0x000002e0   Code   RO         1981    i.HAL_UART_IRQHandler  stm32f4xx_hal_uart.o
    0x08002a9c   0x08002a9c   0x00000072   Code   RO         1982    i.HAL_UART_Init     stm32f4xx_hal_uart.o
    0x08002b0e   0x08002b0e   0x00000002   PAD
    0x08002b10   0x08002b10   0x00000098   Code   RO          248    i.HAL_UART_MspInit  usart.o
    0x08002ba8   0x08002ba8   0x00000042   Code   RO         1987    i.HAL_UART_Receive_IT  stm32f4xx_hal_uart.o
    0x08002bea   0x08002bea   0x00000002   PAD
    0x08002bec   0x08002bec   0x00000034   Code   RO         2691    i.HAL_UART_RxCpltCallback  drv_uart.o
    0x08002c20   0x08002c20   0x00000058   Code   RO         1992    i.HAL_UART_Transmit_IT  stm32f4xx_hal_uart.o
    0x08002c78   0x08002c78   0x0000000c   Code   RO         2692    i.HAL_UART_TxCpltCallback  drv_uart.o
    0x08002c84   0x08002c84   0x00000004   Code   RO          293    i.HardFault_Handler  stm32f4xx_it.o
    0x08002c88   0x08002c88   0x00000048   Code   RO          181    i.MX_DMA_Init       dma.o
    0x08002cd0   0x08002cd0   0x00000098   Code   RO          157    i.MX_GPIO_Init      gpio.o
    0x08002d68   0x08002d68   0x00000044   Code   RO          207    i.MX_SPI1_Init      spi.o
    0x08002dac   0x08002dac   0x00000038   Code   RO          249    i.MX_USART1_UART_Init  usart.o
    0x08002de4   0x08002de4   0x00000004   Code   RO          294    i.MemManage_Handler  stm32f4xx_it.o
    0x08002de8   0x08002de8   0x00000004   Code   RO          295    i.NMI_Handler       stm32f4xx_it.o
    0x08002dec   0x08002dec   0x000000d4   Code   RO         2529    i.PageWrite         w25q64.o
    0x08002ec0   0x08002ec0   0x00000002   Code   RO          296    i.PendSV_Handler    stm32f4xx_it.o
    0x08002ec2   0x08002ec2   0x00000002   PAD
    0x08002ec4   0x08002ec4   0x00000094   Code   RO         2531    i.ReadID            w25q64.o
    0x08002f58   0x08002f58   0x0000002c   Code   RO         2886    i.RingBuffClear     ring_buffer.o
    0x08002f84   0x08002f84   0x00000034   Code   RO         2887    i.RingBuffFree      ring_buffer.o
    0x08002fb8   0x08002fb8   0x00000064   Code   RO         2888    i.RingBuffNew       ring_buffer.o
    0x0800301c   0x0800301c   0x0000007e   Code   RO         2889    i.RingBuffRead      ring_buffer.o
    0x0800309a   0x0800309a   0x00000092   Code   RO         2890    i.RingBuffWrite     ring_buffer.o
    0x0800312c   0x0800312c   0x00000010   Code   RO          297    i.SPI1_IRQHandler   stm32f4xx_it.o
    0x0800313c   0x0800313c   0x0000002c   Code   RO         2495    i.SPIDevFind        dev_spi.o
    0x08003168   0x08003168   0x00000028   Code   RO         2496    i.SPIDevInsert      dev_spi.o
    0x08003190   0x08003190   0x00000028   Code   RO         2497    i.SPIDevRegister    dev_spi.o
    0x080031b8   0x080031b8   0x00000008   Code   RO         2777    i.SPIDeviceGetHead  drv_spi.o
    0x080031c0   0x080031c0   0x00000004   Code   RO         2778    i.SPIDeviceNum      drv_spi.o
    0x080031c4   0x080031c4   0x00000028   Code   RO         2779    i.SPIDrvInit        drv_spi.o
    0x080031ec   0x080031ec   0x00000094   Code   RO         2780    i.SPIDrvRead        drv_spi.o
    0x08003280   0x08003280   0x00000094   Code   RO         2781    i.SPIDrvWrite       drv_spi.o
    0x08003314   0x08003314   0x0000009c   Code   RO         2782    i.SPIDrvWriteRead   drv_spi.o
    0x080033b0   0x080033b0   0x00000034   Code   RO          442    i.SPI_2linesRxISR_16BIT  stm32f4xx_hal_spi.o
    0x080033e4   0x080033e4   0x00000034   Code   RO          443    i.SPI_2linesRxISR_8BIT  stm32f4xx_hal_spi.o
    0x08003418   0x08003418   0x00000034   Code   RO          444    i.SPI_2linesTxISR_16BIT  stm32f4xx_hal_spi.o
    0x0800344c   0x0800344c   0x00000034   Code   RO          445    i.SPI_2linesTxISR_8BIT  stm32f4xx_hal_spi.o
    0x08003480   0x08003480   0x000000bc   Code   RO          448    i.SPI_CloseRxTx_ISR  stm32f4xx_hal_spi.o
    0x0800353c   0x0800353c   0x0000005e   Code   RO          449    i.SPI_CloseRx_ISR   stm32f4xx_hal_spi.o
    0x0800359a   0x0800359a   0x00000002   PAD
    0x0800359c   0x0800359c   0x000000a0   Code   RO          450    i.SPI_CloseTx_ISR   stm32f4xx_hal_spi.o
    0x0800363c   0x0800363c   0x00000014   Code   RO          451    i.SPI_DMAAbortOnError  stm32f4xx_hal_spi.o
    0x08003650   0x08003650   0x00000028   Code   RO          452    i.SPI_DMAError      stm32f4xx_hal_spi.o
    0x08003678   0x08003678   0x0000000e   Code   RO          453    i.SPI_DMAHalfReceiveCplt  stm32f4xx_hal_spi.o
    0x08003686   0x08003686   0x0000000e   Code   RO          454    i.SPI_DMAHalfTransmitCplt  stm32f4xx_hal_spi.o
    0x08003694   0x08003694   0x0000000e   Code   RO          455    i.SPI_DMAHalfTransmitReceiveCplt  stm32f4xx_hal_spi.o
    0x080036a2   0x080036a2   0x0000007c   Code   RO          456    i.SPI_DMAReceiveCplt  stm32f4xx_hal_spi.o
    0x0800371e   0x0800371e   0x00000080   Code   RO          458    i.SPI_DMATransmitCplt  stm32f4xx_hal_spi.o
    0x0800379e   0x0800379e   0x00000068   Code   RO          459    i.SPI_DMATransmitReceiveCplt  stm32f4xx_hal_spi.o
    0x08003806   0x08003806   0x00000094   Code   RO          461    i.SPI_EndRxTransaction  stm32f4xx_hal_spi.o
    0x0800389a   0x0800389a   0x00000002   PAD
    0x0800389c   0x0800389c   0x0000006c   Code   RO          462    i.SPI_EndRxTxTransaction  stm32f4xx_hal_spi.o
    0x08003908   0x08003908   0x00000024   Code   RO          463    i.SPI_RxISR_16BIT   stm32f4xx_hal_spi.o
    0x0800392c   0x0800392c   0x00000024   Code   RO          464    i.SPI_RxISR_8BIT    stm32f4xx_hal_spi.o
    0x08003950   0x08003950   0x00000024   Code   RO          465    i.SPI_TxISR_16BIT   stm32f4xx_hal_spi.o
    0x08003974   0x08003974   0x00000024   Code   RO          466    i.SPI_TxISR_8BIT    stm32f4xx_hal_spi.o
    0x08003998   0x08003998   0x000000d8   Code   RO          467    i.SPI_WaitFlagStateUntilTimeout  stm32f4xx_hal_spi.o
    0x08003a70   0x08003a70   0x00000002   Code   RO          298    i.SVC_Handler       stm32f4xx_it.o
    0x08003a72   0x08003a72   0x00000002   PAD
    0x08003a74   0x08003a74   0x000000a4   Code   RO         2532    i.SectorErase       w25q64.o
    0x08003b18   0x08003b18   0x00000008   Code   RO          299    i.SysTick_Handler   stm32f4xx_it.o
    0x08003b20   0x08003b20   0x000000b4   Code   RO           14    i.SystemClock_Config  main.o
    0x08003bd4   0x08003bd4   0x00000014   Code   RO         2321    i.SystemInit        system_stm32f4xx.o
    0x08003be8   0x08003be8   0x0000002c   Code   RO         2466    i.UARTDevFind       dev_uart.o
    0x08003c14   0x08003c14   0x00000028   Code   RO         2467    i.UARTDevInsert     dev_uart.o
    0x08003c3c   0x08003c3c   0x00000028   Code   RO         2468    i.UARTDevRegister   dev_uart.o
    0x08003c64   0x08003c64   0x00000008   Code   RO         2693    i.UARTDeviceGetHead  drv_uart.o
    0x08003c6c   0x08003c6c   0x00000004   Code   RO         2694    i.UARTDeviceNum     drv_uart.o
    0x08003c70   0x08003c70   0x00000080   Code   RO         2695    i.UARTDrvInit       drv_uart.o
    0x08003cf0   0x08003cf0   0x00000064   Code   RO         2696    i.UARTDrvRead       drv_uart.o
    0x08003d54   0x08003d54   0x00000060   Code   RO         2697    i.UARTDrvWrite      drv_uart.o
    0x08003db4   0x08003db4   0x00000014   Code   RO         1995    i.UART_DMAAbortOnError  stm32f4xx_hal_uart.o
    0x08003dc8   0x08003dc8   0x0000006c   Code   RO         2005    i.UART_EndRxTransfer  stm32f4xx_hal_uart.o
    0x08003e34   0x08003e34   0x00000020   Code   RO         2006    i.UART_EndTransmit_IT  stm32f4xx_hal_uart.o
    0x08003e54   0x08003e54   0x000000f8   Code   RO         2008    i.UART_Receive_IT   stm32f4xx_hal_uart.o
    0x08003f4c   0x08003f4c   0x0000022c   Code   RO         2009    i.UART_SetConfig    stm32f4xx_hal_uart.o
    0x08004178   0x08004178   0x0000004a   Code   RO         2011    i.UART_Start_Receive_IT  stm32f4xx_hal_uart.o
    0x080041c2   0x080041c2   0x00000060   Code   RO         2012    i.UART_Transmit_IT  stm32f4xx_hal_uart.o
    0x08004222   0x08004222   0x00000002   PAD
    0x08004224   0x08004224   0x00000010   Code   RO          300    i.USART1_IRQHandler  stm32f4xx_it.o
    0x08004234   0x08004234   0x00000018   Code   RO         2698    i.Uart1DrvWaitTxCplt  drv_uart.o
    0x0800424c   0x0800424c   0x00000004   Code   RO          301    i.UsageFault_Handler  stm32f4xx_it.o
    0x08004250   0x08004250   0x00000038   Code   RO         2533    i.W25Q64Erase       w25q64.o
    0x08004288   0x08004288   0x0000004c   Code   RO         2534    i.W25Q64Init        w25q64.o
    0x080042d4   0x080042d4   0x000000c8   Code   RO         2535    i.W25Q64Read        w25q64.o
    0x0800439c   0x0800439c   0x000000e8   Code   RO         2536    i.W25Q64Write       w25q64.o
    0x08004484   0x08004484   0x00000018   Code   RO         2783    i.WaitRxComplete    drv_spi.o
    0x0800449c   0x0800449c   0x00000018   Code   RO         2784    i.WaitTxComplete    drv_spi.o
    0x080044b4   0x080044b4   0x00000018   Code   RO         2785    i.WaitTxRxComplete  drv_spi.o
    0x080044cc   0x080044cc   0x00000088   Code   RO         2537    i.WaitWrite         w25q64.o
    0x08004554   0x08004554   0x00000010   Code   RO         1537    i.__NVIC_GetPriorityGrouping  stm32f4xx_hal_cortex.o
    0x08004564   0x08004564   0x00000028   Code   RO         1538    i.__NVIC_SetPriority  stm32f4xx_hal_cortex.o
    0x0800458c   0x0800458c   0x00000034   Code   RO         2867    i.fputc             printf.o
    0x080045c0   0x080045c0   0x00000020   Code   RO           15    i.main              main.o
    0x080045e0   0x080045e0   0x00000118   Code   RO         2357    i.w25q64_test       app_w25q64_test.o
    0x080046f8   0x080046f8   0x0000000a   Code   RO         3196    x$fpl$fpinit        fz_wm.l(fpinit.o)
    0x08004702   0x08004702   0x00000008   Data   RO         1254    .constdata          stm32f4xx_hal_dma.o
    0x0800470a   0x0800470a   0x00000018   Data   RO         2322    .constdata          system_stm32f4xx.o
    0x08004722   0x08004722   0x00000028   Data   RO         3008    .constdata          c_w.l(_printf_hex_int.o)
    0x0800474a   0x0800474a   0x00000002   PAD
    0x0800474c   0x0800474c   0x00000007   Data   RO         2539    .conststring        w25q64.o
    0x08004753   0x08004753   0x00000001   PAD
    0x08004754   0x08004754   0x0000002a   Data   RO         2622    .conststring        drv_gpio.o
    0x0800477e   0x0800477e   0x00000002   PAD
    0x08004780   0x08004780   0x0000000b   Data   RO         2700    .conststring        drv_uart.o
    0x0800478b   0x0800478b   0x00000001   PAD
    0x0800478c   0x0800478c   0x00000005   Data   RO         2786    .conststring        drv_spi.o
    0x08004791   0x08004791   0x00000003   PAD
    0x08004794   0x08004794   0x00000020   Data   RO         3289    Region$$Table       anon$$obj.o


    Execution Region RW_IRAM1 (Exec base: 0x20000000, Load base: 0x080047b4, Size: 0x0000aa50, Max: 0x0001c000, ABSOLUTE, COMPRESSED[0x00000094])

    Exec Addr    Load Addr    Size         Type   Attr      Idx    E Section Name        Object

    0x20000000   COMPRESSED   0x00000009   Data   RW         1686    .data               stm32f4xx_hal.o
    0x20000009   COMPRESSED   0x00000003   PAD
    0x2000000c   COMPRESSED   0x00000004   Data   RW         2323    .data               system_stm32f4xx.o
    0x20000010   COMPRESSED   0x00000004   Data   RW         2434    .data               dev_gpio.o
    0x20000014   COMPRESSED   0x00000004   Data   RW         2469    .data               dev_uart.o
    0x20000018   COMPRESSED   0x00000004   Data   RW         2498    .data               dev_spi.o
    0x2000001c   COMPRESSED   0x00000014   Data   RW         2540    .data               w25q64.o
    0x20000030   COMPRESSED   0x00000130   Data   RW         2623    .data               drv_gpio.o
    0x20000160   COMPRESSED   0x00000020   Data   RW         2701    .data               drv_uart.o
    0x20000180   COMPRESSED   0x00000028   Data   RW         2787    .data               drv_spi.o
    0x200001a8   COMPRESSED   0x00000004   Data   RW         2868    .data               printf.o
    0x200001ac        -       0x00000118   Zero   RW          208    .bss                spi.o
    0x200002c4        -       0x00000044   Zero   RW          250    .bss                usart.o
    0x20000308        -       0x0000a000   Zero   RW         2358    .bss                app_w25q64_test.o
    0x2000a308        -       0x000000e4   Zero   RW         3050    .bss                c_w.l(rand.o)
    0x2000a3ec        -       0x00000060   Zero   RW         3154    .bss                c_w.l(libspace.o)
    0x2000a44c   COMPRESSED   0x00000004   PAD
    0x2000a450        -       0x00000200   Zero   RW            2    HEAP                startup_stm32f407xx.o
    0x2000a650        -       0x00000400   Zero   RW            1    STACK               startup_stm32f407xx.o


    Execution Region RW_IRAM2 (Exec base: 0x2001c000, Load base: 0x08004848, Size: 0x00000000, Max: 0x00004000, ABSOLUTE)

    **** No section assigned to this execution region ****


==============================================================================

Image component sizes


      Code (inc. data)   RO Data    RW Data    ZI Data      Debug   Object Name

       280         72          0          0      40960       4910   app_w25q64_test.o
       114         10          0          4          0       2952   dev_gpio.o
       124          8          0          4          0       2977   dev_spi.o
       124          8          0          4          0       2964   dev_uart.o
        72          4          0          0          0        774   dma.o
       478         56         42        304          0       4671   drv_gpio.o
       612         52          5         40          0       8232   drv_spi.o
       424         86         11         32          0       5842   drv_uart.o
       152         10          0          0          0        931   gpio.o
       218         10          0          0          0     665944   main.o
        52         12          0          4          0       2426   printf.o
       468         18          0          0          0       4762   ring_buffer.o
       352         36          0          0        280       1859   spi.o
        64         26        392          0       1536        844   startup_stm32f407xx.o
       172         32          0          9          0       8761   stm32f4xx_hal.o
       304         22          0          0          0      34471   stm32f4xx_hal_cortex.o
      1436         16          8          0          0       7038   stm32f4xx_hal_dma.o
       528         46          0          0          0       2791   stm32f4xx_hal_gpio.o
        72          4          0          0          0        858   stm32f4xx_hal_msp.o
      1820         84          0          0          0       5628   stm32f4xx_hal_rcc.o
      3772        118          0          0          0      25240   stm32f4xx_hal_spi.o
      2142         14          0          0          0      10729   stm32f4xx_hal_uart.o
        98         24          0          0          0       6248   stm32f4xx_it.o
        20          6         24          4          0       1135   system_stm32f4xx.o
       208         22          0          0         68       1710   usart.o
      1328        140          7         20          0       9702   w25q64.o

    ----------------------------------------------------------------------
     15464        936        528        428      42844     824399   Object Totals
         0          0         32          0          0          0   (incl. Generated)
        30          0          7          3          0          0   (incl. Padding)

    ----------------------------------------------------------------------

      Code (inc. data)   RO Data    RW Data    ZI Data      Debug   Library Member Name

        90          0          0          0          0          0   __dczerorl2.o
         8          0          0          0          0         68   __main.o
       104          0          0          0          0         84   __printf.o
         0          0          0          0          0          0   __rtentry.o
        12          0          0          0          0          0   __rtentry2.o
         6          0          0          0          0          0   __rtentry4.o
        52          8          0          0          0          0   __scatter.o
        28          0          0          0          0          0   __scatter_zi.o
        48          6          0          0          0         96   _printf_char_common.o
        36          4          0          0          0         80   _printf_char_file.o
         6          0          0          0          0          0   _printf_d.o
       120         16          0          0          0         92   _printf_dec.o
        88          4         40          0          0         88   _printf_hex_int.o
       178          0          0          0          0         88   _printf_intcommon.o
         0          0          0          0          0          0   _printf_percent.o
         4          0          0          0          0          0   _printf_percent_end.o
         6          0          0          0          0          0   _printf_x.o
        10          0          0          0          0         68   defsig_exit.o
        50          0          0          0          0         88   defsig_general.o
        80         58          0          0          0         76   defsig_rtmem_inner.o
        14          0          0          0          0         80   defsig_rtmem_outer.o
        18          0          0          0          0         80   exit.o
         8          0          0          0          0         68   ferror.o
        94          0          0          0          0         80   h1_alloc.o
        52          0          0          0          0         68   h1_extend.o
        78          0          0          0          0         80   h1_free.o
        14          0          0          0          0         84   h1_init.o
         6          0          0          0          0        152   heapauxi.o
         4          0          0          0          0        136   hguard.o
         0          0          0          0          0          0   indicate_semi.o
       138          0          0          0          0        168   init_alloc.o
         2          0          0          0          0          0   libinit.o
        18          0          0          0          0          0   libinit2.o
         2          0          0          0          0          0   libshutdown.o
         2          0          0          0          0          0   libshutdown2.o
         8          4          0          0         96         68   libspace.o
       238          0          0          0          0        100   lludivv7m.o
         0          0          0          0          0          0   maybetermalloc1.o
        24          4          0          0          0         84   noretval__2printf.o
       112         18          0          0        228        160   rand.o
         8          4          0          0          0         68   rt_heap_descriptor_intlibspace.o
        68          0          0          0          0         68   rt_memclr.o
        78          0          0          0          0         80   rt_memclr_w.o
       138          0          0          0          0         68   rt_memcpy_v6.o
       100          0          0          0          0         80   rt_memcpy_w.o
         2          0          0          0          0          0   rtexit.o
        10          0          0          0          0          0   rtexit2.o
        36          0          0          0          0         80   strstr.o
        12          4          0          0          0         68   sys_exit.o
        74          0          0          0          0         80   sys_stackheap_outer.o
        14          0          0          0          0         76   sys_wrch.o
         2          0          0          0          0         68   use_no_semi.o
        10          0          0          0          0        116   fpinit.o

    ----------------------------------------------------------------------
      2322        130         42          0        328       3088   Library Totals
        12          0          2          0          4          0   (incl. Padding)

    ----------------------------------------------------------------------

      Code (inc. data)   RO Data    RW Data    ZI Data      Debug   Library Name

      2300        130         40          0        324       2972   c_w.l
        10          0          0          0          0        116   fz_wm.l

    ----------------------------------------------------------------------
      2322        130         42          0        328       3088   Library Totals

    ----------------------------------------------------------------------

==============================================================================


      Code (inc. data)   RO Data    RW Data    ZI Data      Debug   

     17786       1066        570        428      43172     811523   Grand Totals
     17786       1066        570        148      43172     811523   ELF Image Totals (compressed)
     17786       1066        570        148          0          0   ROM Totals

==============================================================================

    Total RO  Size (Code + RO Data)                18356 (  17.93kB)
    Total RW  Size (RW Data + ZI Data)             43600 (  42.58kB)
    Total ROM Size (Code + RO Data + RW Data)      18504 (  18.07kB)

==============================================================================

