Component: ARM Compiler 5.06 update 7 (build 960) Tool: armlink [4d3601]

==============================================================================

Section Cross References

    startup_stm32f407xx.o(STACK) refers (Special) to heapauxi.o(.text) for __use_two_region_memory
    startup_stm32f407xx.o(HEAP) refers (Special) to heapauxi.o(.text) for __use_two_region_memory
    startup_stm32f407xx.o(RESET) refers (Special) to heapauxi.o(.text) for __use_two_region_memory
    startup_stm32f407xx.o(RESET) refers to startup_stm32f407xx.o(STACK) for __initial_sp
    startup_stm32f407xx.o(RESET) refers to startup_stm32f407xx.o(.text) for Reset_Handler
    startup_stm32f407xx.o(RESET) refers to stm32f4xx_it.o(i.NMI_Handler) for NMI_Handler
    startup_stm32f407xx.o(RESET) refers to stm32f4xx_it.o(i.HardFault_Handler) for HardFault_Handler
    startup_stm32f407xx.o(RESET) refers to stm32f4xx_it.o(i.MemManage_Handler) for MemManage_Handler
    startup_stm32f407xx.o(RESET) refers to stm32f4xx_it.o(i.BusFault_Handler) for BusFault_Handler
    startup_stm32f407xx.o(RESET) refers to stm32f4xx_it.o(i.UsageFault_Handler) for UsageFault_Handler
    startup_stm32f407xx.o(RESET) refers to stm32f4xx_it.o(i.SVC_Handler) for SVC_Handler
    startup_stm32f407xx.o(RESET) refers to stm32f4xx_it.o(i.DebugMon_Handler) for DebugMon_Handler
    startup_stm32f407xx.o(RESET) refers to stm32f4xx_it.o(i.PendSV_Handler) for PendSV_Handler
    startup_stm32f407xx.o(RESET) refers to stm32f4xx_it.o(i.SysTick_Handler) for SysTick_Handler
    startup_stm32f407xx.o(RESET) refers to stm32f4xx_it.o(i.SPI1_IRQHandler) for SPI1_IRQHandler
    startup_stm32f407xx.o(RESET) refers to stm32f4xx_it.o(i.USART1_IRQHandler) for USART1_IRQHandler
    startup_stm32f407xx.o(RESET) refers to stm32f4xx_it.o(i.DMA2_Stream0_IRQHandler) for DMA2_Stream0_IRQHandler
    startup_stm32f407xx.o(RESET) refers to stm32f4xx_it.o(i.DMA2_Stream3_IRQHandler) for DMA2_Stream3_IRQHandler
    startup_stm32f407xx.o(.text) refers (Special) to heapauxi.o(.text) for __use_two_region_memory
    startup_stm32f407xx.o(.text) refers to system_stm32f4xx.o(i.SystemInit) for SystemInit
    startup_stm32f407xx.o(.text) refers to __main.o(!!!main) for __main
    startup_stm32f407xx.o(.text) refers to startup_stm32f407xx.o(HEAP) for Heap_Mem
    startup_stm32f407xx.o(.text) refers to startup_stm32f407xx.o(STACK) for Stack_Mem
    main.o(i.SystemClock_Config) refers to rt_memclr_w.o(.text) for __aeabi_memclr4
    main.o(i.SystemClock_Config) refers to stm32f4xx_hal_rcc.o(i.HAL_RCC_OscConfig) for HAL_RCC_OscConfig
    main.o(i.SystemClock_Config) refers to stm32f4xx_hal_rcc.o(i.HAL_RCC_ClockConfig) for HAL_RCC_ClockConfig
    main.o(i.main) refers to stm32f4xx_hal.o(i.HAL_Init) for HAL_Init
    main.o(i.main) refers to main.o(i.SystemClock_Config) for SystemClock_Config
    main.o(i.main) refers to gpio.o(i.MX_GPIO_Init) for MX_GPIO_Init
    main.o(i.main) refers to dma.o(i.MX_DMA_Init) for MX_DMA_Init
    main.o(i.main) refers to spi.o(i.MX_SPI1_Init) for MX_SPI1_Init
    main.o(i.main) refers to usart.o(i.MX_USART1_UART_Init) for MX_USART1_UART_Init
    main.o(i.main) refers to app_st7789v_test.o(i.app_st7789_test) for app_st7789_test
    gpio.o(i.MX_GPIO_Init) refers to rt_memclr_w.o(.text) for __aeabi_memclr4
    gpio.o(i.MX_GPIO_Init) refers to stm32f4xx_hal_gpio.o(i.HAL_GPIO_WritePin) for HAL_GPIO_WritePin
    gpio.o(i.MX_GPIO_Init) refers to stm32f4xx_hal_gpio.o(i.HAL_GPIO_Init) for HAL_GPIO_Init
    dma.o(i.MX_DMA_Init) refers to stm32f4xx_hal_cortex.o(i.HAL_NVIC_SetPriority) for HAL_NVIC_SetPriority
    dma.o(i.MX_DMA_Init) refers to stm32f4xx_hal_cortex.o(i.HAL_NVIC_EnableIRQ) for HAL_NVIC_EnableIRQ
    spi.o(i.HAL_SPI_MspDeInit) refers to stm32f4xx_hal_gpio.o(i.HAL_GPIO_DeInit) for HAL_GPIO_DeInit
    spi.o(i.HAL_SPI_MspDeInit) refers to stm32f4xx_hal_dma.o(i.HAL_DMA_DeInit) for HAL_DMA_DeInit
    spi.o(i.HAL_SPI_MspDeInit) refers to stm32f4xx_hal_cortex.o(i.HAL_NVIC_DisableIRQ) for HAL_NVIC_DisableIRQ
    spi.o(i.HAL_SPI_MspInit) refers to rt_memclr_w.o(.text) for __aeabi_memclr4
    spi.o(i.HAL_SPI_MspInit) refers to stm32f4xx_hal_gpio.o(i.HAL_GPIO_Init) for HAL_GPIO_Init
    spi.o(i.HAL_SPI_MspInit) refers to stm32f4xx_hal_dma.o(i.HAL_DMA_Init) for HAL_DMA_Init
    spi.o(i.HAL_SPI_MspInit) refers to main.o(i.Error_Handler) for Error_Handler
    spi.o(i.HAL_SPI_MspInit) refers to stm32f4xx_hal_cortex.o(i.HAL_NVIC_SetPriority) for HAL_NVIC_SetPriority
    spi.o(i.HAL_SPI_MspInit) refers to stm32f4xx_hal_cortex.o(i.HAL_NVIC_EnableIRQ) for HAL_NVIC_EnableIRQ
    spi.o(i.HAL_SPI_MspInit) refers to spi.o(.bss) for .bss
    spi.o(i.MX_SPI1_Init) refers to stm32f4xx_hal_spi.o(i.HAL_SPI_Init) for HAL_SPI_Init
    spi.o(i.MX_SPI1_Init) refers to main.o(i.Error_Handler) for Error_Handler
    spi.o(i.MX_SPI1_Init) refers to spi.o(.bss) for .bss
    usart.o(i.HAL_UART_MspDeInit) refers to stm32f4xx_hal_gpio.o(i.HAL_GPIO_DeInit) for HAL_GPIO_DeInit
[...]
    i.MX_SPI1_Init                           0x08002654   Section        0  spi.o(i.MX_SPI1_Init)
    i.MX_USART1_UART_Init                    0x0800269c   Section        0  usart.o(i.MX_USART1_UART_Init)
    i.MemManage_Handler                      0x080026d4   Section        0  stm32f4xx_it.o(i.MemManage_Handler)
    i.NMI_Handler                            0x080026d6   Section        0  stm32f4xx_it.o(i.NMI_Handler)
    i.PendSV_Handler                         0x080026d8   Section        0  stm32f4xx_it.o(i.PendSV_Handler)
    i.ReadDisplayID                          0x080026dc   Section        0  dev_st7789v.o(i.ReadDisplayID)
    ReadDisplayID                            0x080026dd   Thumb Code   118  dev_st7789v.o(i.ReadDisplayID)
    i.RingBuffClear                          0x0800275c   Section        0  ring_buffer.o(i.RingBuffClear)
    RingBuffClear                            0x0800275d   Thumb Code    36  ring_buffer.o(i.RingBuffClear)
    i.RingBuffFree                           0x08002780   Section        0  ring_buffer.o(i.RingBuffFree)
    RingBuffFree                             0x08002781   Thumb Code    44  ring_buffer.o(i.RingBuffFree)
    i.RingBuffNew                            0x080027ac   Section        0  ring_buffer.o(i.RingBuffNew)
    i.RingBuffRead                           0x08002804   Section        0  ring_buffer.o(i.RingBuffRead)
    RingBuffRead                             0x08002805   Thumb Code   104  ring_buffer.o(i.RingBuffRead)
    i.RingBuffWrite                          0x0800286c   Section        0  ring_buffer.o(i.RingBuffWrite)
    RingBuffWrite                            0x0800286d   Thumb Code   108  ring_buffer.o(i.RingBuffWrite)
    i.SPI1_IRQHandler                        0x080028d8   Section        0  stm32f4xx_it.o(i.SPI1_IRQHandler)
    i.SPIDevFind                             0x080028e4   Section        0  dev_spi.o(i.SPIDevFind)
    i.SPIDevInsert                           0x0800290c   Section        0  dev_spi.o(i.SPIDevInsert)
    i.SPIDevRegister                         0x08002928   Section        0  dev_spi.o(i.SPIDevRegister)
    i.SPIDeviceGetHead                       0x08002954   Section        0  drv_spi.o(i.SPIDeviceGetHead)
    i.SPIDeviceNum                           0x0800295c   Section        0  drv_spi.o(i.SPIDeviceNum)
    i.SPIDrvInit                             0x08002960   Section        0  drv_spi.o(i.SPIDrvInit)
    SPIDrvInit                               0x08002961   Thumb Code    12  drv_spi.o(i.SPIDrvInit)
    i.SPIDrvRead                             0x0800296c   Section        0  drv_spi.o(i.SPIDrvRead)
    SPIDrvRead                               0x0800296d   Thumb Code    76  drv_spi.o(i.SPIDrvRead)
    i.SPIDrvWrite                            0x080029bc   Section        0  drv_spi.o(i.SPIDrvWrite)
    SPIDrvWrite                              0x080029bd   Thumb Code    76  drv_spi.o(i.SPIDrvWrite)
    i.SPIDrvWriteRead                        0x08002a0c   Section        0  drv_spi.o(i.SPIDrvWriteRead)
    SPIDrvWriteRead                          0x08002a0d   Thumb Code   110  drv_spi.o(i.SPIDrvWriteRead)
    i.SPI_2linesRxISR_16BIT                  0x08002a80   Section        0  stm32f4xx_hal_spi.o(i.SPI_2linesRxISR_16BIT)
    SPI_2linesRxISR_16BIT                    0x08002a81   Thumb Code    48  stm32f4xx_hal_spi.o(i.SPI_2linesRxISR_16BIT)
    i.SPI_2linesRxISR_8BIT                   0x08002ab0   Section        0  stm32f4xx_hal_spi.o(i.SPI_2linesRxISR_8BIT)
    SPI_2linesRxISR_8BIT                     0x08002ab1   Thumb Code    48  stm32f4xx_hal_spi.o(i.SPI_2linesRxISR_8BIT)
    i.SPI_2linesTxISR_16BIT                  0x08002ae0   Section        0  stm32f4xx_hal_spi.o(i.SPI_2linesTxISR_16BIT)
    SPI_2linesTxISR_16BIT                    0x08002ae1   Thumb Code    48  stm32f4xx_hal_spi.o(i.SPI_2linesTxISR_16BIT)
    i.SPI_2linesTxISR_8BIT                   0x08002b10   Section        0  stm32f4xx_hal_spi.o(i.SPI_2linesTxISR_8BIT)
    SPI_2linesTxISR_8BIT                     0x08002b11   Thumb Code    48  stm32f4xx_hal_spi.o(i.SPI_2linesTxISR_8BIT)
    i.SPI_CloseRxTx_ISR                      0x08002b40   Section        0  stm32f4xx_hal_spi.o(i.SPI_CloseRxTx_ISR)
    SPI_CloseRxTx_ISR                        0x08002b41   Thumb Code   140  stm32f4xx_hal_spi.o(i.SPI_CloseRxTx_ISR)
    i.SPI_CloseRx_ISR                        0x08002bd0   Section        0  stm32f4xx_hal_spi.o(i.SPI_CloseRx_ISR)
    SPI_CloseRx_ISR                          0x08002bd1   Thumb Code    76  stm32f4xx_hal_spi.o(i.SPI_CloseRx_ISR)
    i.SPI_CloseTx_ISR                        0x08002c1c   Section        0  stm32f4xx_hal_spi.o(i.SPI_CloseTx_ISR)
    SPI_CloseTx_ISR                          0x08002c1d   Thumb Code   120  stm32f4xx_hal_spi.o(i.SPI_CloseTx_ISR)
    i.SPI_DMAAbortOnError                    0x08002c98   Section        0  stm32f4xx_hal_spi.o(i.SPI_DMAAbortOnError)
    SPI_DMAAbortOnError                      0x08002c99   Thumb Code    16  stm32f4xx_hal_spi.o(i.SPI_DMAAbortOnError)
    i.SPI_DMAError                           0x08002ca8   Section        0  stm32f4xx_hal_spi.o(i.SPI_DMAError)
    SPI_DMAError                             0x08002ca9   Thumb Code    34  stm32f4xx_hal_spi.o(i.SPI_DMAError)
    i.SPI_DMAHalfReceiveCplt                 0x08002cca   Section        0  stm32f4xx_hal_spi.o(i.SPI_DMAHalfReceiveCplt)
    SPI_DMAHalfReceiveCplt                   0x08002ccb   Thumb Code    10  stm32f4xx_hal_spi.o(i.SPI_DMAHalfReceiveCplt)
    i.SPI_DMAHalfTransmitCplt                0x08002cd4   Section        0  stm32f4xx_hal_spi.o(i.SPI_DMAHalfTransmitCplt)
    SPI_DMAHalfTransmitCplt                  0x08002cd5   Thumb Code    10  stm32f4xx_hal_spi.o(i.SPI_DMAHalfTransmitCplt)
    i.SPI_DMAHalfTransmitReceiveCplt         0x08002cde   Section        0  stm32f4xx_hal_spi.o(i.SPI_DMAHalfTransmitReceiveCplt)
    SPI_DMAHalfTransmitReceiveCplt           0x08002cdf   Thumb Code    10  stm32f4xx_hal_spi.o(i.SPI_DMAHalfTransmitReceiveCplt)
    i.SPI_DMAReceiveCplt                     0x08002ce8   Section        0  stm32f4xx_hal_spi.o(i.SPI_DMAReceiveCplt)
    SPI_DMAReceiveCplt                       0x08002ce9   Thumb Code   106  stm32f4xx_hal_spi.o(i.SPI_DMAReceiveCplt)
    i.SPI_DMATransmitCplt                    0x08002d52   Section        0  stm32f4xx_hal_spi.o(i.SPI_DMATransmitCplt)
    SPI_DMATransmitCplt                      0x08002d53   Thumb Code   100  stm32f4xx_hal_spi.o(i.SPI_DMATransmitCplt)
    i.SPI_DMATransmitReceiveCplt             0x08002db6   Section        0  stm32f4xx_hal_spi.o(i.SPI_DMATransmitReceiveCplt)
    SPI_DMATransmitReceiveCplt               0x08002db7   Thumb Code    90  stm32f4xx_hal_spi.o(i.SPI_DMATransmitReceiveCplt)
    i.SPI_EndRxTransaction                   0x08002e10   Section        0  stm32f4xx_hal_spi.o(i.SPI_EndRxTransaction)
    SPI_EndRxTransaction                     0x08002e11   Thumb Code    92  stm32f4xx_hal_spi.o(i.SPI_EndRxTransaction)
    i.SPI_EndRxTxTransaction                 0x08002e6c   Section        0  stm32f4xx_hal_spi.o(i.SPI_EndRxTxTransaction)
    SPI_EndRxTxTransaction                   0x08002e6d   Thumb Code    80  stm32f4xx_hal_spi.o(i.SPI_EndRxTxTransaction)
    i.SPI_RxISR_16BIT                        0x08002ec4   Section        0  stm32f4xx_hal_spi.o(i.SPI_RxISR_16BIT)
    SPI_RxISR_16BIT                          0x08002ec5   Thumb Code    32  stm32f4xx_hal_spi.o(i.SPI_RxISR_16BIT)
    i.SPI_RxISR_8BIT                         0x08002ee4   Section        0  stm32f4xx_hal_spi.o(i.SPI_RxISR_8BIT)
    SPI_RxISR_8BIT                           0x08002ee5   Thumb Code    32  stm32f4xx_hal_spi.o(i.SPI_RxISR_8BIT)
    i.SPI_TxISR_16BIT                        0x08002f04   Section        0  stm32f4xx_hal_spi.o(i.SPI_TxISR_16BIT)
    SPI_TxISR_16BIT                          0x08002f05   Thumb Code    32  stm32f4xx_hal_spi.o(i.SPI_TxISR_16BIT)
    i.SPI_TxISR_8BIT                         0x08002f24   Section        0  stm32f4xx_hal_spi.o(i.SPI_TxISR_8BIT)
    SPI_TxISR_8BIT                           0x08002f25   Thumb Code    32  stm32f4xx_hal_spi.o(i.SPI_TxISR_8BIT)
    i.SPI_WaitFlagStateUntilTimeout          0x08002f44   Section        0  stm32f4xx_hal_spi.o(i.SPI_WaitFlagStateUntilTimeout)
    SPI_WaitFlagStateUntilTimeout            0x08002f45   Thumb Code   180  stm32f4xx_hal_spi.o(i.SPI_WaitFlagStateUntilTimeout)
    i.ST7789VDisplayOFF                      0x08002ffc   Section        0  dev_st7789v.o(i.ST7789VDisplayOFF)
    ST7789VDisplayOFF                        0x08002ffd   Thumb Code    44  dev_st7789v.o(i.ST7789VDisplayOFF)
    i.ST7789VDisplayON                       0x08003030   Section        0  dev_st7789v.o(i.ST7789VDisplayON)
    ST7789VDisplayON                         0x08003031   Thumb Code    44  dev_st7789v.o(i.ST7789VDisplayON)
    i.ST7789VFlush                           0x08003064   Section        0  dev_st7789v.o(i.ST7789VFlush)
    ST7789VFlush                             0x08003065   Thumb Code   106  dev_st7789v.o(i.ST7789VFlush)
    i.ST7789VInit                            0x080030f8   Section        0  dev_st7789v.o(i.ST7789VInit)
    ST7789VInit                              0x080030f9   Thumb Code   388  dev_st7789v.o(i.ST7789VInit)
    i.ST7789VSetDisplayWindow                0x080033a4   Section        0  dev_st7789v.o(i.ST7789VSetDisplayWindow)
    ST7789VSetDisplayWindow                  0x080033a5   Thumb Code   186  dev_st7789v.o(i.ST7789VSetDisplayWindow)
    i.ST7789VSetPixel                        0x08003468   Section        0  dev_st7789v.o(i.ST7789VSetPixel)
    ST7789VSetPixel                          0x08003469   Thumb Code    34  dev_st7789v.o(i.ST7789VSetPixel)
    i.SVC_Handler                            0x0800348a   Section        0  stm32f4xx_it.o(i.SVC_Handler)
    i.SetPixelFormat                         0x0800348c   Section        0  dev_st7789v.o(i.SetPixelFormat)
    SetPixelFormat                           0x0800348d   Thumb Code   108  dev_st7789v.o(i.SetPixelFormat)
    i.SysTick_Handler                        0x080034fc   Section        0  stm32f4xx_it.o(i.SysTick_Handler)
    i.SystemClock_Config                     0x08003500   Section        0  main.o(i.SystemClock_Config)
    i.SystemInit                             0x08003594   Section        0  system_stm32f4xx.o(i.SystemInit)
    i.UARTDevFind                            0x080035a4   Section        0  dev_uart.o(i.UARTDevFind)
    i.UARTDevInsert                          0x080035cc   Section        0  dev_uart.o(i.UARTDevInsert)
    i.UARTDevRegister                        0x080035e8   Section        0  dev_uart.o(i.UARTDevRegister)
    i.UARTDeviceGetHead                      0x08003614   Section        0  drv_uart.o(i.UARTDeviceGetHead)
    i.UARTDeviceNum                          0x0800361c   Section        0  drv_uart.o(i.UARTDeviceNum)
    i.UARTDrvInit                            0x08003620   Section        0  drv_uart.o(i.UARTDrvInit)
    i.UARTDrvRead                            0x08003678   Section        0  drv_uart.o(i.UARTDrvRead)
    i.UARTDrvWrite                           0x080036a4   Section        0  drv_uart.o(i.UARTDrvWrite)
    i.UART_DMAAbortOnError                   0x080036e4   Section        0  stm32f4xx_hal_uart.o(i.UART_DMAAbortOnError)
    UART_DMAAbortOnError                     0x080036e5   Thumb Code    16  stm32f4xx_hal_uart.o(i.UART_DMAAbortOnError)
    i.UART_EndRxTransfer                     0x080036f4   Section        0  stm32f4xx_hal_uart.o(i.UART_EndRxTransfer)
    UART_EndRxTransfer                       0x080036f5   Thumb Code    78  stm32f4xx_hal_uart.o(i.UART_EndRxTransfer)
    i.UART_Receive_IT                        0x08003742   Section        0  stm32f4xx_hal_uart.o(i.UART_Receive_IT)
    UART_Receive_IT                          0x08003743   Thumb Code   192  stm32f4xx_hal_uart.o(i.UART_Receive_IT)
    i.UART_SetConfig                         0x08003804   Section        0  stm32f4xx_hal_uart.o(i.UART_SetConfig)
    UART_SetConfig                           0x08003805   Thumb Code   258  stm32f4xx_hal_uart.o(i.UART_SetConfig)
    i.UART_Start_Receive_IT                  0x08003910   Section        0  stm32f4xx_hal_uart.o(i.UART_Start_Receive_IT)
    i.USART1_IRQHandler                      0x0800394c   Section        0  stm32f4xx_it.o(i.USART1_IRQHandler)
    i.UsageFault_Handler                     0x08003958   Section        0  stm32f4xx_it.o(i.UsageFault_Handler)
    i.WaitRxComplete                         0x0800395c   Section        0  drv_spi.o(i.WaitRxComplete)
    i.WaitTxComplete                         0x08003970   Section        0  drv_spi.o(i.WaitTxComplete)
    i.WaitTxRxComplete                       0x08003984   Section        0  drv_spi.o(i.WaitTxRxComplete)
    i.WriteData                              0x08003998   Section        0  dev_st7789v.o(i.WriteData)
    WriteData                                0x08003999   Thumb Code    32  dev_st7789v.o(i.WriteData)
    i.WriteRegister                          0x080039bc   Section        0  dev_st7789v.o(i.WriteRegister)
    WriteRegister                            0x080039bd   Thumb Code    74  dev_st7789v.o(i.WriteRegister)
    i.__NVIC_SetPriority                     0x08003a18   Section        0  stm32f4xx_hal_cortex.o(i.__NVIC_SetPriority)
    __NVIC_SetPriority                       0x08003a19   Thumb Code    32  stm32f4xx_hal_cortex.o(i.__NVIC_SetPriority)
    i.app_st7789_test                        0x08003a38   Section        0  app_st7789v_test.o(i.app_st7789_test)
    i.fputc                                  0x08003aa4   Section        0  printf.o(i.fputc)
    i.main                                   0x08003ad0   Section        0  main.o(i.main)
    i.mdelay                                 0x08003aee   Section        0  my_delay.o(i.mdelay)
    x$fpl$fpinit                             0x08003b10   Section       10  fpinit.o(x$fpl$fpinit)
    $v0                                      0x08003b10   Number         0  fpinit.o(x$fpl$fpinit)
    .constdata                               0x08003b1a   Section        8  stm32f4xx_hal_dma.o(.constdata)
    flagBitshiftOffset                       0x08003b1a   Data           8  stm32f4xx_hal_dma.o(.constdata)
    .constdata                               0x08003b22   Section       16  system_stm32f4xx.o(.constdata)
    .constdata                               0x08003b32   Section        8  system_stm32f4xx.o(.constdata)
    .constdata                               0x08003b3a   Section       40  _printf_hex_int.o(.constdata)
    uc_hextab                                0x08003b3a   Data          20  _printf_hex_int.o(.constdata)
    lc_hextab                                0x08003b4e   Data          20  _printf_hex_int.o(.constdata)
    .conststring                             0x08003b64   Section        8  dev_st7789v.o(.conststring)
    .conststring                             0x08003b6c   Section       85  drv_gpio.o(.conststring)
    .conststring                             0x08003bc4   Section        5  drv_spi.o(.conststring)
    .conststring                             0x08003bcc   Section       11  drv_uart.o(.conststring)
    .data                                    0x20000000   Section       12  stm32f4xx_hal.o(.data)
    .data                                    0x2000000c   Section        4  system_stm32f4xx.o(.data)
    .data                                    0x20000010   Section        4  dev_gpio.o(.data)
    gGPIODevices                             0x20000010   Data           4  dev_gpio.o(.data)
    .data                                    0x20000014   Section        4  dev_spi.o(.data)
    gSPIDeviceHead                           0x20000014   Data           4  dev_spi.o(.data)
    .data                                    0x20000018   Section        4  dev_uart.o(.data)
    gUARTDeviceHead                          0x20000018   Data           4  dev_uart.o(.data)
    .data                                    0x2000001c   Section       44  dev_st7789v.o(.data)
    gST7789V                                 0x2000001c   Data          44  dev_st7789v.o(.data)
    .data                                    0x20000048   Section      432  drv_gpio.o(.data)
    gK1Buffer                                0x20000048   Data           4  drv_gpio.o(.data)
    gK2Buffer                                0x2000004c   Data           4  drv_gpio.o(.data)
    gK3Buffer                                0x20000050   Data           4  drv_gpio.o(.data)
    gK4Buffer                                0x20000054   Data           4  drv_gpio.o(.data)
    GPIODevices                              0x20000058   Data         416  drv_gpio.o(.data)
    .data                                    0x200001f8   Section       36  drv_spi.o(.data)
    SPITxCpltFlag                            0x200001f8   Data           1  drv_spi.o(.data)
    SPIRxCpltFlag                            0x200001f9   Data           1  drv_spi.o(.data)
    SPITxRxCpltFlag                          0x200001fc   Data           4  drv_spi.o(.data)
    gSpiDevices                              0x20000200   Data          28  drv_spi.o(.data)
    .data                                    0x2000021c   Section       32  drv_uart.o(.data)
    gUart1TxCpltFlage                        0x2000021c   Data           1  drv_uart.o(.data)
    gUART1Buffer                             0x20000220   Data           4  drv_uart.o(.data)
    UARTDevices                              0x20000224   Data          24  drv_uart.o(.data)
    .data                                    0x2000023c   Section        4  printf.o(.data)
    .bss                                     0x20000240   Section      280  spi.o(.bss)
    .bss                                     0x20000358   Section       68  usart.o(.bss)
    .bss                                     0x2000039c   Section     5000  app_st7789v_test.o(.bss)
    .bss                                     0x20001724   Section       96  libspace.o(.bss)
    HEAP                                     0x20001788   Section      512  startup_stm32f407xx.o(HEAP)
    Heap_Mem                                 0x20001788   Data         512  startup_stm32f407xx.o(HEAP)
    STACK                                    0x20001988   Section     1024  startup_stm32f407xx.o(STACK)
    Stack_Mem                                0x20001988   Data        1024  startup_stm32f407xx.o(STACK)
    __initial_sp                             0x20001d88   Data           0  startup_stm32f407xx.o(STACK)

    Global Symbols

    Symbol Name                              Value     Ov Type        Size  Object(Section)

    BuildAttributes$$THM_ISAv4$E$P$D$K$B$S$7EM$VFPi3$EXTD16$VFPS$VFMA$PE$A:L22UL41UL21$X:L11$S22US41US21$IEEE1$IW$USESV6$~STKCKD$USESV7$~SHL$OTIME$ROPI$EBA8$UX$STANDARDLIB$REQ8$PRES8$EABIv2 0x00000000   Number         0  anon$$obj.o ABSOLUTE
    __ARM_use_no_argv                        0x00000000   Number         0  main.o ABSOLUTE
    __ARM_exceptions_init                     - Undefined Weak Reference
    __alloca_initialize                       - Undefined Weak Reference
    __arm_fini_                               - Undefined Weak Reference
    __arm_preinit_                            - Undefined Weak Reference
    __cpp_initialize__aeabi_                  - Undefined Weak Reference
    __cxa_finalize                            - Undefined Weak Reference
    __rt_locale                               - Undefined Weak Reference
    __sigvec_lookup                           - Undefined Weak Reference
    __user_heap_extent                        - Undefined Weak Reference
    _atexit_init                              - Undefined Weak Reference
    _call_atexit_fns                          - Undefined Weak Reference
    _clock_init                               - Undefined Weak Reference
    _fp_trap_init                             - Undefined Weak Reference
    _fp_trap_shutdown                         - Undefined Weak Reference
    _get_lc_collate                           - Undefined Weak Reference
    _get_lc_ctype                             - Undefined Weak Reference
    _get_lc_monetary                          - Undefined Weak Reference
    _get_lc_numeric                           - Undefined Weak Reference
    _get_lc_time                              - Undefined Weak Reference
    _getenv_init                              - Undefined Weak Reference
    _handle_redirection                       - Undefined Weak Reference
    _initio                                   - Undefined Weak Reference
    _mutex_acquire                            - Undefined Weak Reference
    _mutex_free                               - Undefined Weak Reference
    _mutex_release                            - Undefined Weak Reference
    _printf_post_padding                      - Undefined Weak Reference
    _printf_pre_padding                       - Undefined Weak Reference
    _printf_truncate_signed                   - Undefined Weak Reference
    _printf_truncate_unsigned                 - Undefined Weak Reference
    _rand_init                                - Undefined Weak Reference
    _signal_finish                            - Undefined Weak Reference
    _signal_init                              - Undefined Weak Reference
    _terminateio                              - Undefined Weak Reference
    __Vectors_Size                           0x00000188   Number         0  startup_stm32f407xx.o ABSOLUTE
    __Vectors                                0x08000000   Data           4  startup_stm32f407xx.o(RESET)
    __Vectors_End                            0x08000188   Data           0  startup_stm32f407xx.o(RESET)
    __main                                   0x08000189   Thumb Code     8  __main.o(!!!main)
    __scatterload                            0x08000191   Thumb Code     0  __scatter.o(!!!scatter)
    __scatterload_rt2                        0x08000191   Thumb Code    44  __scatter.o(!!!scatter)
    __scatterload_rt2_thumb_only             0x08000191   Thumb Code     0  __scatter.o(!!!scatter)
    __scatterload_null                       0x0800019f   Thumb Code     0  __scatter.o(!!!scatter)
    __decompress                             0x080001c5   Thumb Code    90  __dczerorl2.o(!!dczerorl2)
    __decompress1                            0x080001c5   Thumb Code     0  __dczerorl2.o(!!dczerorl2)
    __scatterload_zeroinit                   0x08000221   Thumb Code    28  __scatter_zi.o(!!handler_zi)
    _printf_d                                0x0800023d   Thumb Code     0  _printf_d.o(.ARM.Collect$$_printf_percent$$00000009)
    _printf_percent                          0x0800023d   Thumb Code     0  _printf_percent.o(.ARM.Collect$$_printf_percent$$00000000)
    _printf_x                                0x08000243   Thumb Code     0  _printf_x.o(.ARM.Collect$$_printf_percent$$0000000C)
    _printf_percent_end                      0x08000249   Thumb Code     0  _printf_percent_end.o(.ARM.Collect$$_printf_percent$$00000017)
    __rt_lib_init                            0x0800024d   Thumb Code     0  libinit.o(.ARM.Collect$$libinit$$00000000)
    __rt_lib_init_fp_1                       0x0800024f   Thumb Code     0  libinit2.o(.ARM.Collect$$libinit$$00000001)
    __rt_lib_init_heap_2                     0x08000253   Thumb Code     0  libinit2.o(.ARM.Collect$$libinit$$00000005)
    __rt_lib_init_preinit_1                  0x08000253   Thumb Code     0  libinit2.o(.ARM.Collect$$libinit$$00000004)
    __rt_lib_init_alloca_1                   0x0800025b   Thumb Code     0  libinit2.o(.ARM.Collect$$libinit$$0000002E)
    __rt_lib_init_argv_1                     0x0800025b   Thumb Code     0  libinit2.o(.ARM.Collect$$libinit$$0000002C)
    __rt_lib_init_atexit_1                   0x0800025b   Thumb Code     0  libinit2.o(.ARM.Collect$$libinit$$0000001B)
    __rt_lib_init_clock_1                    0x0800025b   Thumb Code     0  libinit2.o(.ARM.Collect$$libinit$$00000021)
    __rt_lib_init_cpp_1                      0x0800025b   Thumb Code     0  libinit2.o(.ARM.Collect$$libinit$$00000032)
    __rt_lib_init_exceptions_1               0x0800025b   Thumb Code     0  libinit2.o(.ARM.Collect$$libinit$$00000030)
    __rt_lib_init_fp_trap_1                  0x0800025b   Thumb Code     0  libinit2.o(.ARM.Collect$$libinit$$0000001F)
    __rt_lib_init_getenv_1                   0x0800025b   Thumb Code     0  libinit2.o(.ARM.Collect$$libinit$$00000023)
    __rt_lib_init_heap_1                     0x0800025b   Thumb Code     0  libinit2.o(.ARM.Collect$$libinit$$0000000A)
    __rt_lib_init_lc_collate_1               0x0800025b   Thumb Code     0  libinit2.o(.ARM.Collect$$libinit$$00000011)
    __rt_lib_init_lc_ctype_1                 0x0800025b   Thumb Code     0  libinit2.o(.ARM.Collect$$libinit$$00000013)
    __rt_lib_init_lc_monetary_1              0x0800025b   Thumb Code     0  libinit2.o(.ARM.Collect$$libinit$$00000015)
    __rt_lib_init_lc_numeric_1               0x0800025b   Thumb Code     0  libinit2.o(.ARM.Collect$$libinit$$00000017)
    __rt_lib_init_lc_time_1                  0x0800025b   Thumb Code     0  libinit2.o(.ARM.Collect$$libinit$$00000019)
    __rt_lib_init_rand_1                     0x0800025b   Thumb Code     0  libinit2.o(.ARM.Collect$$libinit$$0000000E)
    __rt_lib_init_return                     0x0800025b   Thumb Code     0  libinit2.o(.ARM.Collect$$libinit$$00000033)
    __rt_lib_init_signal_1                   0x0800025b   Thumb Code     0  libinit2.o(.ARM.Collect$$libinit$$0000001D)
    __rt_lib_init_stdio_1                    0x0800025b   Thumb Code     0  libinit2.o(.ARM.Collect$$libinit$$00000025)
    __rt_lib_init_user_alloc_1               0x0800025b   Thumb Code     0  libinit2.o(.ARM.Collect$$libinit$$0000000C)
    __rt_lib_shutdown                        0x0800025d   Thumb Code     0  libshutdown.o(.ARM.Collect$$libshutdown$$00000000)
    __rt_lib_shutdown_cpp_1                  0x0800025f   Thumb Code     0  libshutdown2.o(.ARM.Collect$$libshutdown$$00000004)
    __rt_lib_shutdown_fini_1                 0x0800025f   Thumb Code     0  libshutdown2.o(.ARM.Collect$$libshutdown$$00000002)
    __rt_lib_shutdown_fp_trap_1              0x0800025f   Thumb Code     0  libshutdown2.o(.ARM.Collect$$libshutdown$$00000009)
    __rt_lib_shutdown_heap_1                 0x0800025f   Thumb Code     0  libshutdown2.o(.ARM.Collect$$libshutdown$$00000011)
    __rt_lib_shutdown_return                 0x0800025f   Thumb Code     0  libshutdown2.o(.ARM.Collect$$libshutdown$$00000012)
    __rt_lib_shutdown_signal_1               0x0800025f   Thumb Code     0  libshutdown2.o(.ARM.Collect$$libshutdown$$0000000C)
    __rt_lib_shutdown_stdio_1                0x0800025f   Thumb Code     0  libshutdown2.o(.ARM.Collect$$libshutdown$$00000006)
    __rt_lib_shutdown_user_alloc_1           0x0800025f   Thumb Code     0  libshutdown2.o(.ARM.Collect$$libshutdown$$0000000E)
    __rt_entry                               0x08000261   Thumb Code     0  __rtentry.o(.ARM.Collect$$rtentry$$00000000)
    __rt_entry_presh_1                       0x08000261   Thumb Code     0  __rtentry2.o(.ARM.Collect$$rtentry$$00000002)
    __rt_entry_sh                            0x08000261   Thumb Code     0  __rtentry4.o(.ARM.Collect$$rtentry$$00000004)
    __rt_entry_li                            0x08000267   Thumb Code     0  __rtentry2.o(.ARM.Collect$$rtentry$$0000000A)
    __rt_entry_postsh_1                      0x08000267   Thumb Code     0  __rtentry2.o(.ARM.Collect$$rtentry$$00000009)
    __rt_entry_main                          0x0800026b   Thumb Code     0  __rtentry2.o(.ARM.Collect$$rtentry$$0000000D)
    __rt_entry_postli_1                      0x0800026b   Thumb Code     0  __rtentry2.o(.ARM.Collect$$rtentry$$0000000C)
    __rt_exit                                0x08000273   Thumb Code     0  rtexit.o(.ARM.Collect$$rtexit$$00000000)
    __rt_exit_ls                             0x08000275   Thumb Code     0  rtexit2.o(.ARM.Collect$$rtexit$$00000003)
    __rt_exit_prels_1                        0x08000275   Thumb Code     0  rtexit2.o(.ARM.Collect$$rtexit$$00000002)
    __rt_exit_exit                           0x08000279   Thumb Code     0  rtexit2.o(.ARM.Collect$$rtexit$$00000004)
    Reset_Handler                            0x08000281   Thumb Code     8  startup_stm32f407xx.o(.text)
    _maybe_terminate_alloc                   0x08000281   Thumb Code     0  maybetermalloc1.o(.emb_text)
    ADC_IRQHandler                           0x0800029b   Thumb Code     0  startup_stm32f407xx.o(.text)
    CAN1_RX0_IRQHandler                      0x0800029b   Thumb Code     0  startup_stm32f407xx.o(.text)
    CAN1_RX1_IRQHandler                      0x0800029b   Thumb Code     0  startup_stm32f407xx.o(.text)
    CAN1_SCE_IRQHandler                      0x0800029b   Thumb Code     0  startup_stm32f407xx.o(.text)
    CAN1_TX_IRQHandler                       0x0800029b   Thumb Code     0  startup_stm32f407xx.o(.text)
    CAN2_RX0_IRQHandler                      0x0800029b   Thumb Code     0  startup_stm32f407xx.o(.text)
    CAN2_RX1_IRQHandler                      0x0800029b   Thumb Code     0  startup_stm32f407xx.o(.text)
    CAN2_SCE_IRQHandler                      0x0800029b   Thumb Code     0  startup_stm32f407xx.o(.text)
    CAN2_TX_IRQHandler                       0x0800029b   Thumb Code     0  startup_stm32f407xx.o(.text)
    DCMI_IRQHandler                          0x0800029b   Thumb Code     0  startup_stm32f407xx.o(.text)
    DMA1_Stream0_IRQHandler                  0x0800029b   Thumb Code     0  startup_stm32f407xx.o(.text)
    DMA1_Stream1_IRQHandler                  0x0800029b   Thumb Code     0  startup_stm32f407xx.o(.text)
    DMA1_Stream2_IRQHandler                  0x0800029b   Thumb Code     0  startup_stm32f407xx.o(.text)
    DMA1_Stream3_IRQHandler                  0x0800029b   Thumb Code     0  startup_stm32f407xx.o(.text)
    DMA1_Stream4_IRQHandler                  0x0800029b   Thumb Code     0  startup_stm32f407xx.o(.text)
    DMA1_Stream5_IRQHandler                  0x0800029b   Thumb Code     0  startup_stm32f407xx.o(.text)
    DMA1_Stream6_IRQHandler                  0x0800029b   Thumb Code     0  startup_stm32f407xx.o(.text)
    DMA1_Stream7_IRQHandler                  0x0800029b   Thumb Code     0  startup_stm32f407xx.o(.text)
    DMA2_Stream1_IRQHandler                  0x0800029b   Thumb Code     0  startup_stm32f407xx.o(.text)
    DMA2_Stream2_IRQHandler                  0x0800029b   Thumb Code     0  startup_stm32f407xx.o(.text)
    DMA2_Stream4_IRQHandler                  0x0800029b   Thumb Code     0  startup_stm32f407xx.o(.text)
    DMA2_Stream5_IRQHandler                  0x0800029b   Thumb Code     0  startup_stm32f407xx.o(.text)
    DMA2_Stream6_IRQHandler                  0x0800029b   Thumb Code     0  startup_stm32f407xx.o(.text)
    DMA2_Stream7_IRQHandler                  0x0800029b   Thumb Code     0  startup_stm32f407xx.o(.text)
    ETH_IRQHandler                           0x0800029b   Thumb Code     0  startup_stm32f407xx.o(.text)
    ETH_WKUP_IRQHandler                      0x0800029b   Thumb Code     0  startup_stm32f407xx.o(.text)
    EXTI0_IRQHandler                         0x0800029b   Thumb Code     0  startup_stm32f407xx.o(.text)
    EXTI15_10_IRQHandler                     0x0800029b   Thumb Code     0  startup_stm32f407xx.o(.text)
    EXTI1_IRQHandler                         0x0800029b   Thumb Code     0  startup_stm32f407xx.o(.text)
    EXTI2_IRQHandler                         0x0800029b   Thumb Code     0  startup_stm32f407xx.o(.text)
    EXTI3_IRQHandler                         0x0800029b   Thumb Code     0  startup_stm32f407xx.o(.text)
    EXTI4_IRQHandler                         0x0800029b   Thumb Code     0  startup_stm32f407xx.o(.text)
    EXTI9_5_IRQHandler                       0x0800029b   Thumb Code     0  startup_stm32f407xx.o(.text)
    FLASH_IRQHandler                         0x0800029b   Thumb Code     0  startup_stm32f407xx.o(.text)
    FMC_IRQHandler                           0x0800029b   Thumb Code     0  startup_stm32f407xx.o(.text)
    FPU_IRQHandler                           0x0800029b   Thumb Code     0  startup_stm32f407xx.o(.text)
    HASH_RNG_IRQHandler                      0x0800029b   Thumb Code     0  startup_stm32f407xx.o(.text)
    I2C1_ER_IRQHandler                       0x0800029b   Thumb Code     0  startup_stm32f407xx.o(.text)
    I2C1_EV_IRQHandler                       0x0800029b   Thumb Code     0  startup_stm32f407xx.o(.text)
    I2C2_ER_IRQHandler                       0x0800029b   Thumb Code     0  startup_stm32f407xx.o(.text)
    I2C2_EV_IRQHandler                       0x0800029b   Thumb Code     0  startup_stm32f407xx.o(.text)
    I2C3_ER_IRQHandler                       0x0800029b   Thumb Code     0  startup_stm32f407xx.o(.text)
    I2C3_EV_IRQHandler                       0x0800029b   Thumb Code     0  startup_stm32f407xx.o(.text)
    OTG_FS_IRQHandler                        0x0800029b   Thumb Code     0  startup_stm32f407xx.o(.text)
    OTG_FS_WKUP_IRQHandler                   0x0800029b   Thumb Code     0  startup_stm32f407xx.o(.text)
    OTG_HS_EP1_IN_IRQHandler                 0x0800029b   Thumb Code     0  startup_stm32f407xx.o(.text)
    OTG_HS_EP1_OUT_IRQHandler                0x0800029b   Thumb Code     0  startup_stm32f407xx.o(.text)
    OTG_HS_IRQHandler                        0x0800029b   Thumb Code     0  startup_stm32f407xx.o(.text)
    OTG_HS_WKUP_IRQHandler                   0x0800029b   Thumb Code     0  startup_stm32f407xx.o(.text)
    PVD_IRQHandler                           0x0800029b   Thumb Code     0  startup_stm32f407xx.o(.text)
    RCC_IRQHandler                           0x0800029b   Thumb Code     0  startup_stm32f407xx.o(.text)
    RTC_Alarm_IRQHandler                     0x0800029b   Thumb Code     0  startup_stm32f407xx.o(.text)
    RTC_WKUP_IRQHandler                      0x0800029b   Thumb Code     0  startup_stm32f407xx.o(.text)
    SDIO_IRQHandler                          0x0800029b   Thumb Code     0  startup_stm32f407xx.o(.text)
    SPI2_IRQHandler                          0x0800029b   Thumb Code     0  startup_stm32f407xx.o(.text)
    SPI3_IRQHandler                          0x0800029b   Thumb Code     0  startup_stm32f407xx.o(.text)
    TAMP_STAMP_IRQHandler                    0x0800029b   Thumb Code     0  startup_stm32f407xx.o(.text)
    TIM1_BRK_TIM9_IRQHandler                 0x0800029b   Thumb Code     0  startup_stm32f407xx.o(.text)
    TIM1_CC_IRQHandler                       0x0800029b   Thumb Code     0  startup_stm32f407xx.o(.text)
    TIM1_TRG_COM_TIM11_IRQHandler            0x0800029b   Thumb Code     0  startup_stm32f407xx.o(.text)
    TIM1_UP_TIM10_IRQHandler                 0x0800029b   Thumb Code     0  startup_stm32f407xx.o(.text)
    TIM2_IRQHandler                          0x0800029b   Thumb Code     0  startup_stm32f407xx.o(.text)
    TIM3_IRQHandler                          0x0800029b   Thumb Code     0  startup_stm32f407xx.o(.text)
    TIM4_IRQHandler                          0x0800029b   Thumb Code     0  startup_stm32f407xx.o(.text)
    TIM5_IRQHandler                          0x0800029b   Thumb Code     0  startup_stm32f407xx.o(.text)
    TIM6_DAC_IRQHandler                      0x0800029b   Thumb Code     0  startup_stm32f407xx.o(.text)
    TIM7_IRQHandler                          0x0800029b   Thumb Code     0  startup_stm32f407xx.o(.text)
    TIM8_BRK_TIM12_IRQHandler                0x0800029b   Thumb Code     0  startup_stm32f407xx.o(.text)
    TIM8_CC_IRQHandler                       0x0800029b   Thumb Code     0  startup_stm32f407xx.o(.text)
    TIM8_TRG_COM_TIM14_IRQHandler            0x0800029b   Thumb Code     0  startup_stm32f407xx.o(.text)
    TIM8_UP_TIM13_IRQHandler                 0x0800029b   Thumb Code     0  startup_stm32f407xx.o(.text)
    UART4_IRQHandler                         0x0800029b   Thumb Code     0  startup_stm32f407xx.o(.text)
    UART5_IRQHandler                         0x0800029b   Thumb Code     0  startup_stm32f407xx.o(.text)
    USART2_IRQHandler                        0x0800029b   Thumb Code     0  startup_stm32f407xx.o(.text)
    USART3_IRQHandler                        0x0800029b   Thumb Code     0  startup_stm32f407xx.o(.text)
    USART6_IRQHandler                        0x0800029b   Thumb Code     0  startup_stm32f407xx.o(.text)
    WWDG_IRQHandler                          0x0800029b   Thumb Code     0  startup_stm32f407xx.o(.text)
    __user_initial_stackheap                 0x0800029d   Thumb Code     0  startup_stm32f407xx.o(.text)
    malloc                                   0x080002c1   Thumb Code    94  h1_alloc.o(.text)
    free                                     0x0800031f   Thumb Code    78  h1_free.o(.text)
    __aeabi_uldivmod                         0x0800036d   Thumb Code     0  lludivv7m.o(.text)
    _ll_udiv                                 0x0800036d   Thumb Code   238  lludivv7m.o(.text)
    __2printf                                0x0800045d   Thumb Code    20  noretval__2printf.o(.text)
    __printf                                 0x08000475   Thumb Code   104  __printf.o(.text)
    _printf_int_dec                          0x080004dd   Thumb Code   104  _printf_dec.o(.text)
    _printf_int_hex                          0x08000555   Thumb Code    84  _printf_hex_int.o(.text)
    _printf_longlong_hex                     0x08000555   Thumb Code     0  _printf_hex_int.o(.text)
    strstr                                   0x080005ad   Thumb Code    36  strstr.o(.text)
    __aeabi_memcpy                           0x080005d1   Thumb Code     0  rt_memcpy_v6.o(.text)
    __rt_memcpy                              0x080005d1   Thumb Code   138  rt_memcpy_v6.o(.text)
    _memcpy_lastbytes                        0x08000637   Thumb Code     0  rt_memcpy_v6.o(.text)
    __aeabi_memclr                           0x0800065b   Thumb Code     0  rt_memclr.o(.text)
    __rt_memclr                              0x0800065b   Thumb Code    68  rt_memclr.o(.text)
    _memset                                  0x0800065f   Thumb Code     0  rt_memclr.o(.text)
    __aeabi_memclr4                          0x0800069f   Thumb Code     0  rt_memclr_w.o(.text)
    __aeabi_memclr8                          0x0800069f   Thumb Code     0  rt_memclr_w.o(.text)
    __rt_memclr_w                            0x0800069f   Thumb Code    78  rt_memclr_w.o(.text)
    _memset_w                                0x080006a3   Thumb Code     0  rt_memclr_w.o(.text)
    __use_two_region_memory                  0x080006ed   Thumb Code     2  heapauxi.o(.text)
    __rt_heap_escrow                         0x080006ef   Thumb Code     2  heapauxi.o(.text)
    __rt_heap_expand                         0x080006f1   Thumb Code     2  heapauxi.o(.text)
    __rt_heap_descriptor                     0x080006f5   Thumb Code     8  rt_heap_descriptor_intlibspace.o(.text)
    __use_no_heap                            0x080006fd   Thumb Code     2  hguard.o(.text)
    __heap$guard                             0x080006ff   Thumb Code     2  hguard.o(.text)
    _terminate_user_alloc                    0x08000701   Thumb Code     2  init_alloc.o(.text)
    _init_user_alloc                         0x08000703   Thumb Code     2  init_alloc.o(.text)
    __Heap_Full                              0x08000705   Thumb Code    34  init_alloc.o(.text)
    __Heap_Broken                            0x08000727   Thumb Code     6  init_alloc.o(.text)
    _init_alloc                              0x0800072d   Thumb Code    94  init_alloc.o(.text)
    __Heap_Initialize                        0x0800078b   Thumb Code    10  h1_init.o(.text)
    __Heap_DescSize                          0x08000795   Thumb Code     4  h1_init.o(.text)
    _printf_int_common                       0x08000799   Thumb Code   178  _printf_intcommon.o(.text)
    _printf_char_file                        0x0800084d   Thumb Code    32  _printf_char_file.o(.text)
    __aeabi_memcpy4                          0x08000871   Thumb Code     0  rt_memcpy_w.o(.text)
    __aeabi_memcpy8                          0x08000871   Thumb Code     0  rt_memcpy_w.o(.text)
    __rt_memcpy_w                            0x08000871   Thumb Code   100  rt_memcpy_w.o(.text)
    _memcpy_lastbytes_aligned                0x080008b9   Thumb Code     0  rt_memcpy_w.o(.text)
    __user_libspace                          0x080008d5   Thumb Code     8  libspace.o(.text)
    __user_perproc_libspace                  0x080008d5   Thumb Code     0  libspace.o(.text)
    __user_perthread_libspace                0x080008d5   Thumb Code     0  libspace.o(.text)
    __Heap_ProvideMemory                     0x080008dd   Thumb Code    52  h1_extend.o(.text)
    _printf_char_common                      0x0800091b   Thumb Code    32  _printf_char_common.o(.text)
    ferror                                   0x08000941   Thumb Code     8  ferror.o(.text)
    __rt_SIGRTMEM                            0x08000949   Thumb Code    14  defsig_rtmem_outer.o(.text)
    __I$use$semihosting                      0x08000957   Thumb Code     0  use_no_semi.o(.text)
    __use_no_semihosting_swi                 0x08000957   Thumb Code     2  use_no_semi.o(.text)
    __semihosting_library_function           0x08000959   Thumb Code     0  indicate_semi.o(.text)
    __user_setup_stackheap                   0x08000959   Thumb Code    74  sys_stackheap_outer.o(.text)
    exit                                     0x080009a3   Thumb Code    18  exit.o(.text)
    __sig_exit                               0x080009b5   Thumb Code    10  defsig_exit.o(.text)
    __rt_SIGRTMEM_inner                      0x080009c1   Thumb Code    22  defsig_rtmem_inner.o(.text)
    _sys_exit                                0x08000a11   Thumb Code     8  sys_exit.o(.text)
    __default_signal_display                 0x08000a1d   Thumb Code    50  defsig_general.o(.text)
    _ttywrch                                 0x08000a4f   Thumb Code    14  sys_wrch.o(.text)
    BusFault_Handler                         0x08000a5d   Thumb Code     2  stm32f4xx_it.o(i.BusFault_Handler)
    DMA2_Stream0_IRQHandler                  0x08000a61   Thumb Code     6  stm32f4xx_it.o(i.DMA2_Stream0_IRQHandler)
    DMA2_Stream3_IRQHandler                  0x08000a6d   Thumb Code     6  stm32f4xx_it.o(i.DMA2_Stream3_IRQHandler)
    DebugMon_Handler                         0x08000b1d   Thumb Code     2  stm32f4xx_it.o(i.DebugMon_Handler)
    Error_Handler                            0x08000b1f   Thumb Code     4  main.o(i.Error_Handler)
    GPIODevFind                              0x08000b25   Thumb Code    34  dev_gpio.o(i.GPIODevFind)
    GPIODevInsert                            0x08000b4d   Thumb Code    22  dev_gpio.o(i.GPIODevInsert)
    GPIODevRegister                          0x08000b69   Thumb Code    36  dev_gpio.o(i.GPIODevRegister)
    GPIODevicesHead                          0x08000b8d   Thumb Code     4  drv_gpio.o(i.GPIODevicesHead)
    GPIODevicesNum                           0x08000b95   Thumb Code     4  drv_gpio.o(i.GPIODevicesNum)
    GPIODrvInit                              0x08000b99   Thumb Code   106  drv_gpio.o(i.GPIODrvInit)
    GPIODrvRead                              0x08000c19   Thumb Code    18  drv_gpio.o(i.GPIODrvRead)
    GPIODrvWrite                             0x08000c2b   Thumb Code    34  drv_gpio.o(i.GPIODrvWrite)
    GPIOIrqDrvRead                           0x08000c4d   Thumb Code   134  drv_gpio.o(i.GPIOIrqDrvRead)
    GetST7789V                               0x08000ce9   Thumb Code     4  dev_st7789v.o(i.GetST7789V)
    HAL_DMA_Abort                            0x08000cf1   Thumb Code   146  stm32f4xx_hal_dma.o(i.HAL_DMA_Abort)
    HAL_DMA_Abort_IT                         0x08000d83   Thumb Code    36  stm32f4xx_hal_dma.o(i.HAL_DMA_Abort_IT)
    HAL_DMA_IRQHandler                       0x08000da9   Thumb Code   412  stm32f4xx_hal_dma.o(i.HAL_DMA_IRQHandler)
    HAL_DMA_Init                             0x08000f49   Thumb Code   206  stm32f4xx_hal_dma.o(i.HAL_DMA_Init)
    HAL_DMA_Start_IT                         0x0800101d   Thumb Code   110  stm32f4xx_hal_dma.o(i.HAL_DMA_Start_IT)
    HAL_Delay                                0x0800108d   Thumb Code    32  stm32f4xx_hal.o(i.HAL_Delay)
    HAL_GPIO_Init                            0x080010b1   Thumb Code   450  stm32f4xx_hal_gpio.o(i.HAL_GPIO_Init)
    HAL_GPIO_ReadPin                         0x080012a1   Thumb Code    10  stm32f4xx_hal_gpio.o(i.HAL_GPIO_ReadPin)
    HAL_GPIO_WritePin                        0x080012ab   Thumb Code    10  stm32f4xx_hal_gpio.o(i.HAL_GPIO_WritePin)
    HAL_GetTick                              0x080012b5   Thumb Code     6  stm32f4xx_hal.o(i.HAL_GetTick)
    HAL_IncTick                              0x080012c1   Thumb Code    12  stm32f4xx_hal.o(i.HAL_IncTick)
    HAL_Init                                 0x080012d1   Thumb Code    48  stm32f4xx_hal.o(i.HAL_Init)
    HAL_InitTick                             0x08001305   Thumb Code    54  stm32f4xx_hal.o(i.HAL_InitTick)
    HAL_MspInit                              0x08001345   Thumb Code    42  stm32f4xx_hal_msp.o(i.HAL_MspInit)
    HAL_NVIC_EnableIRQ                       0x08001375   Thumb Code    26  stm32f4xx_hal_cortex.o(i.HAL_NVIC_EnableIRQ)
    HAL_NVIC_SetPriority                     0x08001391   Thumb Code    60  stm32f4xx_hal_cortex.o(i.HAL_NVIC_SetPriority)
    HAL_NVIC_SetPriorityGrouping             0x080013d1   Thumb Code    26  stm32f4xx_hal_cortex.o(i.HAL_NVIC_SetPriorityGrouping)
    HAL_RCC_ClockConfig                      0x080013f5   Thumb Code   288  stm32f4xx_hal_rcc.o(i.HAL_RCC_ClockConfig)
    HAL_RCC_GetPCLK1Freq                     0x08001529   Thumb Code    20  stm32f4xx_hal_rcc.o(i.HAL_RCC_GetPCLK1Freq)
    HAL_RCC_GetPCLK2Freq                     0x08001549   Thumb Code    20  stm32f4xx_hal_rcc.o(i.HAL_RCC_GetPCLK2Freq)
    HAL_RCC_GetSysClockFreq                  0x08001569   Thumb Code    88  stm32f4xx_hal_rcc.o(i.HAL_RCC_GetSysClockFreq)
    HAL_RCC_OscConfig                        0x080015c9   Thumb Code   856  stm32f4xx_hal_rcc.o(i.HAL_RCC_OscConfig)
    HAL_SPI_ErrorCallback                    0x08001935   Thumb Code     2  stm32f4xx_hal_spi.o(i.HAL_SPI_ErrorCallback)
    HAL_SPI_IRQHandler                       0x08001939   Thumb Code   246  stm32f4xx_hal_spi.o(i.HAL_SPI_IRQHandler)
    HAL_SPI_Init                             0x08001a35   Thumb Code   188  stm32f4xx_hal_spi.o(i.HAL_SPI_Init)
    HAL_SPI_MspInit                          0x08001af1   Thumb Code   208  spi.o(i.HAL_SPI_MspInit)
    HAL_SPI_Receive_DMA                      0x08001bd5   Thumb Code   230  stm32f4xx_hal_spi.o(i.HAL_SPI_Receive_DMA)
    HAL_SPI_Receive_IT                       0x08001cc9   Thumb Code   166  stm32f4xx_hal_spi.o(i.HAL_SPI_Receive_IT)
    HAL_SPI_RxCpltCallback                   0x08001d79   Thumb Code     8  drv_spi.o(i.HAL_SPI_RxCpltCallback)
    HAL_SPI_RxHalfCpltCallback               0x08001d85   Thumb Code     2  stm32f4xx_hal_spi.o(i.HAL_SPI_RxHalfCpltCallback)
    HAL_SPI_TransmitReceive_DMA              0x08001d89   Thumb Code   270  stm32f4xx_hal_spi.o(i.HAL_SPI_TransmitReceive_DMA)
    HAL_SPI_TransmitReceive_IT               0x08001ead   Thumb Code   146  stm32f4xx_hal_spi.o(i.HAL_SPI_TransmitReceive_IT)
    HAL_SPI_Transmit_DMA                     0x08001f51   Thumb Code   202  stm32f4xx_hal_spi.o(i.HAL_SPI_Transmit_DMA)
    HAL_SPI_Transmit_IT                      0x08002029   Thumb Code   140  stm32f4xx_hal_spi.o(i.HAL_SPI_Transmit_IT)
    HAL_SPI_TxCpltCallback                   0x080020bd   Thumb Code     8  drv_spi.o(i.HAL_SPI_TxCpltCallback)
    HAL_SPI_TxHalfCpltCallback               0x080020c9   Thumb Code     2  stm32f4xx_hal_spi.o(i.HAL_SPI_TxHalfCpltCallback)
    HAL_SPI_TxRxCpltCallback                 0x080020cd   Thumb Code     8  drv_spi.o(i.HAL_SPI_TxRxCpltCallback)
    HAL_SPI_TxRxHalfCpltCallback             0x080020d9   Thumb Code     2  stm32f4xx_hal_spi.o(i.HAL_SPI_TxRxHalfCpltCallback)
    HAL_SYSTICK_Config                       0x080020db   Thumb Code    40  stm32f4xx_hal_cortex.o(i.HAL_SYSTICK_Config)
    HAL_UARTEx_RxEventCallback               0x08002103   Thumb Code     2  stm32f4xx_hal_uart.o(i.HAL_UARTEx_RxEventCallback)
    HAL_UART_ErrorCallback                   0x08002105   Thumb Code     2  stm32f4xx_hal_uart.o(i.HAL_UART_ErrorCallback)
    HAL_UART_IRQHandler                      0x08002109   Thumb Code   610  stm32f4xx_hal_uart.o(i.HAL_UART_IRQHandler)
    HAL_UART_Init                            0x08002371   Thumb Code    98  stm32f4xx_hal_uart.o(i.HAL_UART_Init)
    HAL_UART_MspInit                         0x080023d5   Thumb Code   110  usart.o(i.HAL_UART_MspInit)
    HAL_UART_Receive_IT                      0x08002451   Thumb Code    42  stm32f4xx_hal_uart.o(i.HAL_UART_Receive_IT)
    HAL_UART_RxCpltCallback                  0x0800247d   Thumb Code    34  drv_uart.o(i.HAL_UART_RxCpltCallback)
    HAL_UART_Transmit_IT                     0x080024a9   Thumb Code    62  stm32f4xx_hal_uart.o(i.HAL_UART_Transmit_IT)
    HAL_UART_TxCpltCallback                  0x080024e9   Thumb Code     8  drv_uart.o(i.HAL_UART_TxCpltCallback)
    HardFault_Handler                        0x080024f5   Thumb Code     2  stm32f4xx_it.o(i.HardFault_Handler)
    MX_DMA_Init                              0x080024f9   Thumb Code    56  dma.o(i.MX_DMA_Init)
    MX_GPIO_Init                             0x08002535   Thumb Code   266  gpio.o(i.MX_GPIO_Init)
    MX_SPI1_Init                             0x08002655   Thumb Code    62  spi.o(i.MX_SPI1_Init)
    MX_USART1_UART_Init                      0x0800269d   Thumb Code    48  usart.o(i.MX_USART1_UART_Init)
    MemManage_Handler                        0x080026d5   Thumb Code     2  stm32f4xx_it.o(i.MemManage_Handler)
    NMI_Handler                              0x080026d7   Thumb Code     2  stm32f4xx_it.o(i.NMI_Handler)
    PendSV_Handler                           0x080026d9   Thumb Code     2  stm32f4xx_it.o(i.PendSV_Handler)
    RingBuffNew                              0x080027ad   Thumb Code    70  ring_buffer.o(i.RingBuffNew)
    SPI1_IRQHandler                          0x080028d9   Thumb Code     6  stm32f4xx_it.o(i.SPI1_IRQHandler)
    SPIDevFind                               0x080028e5   Thumb Code    36  dev_spi.o(i.SPIDevFind)
    SPIDevInsert                             0x0800290d   Thumb Code    22  dev_spi.o(i.SPIDevInsert)
    SPIDevRegister                           0x08002929   Thumb Code    42  dev_spi.o(i.SPIDevRegister)
    SPIDeviceGetHead                         0x08002955   Thumb Code     4  drv_spi.o(i.SPIDeviceGetHead)
    SPIDeviceNum                             0x0800295d   Thumb Code     4  drv_spi.o(i.SPIDeviceNum)
    SVC_Handler                              0x0800348b   Thumb Code     2  stm32f4xx_it.o(i.SVC_Handler)
    SysTick_Handler                          0x080034fd   Thumb Code     4  stm32f4xx_it.o(i.SysTick_Handler)
    SystemClock_Config                       0x08003501   Thumb Code   138  main.o(i.SystemClock_Config)
    SystemInit                               0x08003595   Thumb Code    12  system_stm32f4xx.o(i.SystemInit)
    UARTDevFind                              0x080035a5   Thumb Code    36  dev_uart.o(i.UARTDevFind)
    UARTDevInsert                            0x080035cd   Thumb Code    22  dev_uart.o(i.UARTDevInsert)
    UARTDevRegister                          0x080035e9   Thumb Code    42  dev_uart.o(i.UARTDevRegister)
    UARTDeviceGetHead                        0x08003615   Thumb Code     4  drv_uart.o(i.UARTDeviceGetHead)
    UARTDeviceNum                            0x0800361d   Thumb Code     4  drv_uart.o(i.UARTDeviceNum)
    UARTDrvInit                              0x08003621   Thumb Code    68  drv_uart.o(i.UARTDrvInit)
    UARTDrvRead                              0x08003679   Thumb Code    38  drv_uart.o(i.UARTDrvRead)
    UARTDrvWrite                             0x080036a5   Thumb Code    56  drv_uart.o(i.UARTDrvWrite)
    UART_Start_Receive_IT                    0x08003911   Thumb Code    58  stm32f4xx_hal_uart.o(i.UART_Start_Receive_IT)
    USART1_IRQHandler                        0x0800394d   Thumb Code     6  stm32f4xx_it.o(i.USART1_IRQHandler)
    UsageFault_Handler                       0x08003959   Thumb Code     2  stm32f4xx_it.o(i.UsageFault_Handler)
    WaitRxComplete                           0x0800395d   Thumb Code    14  drv_spi.o(i.WaitRxComplete)
    WaitTxComplete                           0x08003971   Thumb Code    14  drv_spi.o(i.WaitTxComplete)
    WaitTxRxComplete                         0x08003985   Thumb Code    14  drv_spi.o(i.WaitTxRxComplete)
    app_st7789_test                          0x08003a39   Thumb Code   104  app_st7789v_test.o(i.app_st7789_test)
    fputc                                    0x08003aa5   Thumb Code    32  printf.o(i.fputc)
    main                                     0x08003ad1   Thumb Code    30  main.o(i.main)
    mdelay                                   0x08003aef   Thumb Code    34  my_delay.o(i.mdelay)
    _fp_init                                 0x08003b11   Thumb Code    10  fpinit.o(x$fpl$fpinit)
    __fplib_config_fpu_vfp                   0x08003b19   Thumb Code     0  fpinit.o(x$fpl$fpinit)
    __fplib_config_pureend_doubles           0x08003b19   Thumb Code     0  fpinit.o(x$fpl$fpinit)
    AHBPrescTable                            0x08003b22   Data          16  system_stm32f4xx.o(.constdata)
    APBPrescTable                            0x08003b32   Data           8  system_stm32f4xx.o(.constdata)
    Region$$Table$$Base                      0x08003bd8   Number         0  anon$$obj.o(Region$$Table)
    Region$$Table$$Limit                     0x08003bf8   Number         0  anon$$obj.o(Region$$Table)
    uwTickFreq                               0x20000000   Data           1  stm32f4xx_hal.o(.data)
    uwTickPrio                               0x20000004   Data           4  stm32f4xx_hal.o(.data)
    uwTick                                   0x20000008   Data           4  stm32f4xx_hal.o(.data)
    SystemCoreClock                          0x2000000c   Data           4  system_stm32f4xx.o(.data)
    rxdata                                   0x2000021d   Data           1  drv_uart.o(.data)
    __stdout                                 0x2000023c   Data           4  printf.o(.data)
    hspi1                                    0x20000240   Data          88  spi.o(.bss)
    hdma_spi1_rx                             0x20000298   Data          96  spi.o(.bss)
    hdma_spi1_tx                             0x200002f8   Data          96  spi.o(.bss)
    huart1                                   0x20000358   Data          68  usart.o(.bss)
    buf                                      0x2000039c   Data        5000  app_st7789v_test.o(.bss)
    __libspace_start                         0x20001724   Data          96  libspace.o(.bss)
    __temporary_stack_top$libspace           0x20001784   Data           0  libspace.o(.bss)



==============================================================================

Memory Map of the image

  Image Entry point : 0x08000189

  Load Region LR_IROM1 (Base: 0x08000000, Size: 0x00003e38, Max: 0x00100000, ABSOLUTE, COMPRESSED[0x00003cc0])

    Execution Region ER_IROM1 (Exec base: 0x08000000, Load base: 0x08000000, Size: 0x00003bf8, Max: 0x00100000, ABSOLUTE)

    Exec Addr    Load Addr    Size         Type   Attr      Idx    E Section Name        Object

    0x08000000   0x08000000   0x00000188   Data   RO            3    RESET               startup_stm32f407xx.o
    0x08000188   0x08000188   0x00000008   Code   RO         3002  * !!!main             c_w.l(__main.o)
    0x08000190   0x08000190   0x00000034   Code   RO         3232    !!!scatter          c_w.l(__scatter.o)
    0x080001c4   0x080001c4   0x0000005a   Code   RO         3230    !!dczerorl2         c_w.l(__dczerorl2.o)
    0x0800021e   0x0800021e   0x00000002   PAD
    0x08000220   0x08000220   0x0000001c   Code   RO         3234    !!handler_zi        c_w.l(__scatter_zi.o)
    0x0800023c   0x0800023c   0x00000000   Code   RO         2991    .ARM.Collect$$_printf_percent$$00000000  c_w.l(_printf_percent.o)
    0x0800023c   0x0800023c   0x00000006   Code   RO         2990    .ARM.Collect$$_printf_percent$$00000009  c_w.l(_printf_d.o)
    0x08000242   0x08000242   0x00000006   Code   RO         2989    .ARM.Collect$$_printf_percent$$0000000C  c_w.l(_printf_x.o)
    0x08000248   0x08000248   0x00000004   Code   RO         3040    .ARM.Collect$$_printf_percent$$00000017  c_w.l(_printf_percent_end.o)
    0x0800024c   0x0800024c   0x00000002   Code   RO         3167    .ARM.Collect$$libinit$$00000000  c_w.l(libinit.o)
    0x0800024e   0x0800024e   0x00000004   Code   RO         3045    .ARM.Collect$$libinit$$00000001  c_w.l(libinit2.o)
    0x08000252   0x08000252   0x00000000   Code   RO         3048    .ARM.Collect$$libinit$$00000004  c_w.l(libinit2.o)
    0x08000252   0x08000252   0x00000008   Code   RO         3049    .ARM.Collect$$libinit$$00000005  c_w.l(libinit2.o)
    0x0800025a   0x0800025a   0x00000000   Code   RO         3051    .ARM.Collect$$libinit$$0000000A  c_w.l(libinit2.o)
    0x0800025a   0x0800025a   0x00000000   Code   RO         3053    .ARM.Collect$$libinit$$0000000C  c_w.l(libinit2.o)
    0x0800025a   0x0800025a   0x00000000   Code   RO         3055    .ARM.Collect$$libinit$$0000000E  c_w.l(libinit2.o)
    0x0800025a   0x0800025a   0x00000000   Code   RO         3058    .ARM.Collect$$libinit$$00000011  c_w.l(libinit2.o)
    0x0800025a   0x0800025a   0x00000000   Code   RO         3060    .ARM.Collect$$libinit$$00000013  c_w.l(libinit2.o)
    0x0800025a   0x0800025a   0x00000000   Code   RO         3062    .ARM.Collect$$libinit$$00000015  c_w.l(libinit2.o)
    0x0800025a   0x0800025a   0x00000000   Code   RO         3064    .ARM.Collect$$libinit$$00000017  c_w.l(libinit2.o)
    0x0800025a   0x0800025a   0x00000000   Code   RO         3066    .ARM.Collect$$libinit$$00000019  c_w.l(libinit2.o)
    0x0800025a   0x0800025a   0x00000000   Code   RO         3068    .ARM.Collect$$libinit$$0000001B  c_w.l(libinit2.o)
    0x0800025a   0x0800025a   0x00000000   Code   RO         3070    .ARM.Collect$$libinit$$0000001D  c_w.l(libinit2.o)
    0x0800025a   0x0800025a   0x00000000   Code   RO         3072    .ARM.Collect$$libinit$$0000001F  c_w.l(libinit2.o)
    0x0800025a   0x0800025a   0x00000000   Code   RO         3074    .ARM.Collect$$libinit$$00000021  c_w.l(libinit2.o)
    0x0800025a   0x0800025a   0x00000000   Code   RO         3076    .ARM.Collect$$libinit$$00000023  c_w.l(libinit2.o)
    0x0800025a   0x0800025a   0x00000000   Code   RO         3078    .ARM.Collect$$libinit$$00000025  c_w.l(libinit2.o)
    0x0800025a   0x0800025a   0x00000000   Code   RO         3082    .ARM.Collect$$libinit$$0000002C  c_w.l(libinit2.o)
    0x0800025a   0x0800025a   0x00000000   Code   RO         3084    .ARM.Collect$$libinit$$0000002E  c_w.l(libinit2.o)
    0x0800025a   0x0800025a   0x00000000   Code   RO         3086    .ARM.Collect$$libinit$$00000030  c_w.l(libinit2.o)
    0x0800025a   0x0800025a   0x00000000   Code   RO         3088    .ARM.Collect$$libinit$$00000032  c_w.l(libinit2.o)
    0x0800025a   0x0800025a   0x00000002   Code   RO         3089    .ARM.Collect$$libinit$$00000033  c_w.l(libinit2.o)
    0x0800025c   0x0800025c   0x00000002   Code   RO         3227    .ARM.Collect$$libshutdown$$00000000  c_w.l(libshutdown.o)
    0x0800025e   0x0800025e   0x00000000   Code   RO         3183    .ARM.Collect$$libshutdown$$00000002  c_w.l(libshutdown2.o)
    0x0800025e   0x0800025e   0x00000000   Code   RO         3185    .ARM.Collect$$libshutdown$$00000004  c_w.l(libshutdown2.o)
    0x0800025e   0x0800025e   0x00000000   Code   RO         3187    .ARM.Collect$$libshutdown$$00000006  c_w.l(libshutdown2.o)
    0x0800025e   0x0800025e   0x00000000   Code   RO         3190    .ARM.Collect$$libshutdown$$00000009  c_w.l(libshutdown2.o)
    0x0800025e   0x0800025e   0x00000000   Code   RO         3193    .ARM.Collect$$libshutdown$$0000000C  c_w.l(libshutdown2.o)
    0x0800025e   0x0800025e   0x00000000   Code   RO         3195    .ARM.Collect$$libshutdown$$0000000E  c_w.l(libshutdown2.o)
    0x0800025e   0x0800025e   0x00000000   Code   RO         3198    .ARM.Collect$$libshutdown$$00000011  c_w.l(libshutdown2.o)
    0x0800025e   0x0800025e   0x00000002   Code   RO         3199    .ARM.Collect$$libshutdown$$00000012  c_w.l(libshutdown2.o)
    0x08000260   0x08000260   0x00000000   Code   RO         3006    .ARM.Collect$$rtentry$$00000000  c_w.l(__rtentry.o)
    0x08000260   0x08000260   0x00000000   Code   RO         3096    .ARM.Collect$$rtentry$$00000002  c_w.l(__rtentry2.o)
    0x08000260   0x08000260   0x00000006   Code   RO         3108    .ARM.Collect$$rtentry$$00000004  c_w.l(__rtentry4.o)
    0x08000266   0x08000266   0x00000000   Code   RO         3098    .ARM.Collect$$rtentry$$00000009  c_w.l(__rtentry2.o)
    0x08000266   0x08000266   0x00000004   Code   RO         3099    .ARM.Collect$$rtentry$$0000000A  c_w.l(__rtentry2.o)
    0x0800026a   0x0800026a   0x00000000   Code   RO         3101    .ARM.Collect$$rtentry$$0000000C  c_w.l(__rtentry2.o)
    0x0800026a   0x0800026a   0x00000008   Code   RO         3102    .ARM.Collect$$rtentry$$0000000D  c_w.l(__rtentry2.o)
    0x08000272   0x08000272   0x00000002   Code   RO         3170    .ARM.Collect$$rtexit$$00000000  c_w.l(rtexit.o)
    0x08000274   0x08000274   0x00000000   Code   RO         3203    .ARM.Collect$$rtexit$$00000002  c_w.l(rtexit2.o)
    0x08000274   0x08000274   0x00000004   Code   RO         3204    .ARM.Collect$$rtexit$$00000003  c_w.l(rtexit2.o)
    0x08000278   0x08000278   0x00000006   Code   RO         3205    .ARM.Collect$$rtexit$$00000004  c_w.l(rtexit2.o)
    0x0800027e   0x0800027e   0x00000002   PAD
    0x08000280   0x08000280   0x00000000   Code   RO         3114    .emb_text           c_w.l(maybetermalloc1.o)
    0x08000280   0x08000280   0x00000040   Code   RO            4    .text               startup_stm32f407xx.o
    0x080002c0   0x080002c0   0x0000005e   Code   RO         2880    .text               c_w.l(h1_alloc.o)
    0x0800031e   0x0800031e   0x0000004e   Code   RO         2882    .text               c_w.l(h1_free.o)
    0x0800036c   0x0800036c   0x000000ee   Code   RO         2938    .text               c_w.l(lludivv7m.o)
    0x0800045a   0x0800045a   0x00000002   PAD
    0x0800045c   0x0800045c   0x00000018   Code   RO         2942    .text               c_w.l(noretval__2printf.o)
    0x08000474   0x08000474   0x00000068   Code   RO         2944    .text               c_w.l(__printf.o)
    0x080004dc   0x080004dc   0x00000078   Code   RO         2946    .text               c_w.l(_printf_dec.o)
    0x08000554   0x08000554   0x00000058   Code   RO         2951    .text               c_w.l(_printf_hex_int.o)
    0x080005ac   0x080005ac   0x00000024   Code   RO         2992    .text               c_w.l(strstr.o)
    0x080005d0   0x080005d0   0x0000008a   Code   RO         2994    .text               c_w.l(rt_memcpy_v6.o)
    0x0800065a   0x0800065a   0x00000044   Code   RO         2996    .text               c_w.l(rt_memclr.o)
    0x0800069e   0x0800069e   0x0000004e   Code   RO         2998    .text               c_w.l(rt_memclr_w.o)
    0x080006ec   0x080006ec   0x00000006   Code   RO         3000    .text               c_w.l(heapauxi.o)
    0x080006f2   0x080006f2   0x00000002   PAD
    0x080006f4   0x080006f4   0x00000008   Code   RO         3014    .text               c_w.l(rt_heap_descriptor_intlibspace.o)
    0x080006fc   0x080006fc   0x00000004   Code   RO         3016    .text               c_w.l(hguard.o)
    0x08000700   0x08000700   0x0000008a   Code   RO         3018    .text               c_w.l(init_alloc.o)
    0x0800078a   0x0800078a   0x0000000e   Code   RO         3022    .text               c_w.l(h1_init.o)
    0x08000798   0x08000798   0x000000b2   Code   RO         3036    .text               c_w.l(_printf_intcommon.o)
    0x0800084a   0x0800084a   0x00000002   PAD
    0x0800084c   0x0800084c   0x00000024   Code   RO         3038    .text               c_w.l(_printf_char_file.o)
    0x08000870   0x08000870   0x00000064   Code   RO         3041    .text               c_w.l(rt_memcpy_w.o)
    0x080008d4   0x080008d4   0x00000008   Code   RO         3092    .text               c_w.l(libspace.o)
    0x080008dc   0x080008dc   0x00000034   Code   RO         3116    .text               c_w.l(h1_extend.o)
    0x08000910   0x08000910   0x00000030   Code   RO         3120    .text               c_w.l(_printf_char_common.o)
    0x08000940   0x08000940   0x00000008   Code   RO         3122    .text               c_w.l(ferror.o)
    0x08000948   0x08000948   0x0000000e   Code   RO         3126    .text               c_w.l(defsig_rtmem_outer.o)
    0x08000956   0x08000956   0x00000002   Code   RO         3137    .text               c_w.l(use_no_semi.o)
    0x08000958   0x08000958   0x00000000   Code   RO         3139    .text               c_w.l(indicate_semi.o)
    0x08000958   0x08000958   0x0000004a   Code   RO         3140    .text               c_w.l(sys_stackheap_outer.o)
    0x080009a2   0x080009a2   0x00000012   Code   RO         3148    .text               c_w.l(exit.o)
    0x080009b4   0x080009b4   0x0000000a   Code   RO         3150    .text               c_w.l(defsig_exit.o)
    0x080009be   0x080009be   0x00000002   PAD
    0x080009c0   0x080009c0   0x00000050   Code   RO         3156    .text               c_w.l(defsig_rtmem_inner.o)
    0x08000a10   0x08000a10   0x0000000c   Code   RO         3168    .text               c_w.l(sys_exit.o)
    0x08000a1c   0x08000a1c   0x00000032   Code   RO         3178    .text               c_w.l(defsig_general.o)
    0x08000a4e   0x08000a4e   0x0000000e   Code   RO         3200    .text               c_w.l(sys_wrch.o)
    0x08000a5c   0x08000a5c   0x00000002   Code   RO          289    i.BusFault_Handler  stm32f4xx_it.o
    0x08000a5e   0x08000a5e   0x00000002   PAD
    0x08000a60   0x08000a60   0x0000000c   Code   RO          290    i.DMA2_Stream0_IRQHandler  stm32f4xx_it.o
    0x08000a6c   0x08000a6c   0x0000000c   Code   RO          291    i.DMA2_Stream3_IRQHandler  stm32f4xx_it.o
    0x08000a78   0x08000a78   0x00000028   Code   RO         1194    i.DMA_CalcBaseAndBitshift  stm32f4xx_hal_dma.o
    0x08000aa0   0x08000aa0   0x00000054   Code   RO         1195    i.DMA_CheckFifoParam  stm32f4xx_hal_dma.o
    0x08000af4   0x08000af4   0x00000028   Code   RO         1196    i.DMA_SetConfig     stm32f4xx_hal_dma.o
    0x08000b1c   0x08000b1c   0x00000002   Code   RO          292    i.DebugMon_Handler  stm32f4xx_it.o
    0x08000b1e   0x08000b1e   0x00000004   Code   RO           13    i.Error_Handler     main.o
    0x08000b22   0x08000b22   0x00000002   PAD
    0x08000b24   0x08000b24   0x00000028   Code   RO         2370    i.GPIODevFind       dev_gpio.o
    0x08000b4c   0x08000b4c   0x0000001c   Code   RO         2371    i.GPIODevInsert     dev_gpio.o
    0x08000b68   0x08000b68   0x00000024   Code   RO         2372    i.GPIODevRegister   dev_gpio.o
    0x08000b8c   0x08000b8c   0x00000008   Code   RO         2534    i.GPIODevicesHead   drv_gpio.o
    0x08000b94   0x08000b94   0x00000004   Code   RO         2535    i.GPIODevicesNum    drv_gpio.o
    0x08000b98   0x08000b98   0x00000080   Code   RO         2536    i.GPIODrvInit       drv_gpio.o
    0x08000c18   0x08000c18   0x00000012   Code   RO         2537    i.GPIODrvRead       drv_gpio.o
    0x08000c2a   0x08000c2a   0x00000022   Code   RO         2538    i.GPIODrvWrite      drv_gpio.o
    0x08000c4c   0x08000c4c   0x0000009c   Code   RO         2539    i.GPIOIrqDrvRead    drv_gpio.o
    0x08000ce8   0x08000ce8   0x00000008   Code   RO         2460    i.GetST7789V        dev_st7789v.o
    0x08000cf0   0x08000cf0   0x00000092   Code   RO         1197    i.HAL_DMA_Abort     stm32f4xx_hal_dma.o
    0x08000d82   0x08000d82   0x00000024   Code   RO         1198    i.HAL_DMA_Abort_IT  stm32f4xx_hal_dma.o
    0x08000da6   0x08000da6   0x00000002   PAD
    0x08000da8   0x08000da8   0x000001a0   Code   RO         1202    i.HAL_DMA_IRQHandler  stm32f4xx_hal_dma.o
    0x08000f48   0x08000f48   0x000000d4   Code   RO         1203    i.HAL_DMA_Init      stm32f4xx_hal_dma.o
    0x0800101c   0x0800101c   0x0000006e   Code   RO         1207    i.HAL_DMA_Start_IT  stm32f4xx_hal_dma.o
    0x0800108a   0x0800108a   0x00000002   PAD
    0x0800108c   0x0800108c   0x00000024   Code   RO         1616    i.HAL_Delay         stm32f4xx_hal.o
    0x080010b0   0x080010b0   0x000001f0   Code   RO         1090    i.HAL_GPIO_Init     stm32f4xx_hal_gpio.o
    0x080012a0   0x080012a0   0x0000000a   Code   RO         1092    i.HAL_GPIO_ReadPin  stm32f4xx_hal_gpio.o
    0x080012aa   0x080012aa   0x0000000a   Code   RO         1094    i.HAL_GPIO_WritePin  stm32f4xx_hal_gpio.o
    0x080012b4   0x080012b4   0x0000000c   Code   RO         1622    i.HAL_GetTick       stm32f4xx_hal.o
    0x080012c0   0x080012c0   0x00000010   Code   RO         1628    i.HAL_IncTick       stm32f4xx_hal.o
    0x080012d0   0x080012d0   0x00000034   Code   RO         1629    i.HAL_Init          stm32f4xx_hal.o
    0x08001304   0x08001304   0x00000040   Code   RO         1630    i.HAL_InitTick      stm32f4xx_hal.o
    0x08001344   0x08001344   0x00000030   Code   RO          389    i.HAL_MspInit       stm32f4xx_hal_msp.o
    0x08001374   0x08001374   0x0000001a   Code   RO         1479    i.HAL_NVIC_EnableIRQ  stm32f4xx_hal_cortex.o
    0x0800138e   0x0800138e   0x00000002   PAD
    0x08001390   0x08001390   0x00000040   Code   RO         1485    i.HAL_NVIC_SetPriority  stm32f4xx_hal_cortex.o
    0x080013d0   0x080013d0   0x00000024   Code   RO         1486    i.HAL_NVIC_SetPriorityGrouping  stm32f4xx_hal_cortex.o
    0x080013f4   0x080013f4   0x00000134   Code   RO          736    i.HAL_RCC_ClockConfig  stm32f4xx_hal_rcc.o
    0x08001528   0x08001528   0x00000020   Code   RO          743    i.HAL_RCC_GetPCLK1Freq  stm32f4xx_hal_rcc.o
    0x08001548   0x08001548   0x00000020   Code   RO          744    i.HAL_RCC_GetPCLK2Freq  stm32f4xx_hal_rcc.o
    0x08001568   0x08001568   0x00000060   Code   RO          745    i.HAL_RCC_GetSysClockFreq  stm32f4xx_hal_rcc.o
    0x080015c8   0x080015c8   0x0000036c   Code   RO          748    i.HAL_RCC_OscConfig  stm32f4xx_hal_rcc.o
    0x08001934   0x08001934   0x00000002   Code   RO          420    i.HAL_SPI_ErrorCallback  stm32f4xx_hal_spi.o
    0x08001936   0x08001936   0x00000002   PAD
    0x08001938   0x08001938   0x000000fc   Code   RO          423    i.HAL_SPI_IRQHandler  stm32f4xx_hal_spi.o
    0x08001a34   0x08001a34   0x000000bc   Code   RO          424    i.HAL_SPI_Init      stm32f4xx_hal_spi.o
    0x08001af0   0x08001af0   0x000000e4   Code   RO          206    i.HAL_SPI_MspInit   spi.o
    0x08001bd4   0x08001bd4   0x000000f4   Code   RO          428    i.HAL_SPI_Receive_DMA  stm32f4xx_hal_spi.o
    0x08001cc8   0x08001cc8   0x000000b0   Code   RO          429    i.HAL_SPI_Receive_IT  stm32f4xx_hal_spi.o
    0x08001d78   0x08001d78   0x0000000c   Code   RO         2610    i.HAL_SPI_RxCpltCallback  drv_spi.o
    0x08001d84   0x08001d84   0x00000002   Code   RO          431    i.HAL_SPI_RxHalfCpltCallback  stm32f4xx_hal_spi.o
    0x08001d86   0x08001d86   0x00000002   PAD
    0x08001d88   0x08001d88   0x00000124   Code   RO          434    i.HAL_SPI_TransmitReceive_DMA  stm32f4xx_hal_spi.o
    0x08001eac   0x08001eac   0x000000a4   Code   RO          435    i.HAL_SPI_TransmitReceive_IT  stm32f4xx_hal_spi.o
    0x08001f50   0x08001f50   0x000000d8   Code   RO          436    i.HAL_SPI_Transmit_DMA  stm32f4xx_hal_spi.o
    0x08002028   0x08002028   0x00000094   Code   RO          437    i.HAL_SPI_Transmit_IT  stm32f4xx_hal_spi.o
    0x080020bc   0x080020bc   0x0000000c   Code   RO         2611    i.HAL_SPI_TxCpltCallback  drv_spi.o
    0x080020c8   0x080020c8   0x00000002   Code   RO          439    i.HAL_SPI_TxHalfCpltCallback  stm32f4xx_hal_spi.o
    0x080020ca   0x080020ca   0x00000002   PAD
    0x080020cc   0x080020cc   0x0000000c   Code   RO         2612    i.HAL_SPI_TxRxCpltCallback  drv_spi.o
    0x080020d8   0x080020d8   0x00000002   Code   RO          441    i.HAL_SPI_TxRxHalfCpltCallback  stm32f4xx_hal_spi.o
    0x080020da   0x080020da   0x00000028   Code   RO         1490    i.HAL_SYSTICK_Config  stm32f4xx_hal_cortex.o
    0x08002102   0x08002102   0x00000002   Code   RO         1914    i.HAL_UARTEx_RxEventCallback  stm32f4xx_hal_uart.o
    0x08002104   0x08002104   0x00000002   Code   RO         1928    i.HAL_UART_ErrorCallback  stm32f4xx_hal_uart.o
    0x08002106   0x08002106   0x00000002   PAD
    0x08002108   0x08002108   0x00000268   Code   RO         1931    i.HAL_UART_IRQHandler  stm32f4xx_hal_uart.o
    0x08002370   0x08002370   0x00000062   Code   RO         1932    i.HAL_UART_Init     stm32f4xx_hal_uart.o
    0x080023d2   0x080023d2   0x00000002   PAD
    0x080023d4   0x080023d4   0x0000007c   Code   RO          248    i.HAL_UART_MspInit  usart.o
    0x08002450   0x08002450   0x0000002a   Code   RO         1937    i.HAL_UART_Receive_IT  stm32f4xx_hal_uart.o
    0x0800247a   0x0800247a   0x00000002   PAD
    0x0800247c   0x0800247c   0x0000002c   Code   RO         2703    i.HAL_UART_RxCpltCallback  drv_uart.o
    0x080024a8   0x080024a8   0x0000003e   Code   RO         1942    i.HAL_UART_Transmit_IT  stm32f4xx_hal_uart.o
    0x080024e6   0x080024e6   0x00000002   PAD
    0x080024e8   0x080024e8   0x0000000c   Code   RO         2704    i.HAL_UART_TxCpltCallback  drv_uart.o
    0x080024f4   0x080024f4   0x00000002   Code   RO          293    i.HardFault_Handler  stm32f4xx_it.o
    0x080024f6   0x080024f6   0x00000002   PAD
    0x080024f8   0x080024f8   0x0000003c   Code   RO          181    i.MX_DMA_Init       dma.o
    0x08002534   0x08002534   0x00000120   Code   RO          157    i.MX_GPIO_Init      gpio.o
    0x08002654   0x08002654   0x00000048   Code   RO          207    i.MX_SPI1_Init      spi.o
    0x0800269c   0x0800269c   0x00000038   Code   RO          249    i.MX_USART1_UART_Init  usart.o
    0x080026d4   0x080026d4   0x00000002   Code   RO          294    i.MemManage_Handler  stm32f4xx_it.o
    0x080026d6   0x080026d6   0x00000002   Code   RO          295    i.NMI_Handler       stm32f4xx_it.o
    0x080026d8   0x080026d8   0x00000002   Code   RO          296    i.PendSV_Handler    stm32f4xx_it.o
    0x080026da   0x080026da   0x00000002   PAD
    0x080026dc   0x080026dc   0x00000080   Code   RO         2461    i.ReadDisplayID     dev_st7789v.o
    0x0800275c   0x0800275c   0x00000024   Code   RO         2778    i.RingBuffClear     ring_buffer.o
    0x08002780   0x08002780   0x0000002c   Code   RO         2779    i.RingBuffFree      ring_buffer.o
    0x080027ac   0x080027ac   0x00000058   Code   RO         2780    i.RingBuffNew       ring_buffer.o
    0x08002804   0x08002804   0x00000068   Code   RO         2781    i.RingBuffRead      ring_buffer.o
    0x0800286c   0x0800286c   0x0000006c   Code   RO         2782    i.RingBuffWrite     ring_buffer.o
    0x080028d8   0x080028d8   0x0000000c   Code   RO          297    i.SPI1_IRQHandler   stm32f4xx_it.o
    0x080028e4   0x080028e4   0x00000028   Code   RO         2402    i.SPIDevFind        dev_spi.o
    0x0800290c   0x0800290c   0x0000001c   Code   RO         2403    i.SPIDevInsert      dev_spi.o
    0x08002928   0x08002928   0x0000002a   Code   RO         2404    i.SPIDevRegister    dev_spi.o
    0x08002952   0x08002952   0x00000002   PAD
    0x08002954   0x08002954   0x00000008   Code   RO         2613    i.SPIDeviceGetHead  drv_spi.o
    0x0800295c   0x0800295c   0x00000004   Code   RO         2614    i.SPIDeviceNum      drv_spi.o
    0x08002960   0x08002960   0x0000000c   Code   RO         2615    i.SPIDrvInit        drv_spi.o
    0x0800296c   0x0800296c   0x00000050   Code   RO         2616    i.SPIDrvRead        drv_spi.o
    0x080029bc   0x080029bc   0x00000050   Code   RO         2617    i.SPIDrvWrite       drv_spi.o
    0x08002a0c   0x08002a0c   0x00000074   Code   RO         2618    i.SPIDrvWriteRead   drv_spi.o
    0x08002a80   0x08002a80   0x00000030   Code   RO          442    i.SPI_2linesRxISR_16BIT  stm32f4xx_hal_spi.o
    0x08002ab0   0x08002ab0   0x00000030   Code   RO          443    i.SPI_2linesRxISR_8BIT  stm32f4xx_hal_spi.o
    0x08002ae0   0x08002ae0   0x00000030   Code   RO          444    i.SPI_2linesTxISR_16BIT  stm32f4xx_hal_spi.o
    0x08002b10   0x08002b10   0x00000030   Code   RO          445    i.SPI_2linesTxISR_8BIT  stm32f4xx_hal_spi.o
    0x08002b40   0x08002b40   0x00000090   Code   RO          448    i.SPI_CloseRxTx_ISR  stm32f4xx_hal_spi.o
    0x08002bd0   0x08002bd0   0x0000004c   Code   RO          449    i.SPI_CloseRx_ISR   stm32f4xx_hal_spi.o
    0x08002c1c   0x08002c1c   0x0000007c   Code   RO          450    i.SPI_CloseTx_ISR   stm32f4xx_hal_spi.o
    0x08002c98   0x08002c98   0x00000010   Code   RO          451    i.SPI_DMAAbortOnError  stm32f4xx_hal_spi.o
    0x08002ca8   0x08002ca8   0x00000022   Code   RO          452    i.SPI_DMAError      stm32f4xx_hal_spi.o
    0x08002cca   0x08002cca   0x0000000a   Code   RO          453    i.SPI_DMAHalfReceiveCplt  stm32f4xx_hal_spi.o
    0x08002cd4   0x08002cd4   0x0000000a   Code   RO          454    i.SPI_DMAHalfTransmitCplt  stm32f4xx_hal_spi.o
    0x08002cde   0x08002cde   0x0000000a   Code   RO          455    i.SPI_DMAHalfTransmitReceiveCplt  stm32f4xx_hal_spi.o
    0x08002ce8   0x08002ce8   0x0000006a   Code   RO          456    i.SPI_DMAReceiveCplt  stm32f4xx_hal_spi.o
    0x08002d52   0x08002d52   0x00000064   Code   RO          458    i.SPI_DMATransmitCplt  stm32f4xx_hal_spi.o
    0x08002db6   0x08002db6   0x0000005a   Code   RO          459    i.SPI_DMATransmitReceiveCplt  stm32f4xx_hal_spi.o
    0x08002e10   0x08002e10   0x0000005c   Code   RO          461    i.SPI_EndRxTransaction  stm32f4xx_hal_spi.o
    0x08002e6c   0x08002e6c   0x00000058   Code   RO          462    i.SPI_EndRxTxTransaction  stm32f4xx_hal_spi.o
    0x08002ec4   0x08002ec4   0x00000020   Code   RO          463    i.SPI_RxISR_16BIT   stm32f4xx_hal_spi.o
    0x08002ee4   0x08002ee4   0x00000020   Code   RO          464    i.SPI_RxISR_8BIT    stm32f4xx_hal_spi.o
    0x08002f04   0x08002f04   0x00000020   Code   RO          465    i.SPI_TxISR_16BIT   stm32f4xx_hal_spi.o
    0x08002f24   0x08002f24   0x00000020   Code   RO          466    i.SPI_TxISR_8BIT    stm32f4xx_hal_spi.o
    0x08002f44   0x08002f44   0x000000b8   Code   RO          467    i.SPI_WaitFlagStateUntilTimeout  stm32f4xx_hal_spi.o
    0x08002ffc   0x08002ffc   0x00000034   Code   RO         2462    i.ST7789VDisplayOFF  dev_st7789v.o
    0x08003030   0x08003030   0x00000034   Code   RO         2463    i.ST7789VDisplayON  dev_st7789v.o
    0x08003064   0x08003064   0x00000094   Code   RO         2464    i.ST7789VFlush      dev_st7789v.o
    0x080030f8   0x080030f8   0x000002ac   Code   RO         2465    i.ST7789VInit       dev_st7789v.o
    0x080033a4   0x080033a4   0x000000c4   Code   RO         2466    i.ST7789VSetDisplayWindow  dev_st7789v.o
    0x08003468   0x08003468   0x00000022   Code   RO         2467    i.ST7789VSetPixel   dev_st7789v.o
    0x0800348a   0x0800348a   0x00000002   Code   RO          298    i.SVC_Handler       stm32f4xx_it.o
    0x0800348c   0x0800348c   0x00000070   Code   RO         2468    i.SetPixelFormat    dev_st7789v.o
    0x080034fc   0x080034fc   0x00000004   Code   RO          299    i.SysTick_Handler   stm32f4xx_it.o
    0x08003500   0x08003500   0x00000094   Code   RO           14    i.SystemClock_Config  main.o
    0x08003594   0x08003594   0x00000010   Code   RO         2261    i.SystemInit        system_stm32f4xx.o
    0x080035a4   0x080035a4   0x00000028   Code   RO         2431    i.UARTDevFind       dev_uart.o
    0x080035cc   0x080035cc   0x0000001c   Code   RO         2432    i.UARTDevInsert     dev_uart.o
    0x080035e8   0x080035e8   0x0000002a   Code   RO         2433    i.UARTDevRegister   dev_uart.o
    0x08003612   0x08003612   0x00000002   PAD
    0x08003614   0x08003614   0x00000008   Code   RO         2705    i.UARTDeviceGetHead  drv_uart.o
    0x0800361c   0x0800361c   0x00000004   Code   RO         2706    i.UARTDeviceNum     drv_uart.o
    0x08003620   0x08003620   0x00000058   Code   RO         2707    i.UARTDrvInit       drv_uart.o
    0x08003678   0x08003678   0x0000002c   Code   RO         2708    i.UARTDrvRead       drv_uart.o
    0x080036a4   0x080036a4   0x00000040   Code   RO         2709    i.UARTDrvWrite      drv_uart.o
    0x080036e4   0x080036e4   0x00000010   Code   RO         1945    i.UART_DMAAbortOnError  stm32f4xx_hal_uart.o
    0x080036f4   0x080036f4   0x0000004e   Code   RO         1955    i.UART_EndRxTransfer  stm32f4xx_hal_uart.o
    0x08003742   0x08003742   0x000000c0   Code   RO         1957    i.UART_Receive_IT   stm32f4xx_hal_uart.o
    0x08003802   0x08003802   0x00000002   PAD
    0x08003804   0x08003804   0x0000010c   Code   RO         1958    i.UART_SetConfig    stm32f4xx_hal_uart.o
    0x08003910   0x08003910   0x0000003a   Code   RO         1960    i.UART_Start_Receive_IT  stm32f4xx_hal_uart.o
    0x0800394a   0x0800394a   0x00000002   PAD
    0x0800394c   0x0800394c   0x0000000c   Code   RO          300    i.USART1_IRQHandler  stm32f4xx_it.o
    0x08003958   0x08003958   0x00000002   Code   RO          301    i.UsageFault_Handler  stm32f4xx_it.o
    0x0800395a   0x0800395a   0x00000002   PAD
    0x0800395c   0x0800395c   0x00000014   Code   RO         2619    i.WaitRxComplete    drv_spi.o
    0x08003970   0x08003970   0x00000014   Code   RO         2620    i.WaitTxComplete    drv_spi.o
    0x08003984   0x08003984   0x00000014   Code   RO         2621    i.WaitTxRxComplete  drv_spi.o
    0x08003998   0x08003998   0x00000024   Code   RO         2469    i.WriteData         dev_st7789v.o
    0x080039bc   0x080039bc   0x0000005c   Code   RO         2470    i.WriteRegister     dev_st7789v.o
    0x08003a18   0x08003a18   0x00000020   Code   RO         1492    i.__NVIC_SetPriority  stm32f4xx_hal_cortex.o
    0x08003a38   0x08003a38   0x0000006c   Code   RO         2295    i.app_st7789_test   app_st7789v_test.o
    0x08003aa4   0x08003aa4   0x0000002c   Code   RO         2822    i.fputc             printf.o
    0x08003ad0   0x08003ad0   0x0000001e   Code   RO           15    i.main              main.o
    0x08003aee   0x08003aee   0x00000022   Code   RO         2844    i.mdelay            my_delay.o
    0x08003b10   0x08003b10   0x0000000a   Code   RO         3135    x$fpl$fpinit        fz_wm.l(fpinit.o)
    0x08003b1a   0x08003b1a   0x00000008   Data   RO         1209    .constdata          stm32f4xx_hal_dma.o
    0x08003b22   0x08003b22   0x00000010   Data   RO         2262    .constdata          system_stm32f4xx.o
    0x08003b32   0x08003b32   0x00000008   Data   RO         2263    .constdata          system_stm32f4xx.o
    0x08003b3a   0x08003b3a   0x00000028   Data   RO         2952    .constdata          c_w.l(_printf_hex_int.o)
    0x08003b62   0x08003b62   0x00000002   PAD
    0x08003b64   0x08003b64   0x00000008   Data   RO         2471    .conststring        dev_st7789v.o
    0x08003b6c   0x08003b6c   0x00000055   Data   RO         2541    .conststring        drv_gpio.o
    0x08003bc1   0x08003bc1   0x00000003   PAD
    0x08003bc4   0x08003bc4   0x00000005   Data   RO         2622    .conststring        drv_spi.o
    0x08003bc9   0x08003bc9   0x00000003   PAD
    0x08003bcc   0x08003bcc   0x0000000b   Data   RO         2711    .conststring        drv_uart.o
    0x08003bd7   0x08003bd7   0x00000001   PAD
    0x08003bd8   0x08003bd8   0x00000020   Data   RO         3228    Region$$Table       anon$$obj.o


    Execution Region RW_IRAM1 (Exec base: 0x20000000, Load base: 0x08003bf8, Size: 0x00001d88, Max: 0x0001c000, ABSOLUTE, COMPRESSED[0x000000c8])

    Exec Addr    Load Addr    Size         Type   Attr      Idx    E Section Name        Object

    0x20000000   COMPRESSED   0x0000000c   Data   RW         1636    .data               stm32f4xx_hal.o
    0x2000000c   COMPRESSED   0x00000004   Data   RW         2264    .data               system_stm32f4xx.o
    0x20000010   COMPRESSED   0x00000004   Data   RW         2373    .data               dev_gpio.o
    0x20000014   COMPRESSED   0x00000004   Data   RW         2405    .data               dev_spi.o
    0x20000018   COMPRESSED   0x00000004   Data   RW         2434    .data               dev_uart.o
    0x2000001c   COMPRESSED   0x0000002c   Data   RW         2472    .data               dev_st7789v.o
    0x20000048   COMPRESSED   0x000001b0   Data   RW         2542    .data               drv_gpio.o
    0x200001f8   COMPRESSED   0x00000024   Data   RW         2623    .data               drv_spi.o
    0x2000021c   COMPRESSED   0x00000020   Data   RW         2712    .data               drv_uart.o
    0x2000023c   COMPRESSED   0x00000004   Data   RW         2823    .data               printf.o
    0x20000240        -       0x00000118   Zero   RW          208    .bss                spi.o
    0x20000358        -       0x00000044   Zero   RW          250    .bss                usart.o
    0x2000039c        -       0x00001388   Zero   RW         2297    .bss                app_st7789v_test.o
    0x20001724        -       0x00000060   Zero   RW         3093    .bss                c_w.l(libspace.o)
    0x20001784   COMPRESSED   0x00000004   PAD
    0x20001788        -       0x00000200   Zero   RW            2    HEAP                startup_stm32f407xx.o
    0x20001988        -       0x00000400   Zero   RW            1    STACK               startup_stm32f407xx.o


    Execution Region RW_IRAM2 (Exec base: 0x2001c000, Load base: 0x08003cc0, Size: 0x00000000, Max: 0x00004000, ABSOLUTE)

    **** No section assigned to this execution region ****


==============================================================================

Image component sizes


      Code (inc. data)   RO Data    RW Data    ZI Data      Debug   Object Name

       108          4          0          0       5000       4364   app_st7789v_test.o
       104         12          0          4          0       3024   dev_gpio.o
       110         10          0          4          0       3033   dev_spi.o
      1542        404          8         44          0      11089   dev_st7789v.o
       110         10          0          4          0       3028   dev_uart.o
        60          4          0          0          0        802   dma.o
       348         48         85        432          0       4575   drv_gpio.o
       396         48          5         36          0       8046   drv_spi.o
       264         58         11         32          0       5362   drv_uart.o
       288         22          0          0          0       1135   gpio.o
       182         10          0          0          0     666092   main.o
        34          0          0          0          0        617   my_delay.o
        44         12          0          4          0       2418   printf.o
       380         18          0          0          0       4762   ring_buffer.o
       300         30          0          0        280       1907   spi.o
        64         26        392          0       1536        852   startup_stm32f407xx.o
       180         28          0         12          0       9485   stm32f4xx_hal.o
       198         14          0          0          0      34015   stm32f4xx_hal_cortex.o
      1084         16          8          0          0       7438   stm32f4xx_hal_dma.o
       516         46          0          0          0       2895   stm32f4xx_hal_gpio.o
        48          6          0          0          0        874   stm32f4xx_hal_msp.o
      1344         72          0          0          0       5300   stm32f4xx_hal_rcc.o
      3092        112          0          0          0      25576   stm32f4xx_hal_spi.o
      1434         16          0          0          0       9577   stm32f4xx_hal_uart.o
        68         24          0          0          0       6192   stm32f4xx_it.o
        16          4         24          4          0       1159   system_stm32f4xx.o
       180         22          0          0         68       1762   usart.o

    ----------------------------------------------------------------------
     12532       1076        572        576       6884     825379   Object Totals
         0          0         32          0          0          0   (incl. Generated)
        38          0          7          0          0          0   (incl. Padding)

    ----------------------------------------------------------------------

      Code (inc. data)   RO Data    RW Data    ZI Data      Debug   Library Member Name

        90          0          0          0          0          0   __dczerorl2.o
         8          0          0          0          0         68   __main.o
       104          0          0          0          0         84   __printf.o
         0          0          0          0          0          0   __rtentry.o
        12          0          0          0          0          0   __rtentry2.o
         6          0          0          0          0          0   __rtentry4.o
        52          8          0          0          0          0   __scatter.o
        28          0          0          0          0          0   __scatter_zi.o
        48          6          0          0          0         96   _printf_char_common.o
        36          4          0          0          0         80   _printf_char_file.o
         6          0          0          0          0          0   _printf_d.o
       120         16          0          0          0         92   _printf_dec.o
        88          4         40          0          0         88   _printf_hex_int.o
       178          0          0          0          0         88   _printf_intcommon.o
         0          0          0          0          0          0   _printf_percent.o
         4          0          0          0          0          0   _printf_percent_end.o
         6          0          0          0          0          0   _printf_x.o
        10          0          0          0          0         68   defsig_exit.o
        50          0          0          0          0         88   defsig_general.o
        80         58          0          0          0         76   defsig_rtmem_inner.o
        14          0          0          0          0         80   defsig_rtmem_outer.o
        18          0          0          0          0         80   exit.o
         8          0          0          0          0         68   ferror.o
        94          0          0          0          0         80   h1_alloc.o
        52          0          0          0          0         68   h1_extend.o
        78          0          0          0          0         80   h1_free.o
        14          0          0          0          0         84   h1_init.o
         6          0          0          0          0        152   heapauxi.o
         4          0          0          0          0        136   hguard.o
         0          0          0          0          0          0   indicate_semi.o
       138          0          0          0          0        168   init_alloc.o
         2          0          0          0          0          0   libinit.o
        14          0          0          0          0          0   libinit2.o
         2          0          0          0          0          0   libshutdown.o
         2          0          0          0          0          0   libshutdown2.o
         8          4          0          0         96         68   libspace.o
       238          0          0          0          0        100   lludivv7m.o
         0          0          0          0          0          0   maybetermalloc1.o
        24          4          0          0          0         84   noretval__2printf.o
         8          4          0          0          0         68   rt_heap_descriptor_intlibspace.o
        68          0          0          0          0         68   rt_memclr.o
        78          0          0          0          0         80   rt_memclr_w.o
       138          0          0          0          0         68   rt_memcpy_v6.o
       100          0          0          0          0         80   rt_memcpy_w.o
         2          0          0          0          0          0   rtexit.o
        10          0          0          0          0          0   rtexit2.o
        36          0          0          0          0         80   strstr.o
        12          4          0          0          0         68   sys_exit.o
        74          0          0          0          0         80   sys_stackheap_outer.o
        14          0          0          0          0         76   sys_wrch.o
         2          0          0          0          0         68   use_no_semi.o
        10          0          0          0          0        116   fpinit.o

    ----------------------------------------------------------------------
      2206        112         42          0        100       2928   Library Totals
        12          0          2          0          4          0   (incl. Padding)

    ----------------------------------------------------------------------

      Code (inc. data)   RO Data    RW Data    ZI Data      Debug   Library Name

      2184        112         40          0         96       2812   c_w.l
        10          0          0          0          0        116   fz_wm.l

    ----------------------------------------------------------------------
      2206        112         42          0        100       2928   Library Totals

    ----------------------------------------------------------------------

==============================================================================


      Code (inc. data)   RO Data    RW Data    ZI Data      Debug   

     14738       1188        614        576       6984     812747   Grand Totals
     14738       1188        614        200       6984     812747   ELF Image Totals (compressed)
     14738       1188        614        200          0          0   ROM Totals

==============================================================================

    Total RO  Size (Code + RO Data)                15352 (  14.99kB)
    Total RW  Size (RW Data + ZI Data)              7560 (   7.38kB)
    Total ROM Size (Code + RO Data + RW Data)      15552 (  15.19kB)

==============================================================================

